Archive member included to satisfy reference by file (symbol)

/Applications/STM32CubeIDE.app/Contents/Eclipse/plugins/com.st.stm32cube.ide.mcu.externaltools.gnu-tools-for-stm32.12.3.rel1.macos64_1.0.200.202406191456/tools/bin/../lib/gcc/arm-none-eabi/12.3.1/../../../../arm-none-eabi/lib/thumb/v7e-m+fp/hard/libc_nano.a(libc_a-exit.o)
                              /Applications/STM32CubeIDE.app/Contents/Eclipse/plugins/com.st.stm32cube.ide.mcu.externaltools.gnu-tools-for-stm32.12.3.rel1.macos64_1.0.200.202406191456/tools/bin/../lib/gcc/arm-none-eabi/12.3.1/../../../../arm-none-eabi/lib/thumb/v7e-m+fp/hard/crt0.o (exit)
/Applications/STM32CubeIDE.app/Contents/Eclipse/plugins/com.st.stm32cube.ide.mcu.externaltools.gnu-tools-for-stm32.12.3.rel1.macos64_1.0.200.202406191456/tools/bin/../lib/gcc/arm-none-eabi/12.3.1/../../../../arm-none-eabi/lib/thumb/v7e-m+fp/hard/libc_nano.a(libc_a-snprintf.o)
                              ./Core/Src/time.o (snprintf)
/Applications/STM32CubeIDE.app/Contents/Eclipse/plugins/com.st.stm32cube.ide.mcu.externaltools.gnu-tools-for-stm32.12.3.rel1.macos64_1.0.200.202406191456/tools/bin/../lib/gcc/arm-none-eabi/12.3.1/../../../../arm-none-eabi/lib/thumb/v7e-m+fp/hard/libc_nano.a(libc_a-findfp.o)
                              /Applications/STM32CubeIDE.app/Contents/Eclipse/plugins/com.st.stm32cube.ide.mcu.externaltools.gnu-tools-for-stm32.12.3.rel1.macos64_1.0.200.202406191456/tools/bin/../lib/gcc/arm-none-eabi/12.3.1/../../../../arm-none-eabi/lib/thumb/v7e-m+fp/hard/libc_nano.a(libc_a-exit.o) (__stdio_exit_handler)
/Applications/STM32CubeIDE.app/Contents/Eclipse/plugins/com.st.stm32cube.ide.mcu.externaltools.gnu-tools-for-stm32.12.3.rel1.macos64_1.0.200.202406191456/tools/bin/../lib/gcc/arm-none-eabi/12.3.1/../../../../arm-none-eabi/lib/thumb/v7e-m+fp/hard/libc_nano.a(libc_a-fwalk.o)
                              /Applications/STM32CubeIDE.app/Contents/Eclipse/plugins/com.st.stm32cube.ide.mcu.externaltools.gnu-tools-for-stm32.12.3.rel1.macos64_1.0.200.202406191456/tools/bin/../lib/gcc/arm-none-eabi/12.3.1/../../../../arm-none-eabi/lib/thumb/v7e-m+fp/hard/libc_nano.a(libc_a-findfp.o) (_fwalk_sglue)
/Applications/STM32CubeIDE.app/Contents/Eclipse/plugins/com.st.stm32cube.ide.mcu.externaltools.gnu-tools-for-stm32.12.3.rel1.macos64_1.0.200.202406191456/tools/bin/../lib/gcc/arm-none-eabi/12.3.1/../../../../arm-none-eabi/lib/thumb/v7e-m+fp/hard/libc_nano.a(libc_a-memset.o)
                              /Applications/STM32CubeIDE.app/Contents/Eclipse/plugins/com.st.stm32cube.ide.mcu.externaltools.gnu-tools-for-stm32.12.3.rel1.macos64_1.0.200.202406191456/tools/bin/../lib/gcc/arm-none-eabi/12.3.1/../../../../arm-none-eabi/lib/thumb/v7e-m+fp/hard/crt0.o (memset)
/Applications/STM32CubeIDE.app/Contents/Eclipse/plugins/com.st.stm32cube.ide.mcu.externaltools.gnu-tools-for-stm32.12.3.rel1.macos64_1.0.200.202406191456/tools/bin/../lib/gcc/arm-none-eabi/12.3.1/../../../../arm-none-eabi/lib/thumb/v7e-m+fp/hard/libc_nano.a(libc_a-impure.o)
                              /Applications/STM32CubeIDE.app/Contents/Eclipse/plugins/com.st.stm32cube.ide.mcu.externaltools.gnu-tools-for-stm32.12.3.rel1.macos64_1.0.200.202406191456/tools/bin/../lib/gcc/arm-none-eabi/12.3.1/../../../../arm-none-eabi/lib/thumb/v7e-m+fp/hard/libc_nano.a(libc_a-snprintf.o) (_impure_ptr)
/Applications/STM32CubeIDE.app/Contents/Eclipse/plugins/com.st.stm32cube.ide.mcu.externaltools.gnu-tools-for-stm32.12.3.rel1.macos64_1.0.200.202406191456/tools/bin/../lib/gcc/arm-none-eabi/12.3.1/../../../../arm-none-eabi/lib/thumb/v7e-m+fp/hard/libc_nano.a(libc_a-errno.o)
                              ./Core/Src/syscalls.o (__errno)
/Applications/STM32CubeIDE.app/Contents/Eclipse/plugins/com.st.stm32cube.ide.mcu.externaltools.gnu-tools-for-stm32.12.3.rel1.macos64_1.0.200.202406191456/tools/bin/../lib/gcc/arm-none-eabi/12.3.1/../../../../arm-none-eabi/lib/thumb/v7e-m+fp/hard/libc_nano.a(libc_a-init.o)
                              /Applications/STM32CubeIDE.app/Contents/Eclipse/plugins/com.st.stm32cube.ide.mcu.externaltools.gnu-tools-for-stm32.12.3.rel1.macos64_1.0.200.202406191456/tools/bin/../lib/gcc/arm-none-eabi/12.3.1/../../../../arm-none-eabi/lib/thumb/v7e-m+fp/hard/crt0.o (__libc_init_array)
/Applications/STM32CubeIDE.app/Contents/Eclipse/plugins/com.st.stm32cube.ide.mcu.externaltools.gnu-tools-for-stm32.12.3.rel1.macos64_1.0.200.202406191456/tools/bin/../lib/gcc/arm-none-eabi/12.3.1/../../../../arm-none-eabi/lib/thumb/v7e-m+fp/hard/libc_nano.a(libc_a-lock.o)
                              /Applications/STM32CubeIDE.app/Contents/Eclipse/plugins/com.st.stm32cube.ide.mcu.externaltools.gnu-tools-for-stm32.12.3.rel1.macos64_1.0.200.202406191456/tools/bin/../lib/gcc/arm-none-eabi/12.3.1/../../../../arm-none-eabi/lib/thumb/v7e-m+fp/hard/libc_nano.a(libc_a-findfp.o) (__retarget_lock_init_recursive)
[...]
Memory Configuration

Name             Origin             Length             Attributes
CCMRAM           0x10000000         0x00010000         xrw
RAM              0x20000000         0x00030000         xrw
FLASH            0x08000000         0x00200000         xr
*default*        0x00000000         0xffffffff

Linker script and memory map

LOAD /Applications/STM32CubeIDE.app/Contents/Eclipse/plugins/com.st.stm32cube.ide.mcu.externaltools.gnu-tools-for-stm32.12.3.rel1.macos64_1.0.200.202406191456/tools/bin/../lib/gcc/arm-none-eabi/12.3.1/thumb/v7e-m+fp/hard/crti.o
LOAD /Applications/STM32CubeIDE.app/Contents/Eclipse/plugins/com.st.stm32cube.ide.mcu.externaltools.gnu-tools-for-stm32.12.3.rel1.macos64_1.0.200.202406191456/tools/bin/../lib/gcc/arm-none-eabi/12.3.1/thumb/v7e-m+fp/hard/crtbegin.o
LOAD /Applications/STM32CubeIDE.app/Contents/Eclipse/plugins/com.st.stm32cube.ide.mcu.externaltools.gnu-tools-for-stm32.12.3.rel1.macos64_1.0.200.202406191456/tools/bin/../lib/gcc/arm-none-eabi/12.3.1/../../../../arm-none-eabi/lib/thumb/v7e-m+fp/hard/crt0.o
LOAD ./Core/Src/dma.o
LOAD ./Core/Src/gpio.o
LOAD ./Core/Src/i2c.o
LOAD ./Core/Src/main.o
LOAD ./Core/Src/rtc.o
LOAD ./Core/Src/screen.o
LOAD ./Core/Src/stm32f4xx_hal_msp.o
LOAD ./Core/Src/stm32f4xx_it.o
LOAD ./Core/Src/syscalls.o
LOAD ./Core/Src/sysmem.o
LOAD ./Core/Src/system_stm32f4xx.o
LOAD ./Core/Src/time.o
LOAD ./Core/Src/timer.o
LOAD ./Core/Startup/startup_stm32f427vitx.o
LOAD ./Drivers/STM32F4xx_HAL_Driver/Src/stm32f4xx_hal.o
LOAD ./Drivers/STM32F4xx_HAL_Driver/Src/stm32f4xx_hal_cortex.o
LOAD ./Drivers/STM32F4xx_HAL_Driver/Src/stm32f4xx_hal_dma.o
LOAD ./Drivers/STM32F4xx_HAL_Driver/Src/stm32f4xx_hal_dma_ex.o
LOAD ./Drivers/STM32F4xx_HAL_Driver/Src/stm32f4xx_hal_exti.o
LOAD ./Drivers/STM32F4xx_HAL_Driver/Src/stm32f4xx_hal_flash.o
LOAD ./Drivers/STM32F4xx_HAL_Driver/Src/stm32f4xx_hal_flash_ex.o
LOAD ./Drivers/STM32F4xx_HAL_Driver/Src/stm32f4xx_hal_flash_ramfunc.o
LOAD ./Drivers/STM32F4xx_HAL_Driver/Src/stm32f4xx_hal_gpio.o
LOAD ./Drivers/STM32F4xx_HAL_Driver/Src/stm32f4xx_hal_i2c.o
LOAD ./Drivers/STM32F4xx_HAL_Driver/Src/stm32f4xx_hal_i2c_ex.o
LOAD ./Drivers/STM32F4xx_HAL_Driver/Src/stm32f4xx_hal_pwr.o
LOAD ./Drivers/STM32F4xx_HAL_Driver/Src/stm32f4xx_hal_pwr_ex.o
LOAD ./Drivers/STM32F4xx_HAL_Driver/Src/stm32f4xx_hal_rcc.o
LOAD ./Drivers/STM32F4xx_HAL_Driver/Src/stm32f4xx_hal_rcc_ex.o
LOAD ./Drivers/STM32F4xx_HAL_Driver/Src/stm32f4xx_hal_rtc.o
LOAD ./Drivers/STM32F4xx_HAL_Driver/Src/stm32f4xx_hal_rtc_ex.o
LOAD ./Drivers/STM32F4xx_HAL_Driver/Src/stm32f4xx_hal_tim.o
LOAD ./Drivers/STM32F4xx_HAL_Driver/Src/stm32f4xx_hal_tim_ex.o
START GROUP
LOAD /Applications/STM32CubeIDE.app/Contents/Eclipse/plugins/com.st.stm32cube.ide.mcu.externaltools.gnu-tools-for-stm32.12.3.rel1.macos64_1.0.200.202406191456/tools/bin/../lib/gcc/arm-none-eabi/12.3.1/../../../../arm-none-eabi/lib/thumb/v7e-m+fp/hard/libc_nano.a
LOAD /Applications/STM32CubeIDE.app/Contents/Eclipse/plugins/com.st.stm32cube.ide.mcu.externaltools.gnu-tools-for-stm32.12.3.rel1.macos64_1.0.200.202406191456/tools/bin/../lib/gcc/arm-none-eabi/12.3.1/../../../../arm-none-eabi/lib/thumb/v7e-m+fp/hard/libm.a
END GROUP
START GROUP
LOAD /Applications/STM32CubeIDE.app/Contents/Eclipse/plugins/com.st.stm32cube.ide.mcu.externaltools.gnu-tools-for-stm32.12.3.rel1.macos64_1.0.200.202406191456/tools/bin/../lib/gcc/arm-none-eabi/12.3.1/thumb/v7e-m+fp/hard/libgcc.a
LOAD /Applications/STM32CubeIDE.app/Contents/Eclipse/plugins/com.st.stm32cube.ide.mcu.externaltools.gnu-tools-for-stm32.12.3.rel1.macos64_1.0.200.202406191456/tools/bin/../lib/gcc/arm-none-eabi/12.3.1/../../../../arm-none-eabi/lib/thumb/v7e-m+fp/hard/libc_nano.a
END GROUP
START GROUP
LOAD /Applications/STM32CubeIDE.app/Contents/Eclipse/plugins/com.st.stm32cube.ide.mcu.externaltools.gnu-tools-for-stm32.12.3.rel1.macos64_1.0.200.202406191456/tools/bin/../lib/gcc/arm-none-eabi/12.3.1/thumb/v7e-m+fp/hard/libgcc.a
LOAD /Applications/STM32CubeIDE.app/Contents/Eclipse/plugins/com.st.stm32cube.ide.mcu.externaltools.gnu-tools-for-stm32.12.3.rel1.macos64_1.0.200.202406191456/tools/bin/../lib/gcc/arm-none-eabi/12.3.1/../../../../arm-none-eabi/lib/thumb/v7e-m+fp/hard/libc_nano.a
LOAD /Applications/STM32CubeIDE.app/Contents/Eclipse/plugins/com.st.stm32cube.ide.mcu.externaltools.gnu-tools-for-stm32.12.3.rel1.macos64_1.0.200.202406191456/tools/bin/../lib/gcc/arm-none-eabi/12.3.1/../../../../arm-none-eabi/lib/thumb/v7e-m+fp/hard/libnosys.a
END GROUP
START GROUP
LOAD /Applications/STM32CubeIDE.app/Contents/Eclipse/plugins/com.st.stm32cube.ide.mcu.externaltools.gnu-tools-for-stm32.12.3.rel1.macos64_1.0.200.202406191456/tools/bin/../lib/gcc/arm-none-eabi/12.3.1/thumb/v7e-m+fp/hard/libgcc.a
LOAD /Applications/STM32CubeIDE.app/Contents/Eclipse/plugins/com.st.stm32cube.ide.mcu.externaltools.gnu-tools-for-stm32.12.3.rel1.macos64_1.0.200.202406191456/tools/bin/../lib/gcc/arm-none-eabi/12.3.1/../../../../arm-none-eabi/lib/thumb/v7e-m+fp/hard/libc_nano.a
LOAD /Applications/STM32CubeIDE.app/Contents/Eclipse/plugins/com.st.stm32cube.ide.mcu.externaltools.gnu-tools-for-stm32.12.3.rel1.macos64_1.0.200.202406191456/tools/bin/../lib/gcc/arm-none-eabi/12.3.1/../../../../arm-none-eabi/lib/thumb/v7e-m+fp/hard/libnosys.a
END GROUP
LOAD /Applications/STM32CubeIDE.app/Contents/Eclipse/plugins/com.st.stm32cube.ide.mcu.externaltools.gnu-tools-for-stm32.12.3.rel1.macos64_1.0.200.202406191456/tools/bin/../lib/gcc/arm-none-eabi/12.3.1/thumb/v7e-m+fp/hard/crtend.o
LOAD /Applications/STM32CubeIDE.app/Contents/Eclipse/plugins/com.st.stm32cube.ide.mcu.externaltools.gnu-tools-for-stm32.12.3.rel1.macos64_1.0.200.202406191456/tools/bin/../lib/gcc/arm-none-eabi/12.3.1/thumb/v7e-m+fp/hard/crtn.o
                0x20030000                        _estack = (ORIGIN (RAM) + LENGTH (RAM))
                0x00000200                        _Min_Heap_Size = 0x200
                0x00000400                        _Min_Stack_Size = 0x400

.isr_vector     0x08000000      0x1ac
                0x08000000                        . = ALIGN (0x4)
 *(.isr_vector)
 .isr_vector    0x08000000      0x1ac ./Core/Startup/startup_stm32f427vitx.o
                0x08000000                g_pfnVectors
                0x080001ac                        . = ALIGN (0x4)

.text           0x080001ac     0x5278
                0x080001ac                        . = ALIGN (0x4)
 *(.text)
 .text          0x080001ac       0x40 /Applications/STM32CubeIDE.app/Contents/Eclipse/plugins/com.st.stm32cube.ide.mcu.externaltools.gnu-tools-for-stm32.12.3.rel1.macos64_1.0.200.202406191456/tools/bin/../lib/gcc/arm-none-eabi/12.3.1/thumb/v7e-m+fp/hard/crtbegin.o
 .text          0x080001ec       0x30 /Applications/STM32CubeIDE.app/Contents/Eclipse/plugins/com.st.stm32cube.ide.mcu.externaltools.gnu-tools-for-stm32.12.3.rel1.macos64_1.0.200.202406191456/tools/bin/../lib/gcc/arm-none-eabi/12.3.1/thumb/v7e-m+fp/hard/libgcc.a(_aeabi_uldivmod.o)
                0x080001ec                __aeabi_uldivmod
 .text          0x0800021c      0x2bc /Applications/STM32CubeIDE.app/Contents/Eclipse/plugins/com.st.stm32cube.ide.mcu.externaltools.gnu-tools-for-stm32.12.3.rel1.macos64_1.0.200.202406191456/tools/bin/../lib/gcc/arm-none-eabi/12.3.1/thumb/v7e-m+fp/hard/libgcc.a(_udivmoddi4.o)
                0x0800021c                __udivmoddi4
 .text          0x080004d8        0x4 /Applications/STM32CubeIDE.app/Contents/Eclipse/plugins/com.st.stm32cube.ide.mcu.externaltools.gnu-tools-for-stm32.12.3.rel1.macos64_1.0.200.202406191456/tools/bin/../lib/gcc/arm-none-eabi/12.3.1/thumb/v7e-m+fp/hard/libgcc.a(_dvmd_tls.o)
                0x080004d8                __aeabi_ldiv0
                0x080004d8                __aeabi_idiv0
 *(.text*)
 .text.MX_DMA_Init
                0x080004dc       0x50 ./Core/Src/dma.o
                0x080004dc                MX_DMA_Init
 .text.MX_GPIO_Init
                0x0800052c       0xe4 ./Core/Src/gpio.o
                0x0800052c                MX_GPIO_Init
 .text.MX_I2C1_Init
                0x08000610       0x80 ./Core/Src/i2c.o
                0x08000610                MX_I2C1_Init
 .text.HAL_I2C_MspInit
                0x08000690      0x17c ./Core/Src/i2c.o
                0x08000690                HAL_I2C_MspInit
 .text.main     0x0800080c       0x3c ./Core/Src/main.o
                0x0800080c                main
 .text.SystemClock_Config
                0x08000848       0xe4 ./Core/Src/main.o
                0x08000848                SystemClock_Config
 .text.Error_Handler
                0x0800092c        0xc ./Core/Src/main.o
                0x0800092c                Error_Handler
 .text.MX_RTC_Init
                0x08000938      0x118 ./Core/Src/rtc.o
                0x08000938                MX_RTC_Init
 .text.HAL_RTC_MspInit
                0x08000a50       0x54 ./Core/Src/rtc.o
                0x08000a50                HAL_RTC_MspInit
 .text.screen_clear
                0x08000aa4       0x38 ./Core/Src/screen.o
                0x08000aa4                screen_clear
 .text.x_to_page_coord
                0x08000adc       0x16 ./Core/Src/screen.o
 .text.y_to_page_bit_number
                0x08000af2       0x1a ./Core/Src/screen.o
 .text.command_to_oled
                0x08000b0c       0x30 ./Core/Src/screen.o
 .text.move_cursor_start
                0x08000b3c       0x24 ./Core/Src/screen.o
 .text.screen_init
                0x08000b60       0xc2 ./Core/Src/screen.o
                0x08000b60                screen_init
 *fill*         0x08000c22        0x2 
 .text.screen_draw_pixel
                0x08000c24       0x58 ./Core/Src/screen.o
 .text.screen_write_char
                0x08000c7c       0x90 ./Core/Src/screen.o
 .text.screen_update
                0x08000d0c       0x48 ./Core/Src/screen.o
                0x08000d0c                screen_update
 .text.HAL_MspInit
                0x08000d54       0x50 ./Core/Src/stm32f4xx_hal_msp.o
                0x08000d54                HAL_MspInit
 .text.NMI_Handler
                0x08000da4        0x8 ./Core/Src/stm32f4xx_it.o
                0x08000da4                NMI_Handler
 .text.HardFault_Handler
                0x08000dac        0x8 ./Core/Src/stm32f4xx_it.o
                0x08000dac                HardFault_Handler
 .text.MemManage_Handler
                0x08000db4        0x8 ./Core/Src/stm32f4xx_it.o
                0x08000db4                MemManage_Handler
 .text.BusFault_Handler
                0x08000dbc        0x8 ./Core/Src/stm32f4xx_it.o
                0x08000dbc                BusFault_Handler
 .text.UsageFault_Handler
                0x08000dc4        0x8 ./Core/Src/stm32f4xx_it.o
                0x08000dc4                UsageFault_Handler
 .text.SVC_Handler
                0x08000dcc        0xe ./Core/Src/stm32f4xx_it.o
                0x08000dcc                SVC_Handler
 .text.DebugMon_Handler
                0x08000dda        0xe ./Core/Src/stm32f4xx_it.o
                0x08000dda                DebugMon_Handler
 .text.PendSV_Handler
                0x08000de8        0xe ./Core/Src/stm32f4xx_it.o
                0x08000de8                PendSV_Handler
 .text.SysTick_Handler
                0x08000df6        0xc ./Core/Src/stm32f4xx_it.o
                0x08000df6                SysTick_Handler
 *fill*         0x08000e02        0x2 
 .text.DMA1_Stream0_IRQHandler
                0x08000e04       0x14 ./Core/Src/stm32f4xx_it.o
                0x08000e04                DMA1_Stream0_IRQHandler
 .text.DMA1_Stream6_IRQHandler
                0x08000e18       0x14 ./Core/Src/stm32f4xx_it.o
                0x08000e18                DMA1_Stream6_IRQHandler
 .text.I2C1_EV_IRQHandler
                0x08000e2c       0x14 ./Core/Src/stm32f4xx_it.o
                0x08000e2c                I2C1_EV_IRQHandler
 .text.I2C1_ER_IRQHandler
                0x08000e40       0x14 ./Core/Src/stm32f4xx_it.o
                0x08000e40                I2C1_ER_IRQHandler
 .text.SystemInit
                0x08000e54       0x24 ./Core/Src/system_stm32f4xx.o
                0x08000e54                SystemInit
 .text.Reset_Handler
                0x08000e78       0x50 ./Core/Startup/startup_stm32f427vitx.o
                0x08000e78                Reset_Handler
 .text.Default_Handler
                0x08000ec8        0x2 ./Core/Startup/startup_stm32f427vitx.o
                0x08000ec8                DMA1_Stream3_IRQHandler
                0x08000ec8                HASH_RNG_IRQHandler
                0x08000ec8                EXTI2_IRQHandler
                0x08000ec8                TIM8_CC_IRQHandler
                0x08000ec8                UART8_IRQHandler
                0x08000ec8                SPI4_IRQHandler
                0x08000ec8                TIM1_CC_IRQHandler
                0x08000ec8                DMA2_Stream5_IRQHandler
                0x08000ec8                DMA1_Stream5_IRQHandler
                0x08000ec8                PVD_IRQHandler
                0x08000ec8                SDIO_IRQHandler
                0x08000ec8                TAMP_STAMP_IRQHandler
                0x08000ec8                CAN2_RX1_IRQHandler
                0x08000ec8                EXTI3_IRQHandler
                0x08000ec8                TIM8_TRG_COM_TIM14_IRQHandler
                0x08000ec8                TIM1_UP_TIM10_IRQHandler
                0x08000ec8                TIM8_UP_TIM13_IRQHandler
                0x08000ec8                I2C3_ER_IRQHandler
                0x08000ec8                EXTI0_IRQHandler
                0x08000ec8                I2C2_EV_IRQHandler
                0x08000ec8                DMA1_Stream2_IRQHandler
                0x08000ec8                CAN1_RX0_IRQHandler
                0x08000ec8                FPU_IRQHandler
                0x08000ec8                OTG_HS_WKUP_IRQHandler
                0x08000ec8                CAN2_SCE_IRQHandler
                0x08000ec8                DMA2_Stream2_IRQHandler
                0x08000ec8                SPI1_IRQHandler
                0x08000ec8                TIM6_DAC_IRQHandler
                0x08000ec8                TIM1_BRK_TIM9_IRQHandler
                0x08000ec8                DCMI_IRQHandler
                0x08000ec8                CAN2_RX0_IRQHandler
                0x08000ec8                DMA2_Stream3_IRQHandler
                0x08000ec8                USART6_IRQHandler
                0x08000ec8                USART3_IRQHandler
                0x08000ec8                CAN1_RX1_IRQHandler
                0x08000ec8                UART5_IRQHandler
                0x08000ec8                DMA2_Stream0_IRQHandler
                0x08000ec8                TIM4_IRQHandler
                0x08000ec8                DMA1_Stream1_IRQHandler
                0x08000ec8                UART4_IRQHandler
                0x08000ec8                TIM3_IRQHandler
                0x08000ec8                RCC_IRQHandler
                0x08000ec8                TIM8_BRK_TIM12_IRQHandler
                0x08000ec8                Default_Handler
                0x08000ec8                EXTI15_10_IRQHandler
                0x08000ec8                ADC_IRQHandler
                0x08000ec8                DMA1_Stream7_IRQHandler
                0x08000ec8                SPI5_IRQHandler
                0x08000ec8                TIM7_IRQHandler
                0x08000ec8                CAN2_TX_IRQHandler
                0x08000ec8                TIM5_IRQHandler
                0x08000ec8                DMA2_Stream7_IRQHandler
                0x08000ec8                I2C3_EV_IRQHandler
                0x08000ec8                EXTI9_5_IRQHandler
                0x08000ec8                RTC_WKUP_IRQHandler
                0x08000ec8                ETH_WKUP_IRQHandler
                0x08000ec8                SPI2_IRQHandler
                0x08000ec8                OTG_HS_EP1_IN_IRQHandler
                0x08000ec8                CAN1_TX_IRQHandler
                0x08000ec8                EXTI4_IRQHandler
                0x08000ec8                ETH_IRQHandler
                0x08000ec8                OTG_HS_EP1_OUT_IRQHandler
                0x08000ec8                WWDG_IRQHandler
                0x08000ec8                SPI6_IRQHandler
                0x08000ec8                TIM2_IRQHandler
                0x08000ec8                OTG_FS_WKUP_IRQHandler
                0x08000ec8                TIM1_TRG_COM_TIM11_IRQHandler
                0x08000ec8                OTG_HS_IRQHandler
                0x08000ec8                DMA2D_IRQHandler
                0x08000ec8                EXTI1_IRQHandler
                0x08000ec8                UART7_IRQHandler
                0x08000ec8                USART2_IRQHandler
                0x08000ec8                I2C2_ER_IRQHandler
                0x08000ec8                DMA2_Stream1_IRQHandler
                0x08000ec8                CAN1_SCE_IRQHandler
                0x08000ec8                FLASH_IRQHandler
                0x08000ec8                DMA2_Stream4_IRQHandler
                0x08000ec8                USART1_IRQHandler
                0x08000ec8                OTG_FS_IRQHandler
                0x08000ec8                SPI3_IRQHandler
                0x08000ec8                DMA1_Stream4_IRQHandler
                0x08000ec8                FMC_IRQHandler
                0x08000ec8                DMA2_Stream6_IRQHandler
                0x08000ec8                SAI1_IRQHandler
                0x08000ec8                RTC_Alarm_IRQHandler
 *fill*         0x08000eca        0x2 
 .text.HAL_Init
                0x08000ecc       0x44 ./Drivers/STM32F4xx_HAL_Driver/Src/stm32f4xx_hal.o
                0x08000ecc                HAL_Init
 .text.HAL_InitTick
                0x08000f10       0x60 ./Drivers/STM32F4xx_HAL_Driver/Src/stm32f4xx_hal.o
                0x08000f10                HAL_InitTick
 .text.HAL_IncTick
                0x08000f70       0x28 ./Drivers/STM32F4xx_HAL_Driver/Src/stm32f4xx_hal.o
                0x08000f70                HAL_IncTick
 .text.HAL_GetTick
                0x08000f98       0x18 ./Drivers/STM32F4xx_HAL_Driver/Src/stm32f4xx_hal.o
                0x08000f98                HAL_GetTick
 .text.HAL_Delay
                0x08000fb0       0x48 ./Drivers/STM32F4xx_HAL_Driver/Src/stm32f4xx_hal.o
                0x08000fb0                HAL_Delay
 .text.__NVIC_SetPriorityGrouping
                0x08000ff8       0x48 ./Drivers/STM32F4xx_HAL_Driver/Src/stm32f4xx_hal_cortex.o
 .text.__NVIC_GetPriorityGrouping
                0x08001040       0x1c ./Drivers/STM32F4xx_HAL_Driver/Src/stm32f4xx_hal_cortex.o
 .text.__NVIC_EnableIRQ
                0x0800105c       0x3c ./Drivers/STM32F4xx_HAL_Driver/Src/stm32f4xx_hal_cortex.o
 .text.__NVIC_SetPriority
                0x08001098       0x54 ./Drivers/STM32F4xx_HAL_Driver/Src/stm32f4xx_hal_cortex.o
 .text.NVIC_EncodePriority
                0x080010ec       0x66 ./Drivers/STM32F4xx_HAL_Driver/Src/stm32f4xx_hal_cortex.o
 *fill*         0x08001152        0x2 
 .text.SysTick_Config
                0x08001154       0x44 ./Drivers/STM32F4xx_HAL_Driver/Src/stm32f4xx_hal_cortex.o
 .text.HAL_NVIC_SetPriorityGrouping
                0x08001198       0x16 ./Drivers/STM32F4xx_HAL_Driver/Src/stm32f4xx_hal_cortex.o
                0x08001198                HAL_NVIC_SetPriorityGrouping
 .text.HAL_NVIC_SetPriority
                0x080011ae       0x38 ./Drivers/STM32F4xx_HAL_Driver/Src/stm32f4xx_hal_cortex.o
                0x080011ae                HAL_NVIC_SetPriority
 .text.HAL_NVIC_EnableIRQ
                0x080011e6       0x1c ./Drivers/STM32F4xx_HAL_Driver/Src/stm32f4xx_hal_cortex.o
                0x080011e6                HAL_NVIC_EnableIRQ
 .text.HAL_SYSTICK_Config
                0x08001202       0x18 ./Drivers/STM32F4xx_HAL_Driver/Src/stm32f4xx_hal_cortex.o
                0x08001202                HAL_SYSTICK_Config
 *fill*         0x0800121a        0x2 
 .text.HAL_DMA_Init
                0x0800121c      0x15c ./Drivers/STM32F4xx_HAL_Driver/Src/stm32f4xx_hal_dma.o
                0x0800121c                HAL_DMA_Init
 .text.HAL_DMA_Abort_IT
                0x08001378       0x44 ./Drivers/STM32F4xx_HAL_Driver/Src/stm32f4xx_hal_dma.o
                0x08001378                HAL_DMA_Abort_IT
 .text.HAL_DMA_IRQHandler
                0x080013bc      0x314 ./Drivers/STM32F4xx_HAL_Driver/Src/stm32f4xx_hal_dma.o
                0x080013bc                HAL_DMA_IRQHandler
 .text.HAL_DMA_GetState
                0x080016d0       0x1c ./Drivers/STM32F4xx_HAL_Driver/Src/stm32f4xx_hal_dma.o
                0x080016d0                HAL_DMA_GetState
 .text.DMA_CalcBaseAndBitshift
                0x080016ec       0x6c ./Drivers/STM32F4xx_HAL_Driver/Src/stm32f4xx_hal_dma.o
 .text.DMA_CheckFifoParam
                0x08001758       0xf8 ./Drivers/STM32F4xx_HAL_Driver/Src/stm32f4xx_hal_dma.o
 .text.HAL_GPIO_Init
                0x08001850      0x358 ./Drivers/STM32F4xx_HAL_Driver/Src/stm32f4xx_hal_gpio.o
                0x08001850                HAL_GPIO_Init
 .text.HAL_GPIO_WritePin
                0x08001ba8       0x32 ./Drivers/STM32F4xx_HAL_Driver/Src/stm32f4xx_hal_gpio.o
                0x08001ba8                HAL_GPIO_WritePin
 .text.HAL_GPIO_TogglePin
                0x08001bda       0x34 ./Drivers/STM32F4xx_HAL_Driver/Src/stm32f4xx_hal_gpio.o
                0x08001bda                HAL_GPIO_TogglePin
 *fill*         0x08001c0e        0x2 
 .text.HAL_I2C_Init
                0x08001c10      0x288 ./Drivers/STM32F4xx_HAL_Driver/Src/stm32f4xx_hal_i2c.o
                0x08001c10                HAL_I2C_Init
 .text.I2C_Flush_DR
                0x08001e98       0x2a ./Drivers/STM32F4xx_HAL_Driver/Src/stm32f4xx_hal_i2c.o
 *fill*         0x08001ec2        0x2 
 .text.HAL_I2C_Mem_Write
                0x08001ec4      0x1f4 ./Drivers/STM32F4xx_HAL_Driver/Src/stm32f4xx_hal_i2c.o
                0x08001ec4                HAL_I2C_Mem_Write
 .text.HAL_I2C_EV_IRQHandler
                0x080020b8      0x2a6 ./Drivers/STM32F4xx_HAL_Driver/Src/stm32f4xx_hal_i2c.o
                0x080020b8                HAL_I2C_EV_IRQHandler
 .text.HAL_I2C_ER_IRQHandler
                0x0800235e      0x13e ./Drivers/STM32F4xx_HAL_Driver/Src/stm32f4xx_hal_i2c.o
                0x0800235e                HAL_I2C_ER_IRQHandler
 .text.HAL_I2C_MasterTxCpltCallback
                0x0800249c       0x14 ./Drivers/STM32F4xx_HAL_Driver/Src/stm32f4xx_hal_i2c.o
                0x0800249c                HAL_I2C_MasterTxCpltCallback
 .text.HAL_I2C_MasterRxCpltCallback
                0x080024b0       0x14 ./Drivers/STM32F4xx_HAL_Driver/Src/stm32f4xx_hal_i2c.o
                0x080024b0                HAL_I2C_MasterRxCpltCallback
 .text.HAL_I2C_SlaveTxCpltCallback
                0x080024c4       0x14 ./Drivers/STM32F4xx_HAL_Driver/Src/stm32f4xx_hal_i2c.o
                0x080024c4                HAL_I2C_SlaveTxCpltCallback
 .text.HAL_I2C_SlaveRxCpltCallback
                0x080024d8       0x14 ./Drivers/STM32F4xx_HAL_Driver/Src/stm32f4xx_hal_i2c.o
                0x080024d8                HAL_I2C_SlaveRxCpltCallback
 .text.HAL_I2C_AddrCallback
                0x080024ec       0x1c ./Drivers/STM32F4xx_HAL_Driver/Src/stm32f4xx_hal_i2c.o
                0x080024ec                HAL_I2C_AddrCallback
 .text.HAL_I2C_ListenCpltCallback
                0x08002508       0x14 ./Drivers/STM32F4xx_HAL_Driver/Src/stm32f4xx_hal_i2c.o
                0x08002508                HAL_I2C_ListenCpltCallback
 .text.HAL_I2C_MemTxCpltCallback
                0x0800251c       0x14 ./Drivers/STM32F4xx_HAL_Driver/Src/stm32f4xx_hal_i2c.o
                0x0800251c                HAL_I2C_MemTxCpltCallback
 .text.HAL_I2C_MemRxCpltCallback
                0x08002530       0x14 ./Drivers/STM32F4xx_HAL_Driver/Src/stm32f4xx_hal_i2c.o
                0x08002530                HAL_I2C_MemRxCpltCallback
 .text.HAL_I2C_ErrorCallback
                0x08002544       0x14 ./Drivers/STM32F4xx_HAL_Driver/Src/stm32f4xx_hal_i2c.o
                0x08002544                HAL_I2C_ErrorCallback
 .text.HAL_I2C_AbortCpltCallback
                0x08002558       0x14 ./Drivers/STM32F4xx_HAL_Driver/Src/stm32f4xx_hal_i2c.o
                0x08002558                HAL_I2C_AbortCpltCallback
 .text.I2C_MasterTransmit_TXE
                0x0800256c      0x138 ./Drivers/STM32F4xx_HAL_Driver/Src/stm32f4xx_hal_i2c.o
 .text.I2C_MasterTransmit_BTF
                0x080026a4       0xec ./Drivers/STM32F4xx_HAL_Driver/Src/stm32f4xx_hal_i2c.o
 .text.I2C_MemoryTransmit_TXE_BTF
                0x08002790      0x130 ./Drivers/STM32F4xx_HAL_Driver/Src/stm32f4xx_hal_i2c.o
 .text.I2C_MasterReceive_RXNE
                0x080028c0      0x190 ./Drivers/STM32F4xx_HAL_Driver/Src/stm32f4xx_hal_i2c.o
 .text.I2C_MasterReceive_BTF
                0x08002a50      0x1ea ./Drivers/STM32F4xx_HAL_Driver/Src/stm32f4xx_hal_i2c.o
 .text.I2C_Master_SB
                0x08002c3a      0x10c ./Drivers/STM32F4xx_HAL_Driver/Src/stm32f4xx_hal_i2c.o
 .text.I2C_Master_ADD10
                0x08002d46       0x54 ./Drivers/STM32F4xx_HAL_Driver/Src/stm32f4xx_hal_i2c.o
 .text.I2C_Master_ADDR
                0x08002d9a      0x322 ./Drivers/STM32F4xx_HAL_Driver/Src/stm32f4xx_hal_i2c.o
 .text.I2C_SlaveTransmit_TXE
                0x080030bc       0x7a ./Drivers/STM32F4xx_HAL_Driver/Src/stm32f4xx_hal_i2c.o
 .text.I2C_SlaveTransmit_BTF
                0x08003136       0x42 ./Drivers/STM32F4xx_HAL_Driver/Src/stm32f4xx_hal_i2c.o
 .text.I2C_SlaveReceive_RXNE
                0x08003178       0x7c ./Drivers/STM32F4xx_HAL_Driver/Src/stm32f4xx_hal_i2c.o
 .text.I2C_SlaveReceive_BTF
                0x080031f4       0x44 ./Drivers/STM32F4xx_HAL_Driver/Src/stm32f4xx_hal_i2c.o
 .text.I2C_Slave_ADDR
                0x08003238       0x90 ./Drivers/STM32F4xx_HAL_Driver/Src/stm32f4xx_hal_i2c.o
 .text.I2C_Slave_STOPF
                0x080032c8      0x260 ./Drivers/STM32F4xx_HAL_Driver/Src/stm32f4xx_hal_i2c.o
 .text.I2C_Slave_AF
                0x08003528       0xe8 ./Drivers/STM32F4xx_HAL_Driver/Src/stm32f4xx_hal_i2c.o
 .text.I2C_ITError
                0x08003610      0x264 ./Drivers/STM32F4xx_HAL_Driver/Src/stm32f4xx_hal_i2c.o
 .text.I2C_RequestMemoryWrite
                0x08003874      0x12c ./Drivers/STM32F4xx_HAL_Driver/Src/stm32f4xx_hal_i2c.o
 .text.I2C_DMAAbort
                0x080039a0      0x150 ./Drivers/STM32F4xx_HAL_Driver/Src/stm32f4xx_hal_i2c.o
 .text.I2C_WaitOnFlagUntilTimeout
                0x08003af0       0xf4 ./Drivers/STM32F4xx_HAL_Driver/Src/stm32f4xx_hal_i2c.o
 .text.I2C_WaitOnMasterAddressFlagUntilTimeout
                0x08003be4      0x140 ./Drivers/STM32F4xx_HAL_Driver/Src/stm32f4xx_hal_i2c.o
 .text.I2C_WaitOnTXEFlagUntilTimeout
                0x08003d24       0x90 ./Drivers/STM32F4xx_HAL_Driver/Src/stm32f4xx_hal_i2c.o
 .text.I2C_WaitOnBTFFlagUntilTimeout
                0x08003db4       0x90 ./Drivers/STM32F4xx_HAL_Driver/Src/stm32f4xx_hal_i2c.o
 .text.I2C_WaitOnSTOPRequestThroughIT
                0x08003e44       0x64 ./Drivers/STM32F4xx_HAL_Driver/Src/stm32f4xx_hal_i2c.o
 .text.I2C_IsAcknowledgeFailed
                0x08003ea8       0x5e ./Drivers/STM32F4xx_HAL_Driver/Src/stm32f4xx_hal_i2c.o
 .text.I2C_ConvertOtherXferOptions
                0x08003f06       0x36 ./Drivers/STM32F4xx_HAL_Driver/Src/stm32f4xx_hal_i2c.o
 .text.HAL_I2CEx_ConfigAnalogFilter
                0x08003f3c       0x78 ./Drivers/STM32F4xx_HAL_Driver/Src/stm32f4xx_hal_i2c_ex.o
                0x08003f3c                HAL_I2CEx_ConfigAnalogFilter
 .text.HAL_I2CEx_ConfigDigitalFilter
                0x08003fb4       0x7e ./Drivers/STM32F4xx_HAL_Driver/Src/stm32f4xx_hal_i2c_ex.o
                0x08003fb4                HAL_I2CEx_ConfigDigitalFilter
 *fill*         0x08004032        0x2 
 .text.HAL_PWREx_EnableOverDrive
                0x08004034       0xa0 ./Drivers/STM32F4xx_HAL_Driver/Src/stm32f4xx_hal_pwr_ex.o
                0x08004034                HAL_PWREx_EnableOverDrive
 .text.HAL_RCC_OscConfig
                0x080040d4      0x4f0 ./Drivers/STM32F4xx_HAL_Driver/Src/stm32f4xx_hal_rcc.o
                0x080040d4                HAL_RCC_OscConfig
 .text.HAL_RCC_ClockConfig
                0x080045c4      0x1cc ./Drivers/STM32F4xx_HAL_Driver/Src/stm32f4xx_hal_rcc.o
                0x080045c4                HAL_RCC_ClockConfig
 .text.HAL_RCC_GetSysClockFreq
                0x08004790      0x18c ./Drivers/STM32F4xx_HAL_Driver/Src/stm32f4xx_hal_rcc.o
                0x08004790                HAL_RCC_GetSysClockFreq
 .text.HAL_RCC_GetHCLKFreq
                0x0800491c       0x18 ./Drivers/STM32F4xx_HAL_Driver/Src/stm32f4xx_hal_rcc.o
                0x0800491c                HAL_RCC_GetHCLKFreq
 .text.HAL_RCC_GetPCLK1Freq
                0x08004934       0x28 ./Drivers/STM32F4xx_HAL_Driver/Src/stm32f4xx_hal_rcc.o
                0x08004934                HAL_RCC_GetPCLK1Freq
 .text.HAL_RCCEx_PeriphCLKConfig
                0x0800495c      0x380 ./Drivers/STM32F4xx_HAL_Driver/Src/stm32f4xx_hal_rcc_ex.o
                0x0800495c                HAL_RCCEx_PeriphCLKConfig
 .text.HAL_RTC_Init
                0x08004cdc      0x106 ./Drivers/STM32F4xx_HAL_Driver/Src/stm32f4xx_hal_rtc.o
                0x08004cdc                HAL_RTC_Init
 .text.HAL_RTC_SetTime
                0x08004de2      0x134 ./Drivers/STM32F4xx_HAL_Driver/Src/stm32f4xx_hal_rtc.o
                0x08004de2                HAL_RTC_SetTime
 .text.HAL_RTC_SetDate
                0x08004f16      0x108 ./Drivers/STM32F4xx_HAL_Driver/Src/stm32f4xx_hal_rtc.o
                0x08004f16                HAL_RTC_SetDate
 .text.HAL_RTC_SetAlarm
                0x0800501e      0x254 ./Drivers/STM32F4xx_HAL_Driver/Src/stm32f4xx_hal_rtc.o
                0x0800501e                HAL_RTC_SetAlarm
 *fill*         0x08005272        0x2 
 .text.HAL_RTC_WaitForSynchro
                0x08005274       0x4c ./Drivers/STM32F4xx_HAL_Driver/Src/stm32f4xx_hal_rtc.o
                0x08005274                HAL_RTC_WaitForSynchro
 .text.RTC_EnterInitMode
                0x080052c0       0x6e ./Drivers/STM32F4xx_HAL_Driver/Src/stm32f4xx_hal_rtc.o
                0x080052c0                RTC_EnterInitMode
 .text.RTC_ExitInitMode
                0x0800532e       0x4a ./Drivers/STM32F4xx_HAL_Driver/Src/stm32f4xx_hal_rtc.o
                0x0800532e                RTC_ExitInitMode
 .text.RTC_ByteToBcd2
                0x08005378       0x3c ./Drivers/STM32F4xx_HAL_Driver/Src/stm32f4xx_hal_rtc.o
                0x08005378                RTC_ByteToBcd2
 .text.memset   0x080053b4       0x10 /Applications/STM32CubeIDE.app/Contents/Eclipse/plugins/com.st.stm32cube.ide.mcu.externaltools.gnu-tools-for-stm32.12.3.rel1.macos64_1.0.200.202406191456/tools/bin/../lib/gcc/arm-none-eabi/12.3.1/../../../../arm-none-eabi/lib/thumb/v7e-m+fp/hard/libc_nano.a(libc_a-memset.o)
                0x080053b4                memset
 .text.__libc_init_array
                0x080053c4       0x48 /Applications/STM32CubeIDE.app/Contents/Eclipse/plugins/com.st.stm32cube.ide.mcu.externaltools.gnu-tools-for-stm32.12.3.rel1.macos64_1.0.200.202406191456/tools/bin/../lib/gcc/arm-none-eabi/12.3.1/../../../../arm-none-eabi/lib/thumb/v7e-m+fp/hard/libc_nano.a(libc_a-init.o)
                0x080053c4                __libc_init_array
 *(.glue_7)
 .glue_7        0x0800540c        0x0 linker stubs
 *(.glue_7t)
 .glue_7t       0x0800540c        0x0 linker stubs
 *(.eh_frame)
 .eh_frame      0x0800540c        0x0 /Applications/STM32CubeIDE.app/Contents/Eclipse/plugins/com.st.stm32cube.ide.mcu.externaltools.gnu-tools-for-stm32.12.3.rel1.macos64_1.0.200.202406191456/tools/bin/../lib/gcc/arm-none-eabi/12.3.1/thumb/v7e-m+fp/hard/crtbegin.o
 *(.init)
 .init          0x0800540c        0x4 /Applications/STM32CubeIDE.app/Contents/Eclipse/plugins/com.st.stm32cube.ide.mcu.externaltools.gnu-tools-for-stm32.12.3.rel1.macos64_1.0.200.202406191456/tools/bin/../lib/gcc/arm-none-eabi/12.3.1/thumb/v7e-m+fp/hard/crti.o
                0x0800540c                _init
 .init          0x08005410        0x8 /Applications/STM32CubeIDE.app/Contents/Eclipse/plugins/com.st.stm32cube.ide.mcu.externaltools.gnu-tools-for-stm32.12.3.rel1.macos64_1.0.200.202406191456/tools/bin/../lib/gcc/arm-none-eabi/12.3.1/thumb/v7e-m+fp/hard/crtn.o
 *(.fini)
 .fini          0x08005418        0x4 /Applications/STM32CubeIDE.app/Contents/Eclipse/plugins/com.st.stm32cube.ide.mcu.externaltools.gnu-tools-for-stm32.12.3.rel1.macos64_1.0.200.202406191456/tools/bin/../lib/gcc/arm-none-eabi/12.3.1/thumb/v7e-m+fp/hard/crti.o
                0x08005418                _fini
 .fini          0x0800541c        0x8 /Applications/STM32CubeIDE.app/Contents/Eclipse/plugins/com.st.stm32cube.ide.mcu.externaltools.gnu-tools-for-stm32.12.3.rel1.macos64_1.0.200.202406191456/tools/bin/../lib/gcc/arm-none-eabi/12.3.1/thumb/v7e-m+fp/hard/crtn.o
                0x08005424                        . = ALIGN (0x4)
                0x08005424                        _etext = .

.vfp11_veneer   0x08005424        0x0
 .vfp11_veneer  0x08005424        0x0 linker stubs

.v4_bx          0x08005424        0x0
 .v4_bx         0x08005424        0x0 linker stubs

.iplt           0x08005424        0x0
 .iplt          0x08005424        0x0 /Applications/STM32CubeIDE.app/Contents/Eclipse/plugins/com.st.stm32cube.ide.mcu.externaltools.gnu-tools-for-stm32.12.3.rel1.macos64_1.0.200.202406191456/tools/bin/../lib/gcc/arm-none-eabi/12.3.1/thumb/v7e-m+fp/hard/crtbegin.o

.rodata         0x08005424     0x136c
                0x08005424                        . = ALIGN (0x4)
 *(.rodata)
 *(.rodata*)
 .rodata.FONT   0x08005424     0x134c ./Core/Src/screen.o
                0x08005424                FONT
 .rodata.AHBPrescTable
                0x08006770       0x10 ./Core/Src/system_stm32f4xx.o
                0x08006770                AHBPrescTable
 .rodata.APBPrescTable
                0x08006780        0x8 ./Core/Src/system_stm32f4xx.o
                0x08006780                APBPrescTable
 .rodata.flagBitshiftOffset.0
                0x08006788        0x8 ./Drivers/STM32F4xx_HAL_Driver/Src/stm32f4xx_hal_dma.o
                0x08006790                        . = ALIGN (0x4)

.ARM.extab      0x08006790        0x0
                0x08006790                        . = ALIGN (0x4)
 *(.ARM.extab* .gnu.linkonce.armextab.*)
                0x08006790                        . = ALIGN (0x4)

.ARM            0x08006790        0x8
                0x08006790                        . = ALIGN (0x4)
                0x08006790                        __exidx_start = .
 *(.ARM.exidx*)
 .ARM.exidx     0x08006790        0x8 /Applications/STM32CubeIDE.app/Contents/Eclipse/plugins/com.st.stm32cube.ide.mcu.externaltools.gnu-tools-for-stm32.12.3.rel1.macos64_1.0.200.202406191456/tools/bin/../lib/gcc/arm-none-eabi/12.3.1/thumb/v7e-m+fp/hard/libgcc.a(_udivmoddi4.o)
                0x08006798                        __exidx_end = .
                0x08006798                        . = ALIGN (0x4)

.preinit_array  0x08006798        0x0
                0x08006798                        . = ALIGN (0x4)
                0x08006798                        PROVIDE (__preinit_array_start = .)
 *(.preinit_array*)
                0x08006798                        PROVIDE (__preinit_array_end = .)
                0x08006798                        . = ALIGN (0x4)

.init_array     0x08006798        0x4
                0x08006798                        . = ALIGN (0x4)
                0x08006798                        PROVIDE (__init_array_start = .)
 *(SORT_BY_NAME(.init_array.*))
 *(.init_array*)
 .init_array    0x08006798        0x4 /Applications/STM32CubeIDE.app/Contents/Eclipse/plugins/com.st.stm32cube.ide.mcu.externaltools.gnu-tools-for-stm32.12.3.rel1.macos64_1.0.200.202406191456/tools/bin/../lib/gcc/arm-none-eabi/12.3.1/thumb/v7e-m+fp/hard/crtbegin.o
                0x0800679c                        PROVIDE (__init_array_end = .)
                0x0800679c                        . = ALIGN (0x4)

.fini_array     0x0800679c        0x4
                0x0800679c                        . = ALIGN (0x4)
                [!provide]                        PROVIDE (__fini_array_start = .)
 *(SORT_BY_NAME(.fini_array.*))
 *(.fini_array*)
 .fini_array    0x0800679c        0x4 /Applications/STM32CubeIDE.app/Contents/Eclipse/plugins/com.st.stm32cube.ide.mcu.externaltools.gnu-tools-for-stm32.12.3.rel1.macos64_1.0.200.202406191456/tools/bin/../lib/gcc/arm-none-eabi/12.3.1/thumb/v7e-m+fp/hard/crtbegin.o
                [!provide]                        PROVIDE (__fini_array_end = .)
                0x080067a0                        . = ALIGN (0x4)
                0x080067a0                        _sidata = LOADADDR (.data)

.rel.dyn        0x080067a0        0x0
 .rel.iplt      0x080067a0        0x0 /Applications/STM32CubeIDE.app/Contents/Eclipse/plugins/com.st.stm32cube.ide.mcu.externaltools.gnu-tools-for-stm32.12.3.rel1.macos64_1.0.200.202406191456/tools/bin/../lib/gcc/arm-none-eabi/12.3.1/thumb/v7e-m+fp/hard/crtbegin.o

.data           0x20000000        0xc load address 0x080067a0
                0x20000000                        . = ALIGN (0x4)
                0x20000000                        _sdata = .
 *(.data)
 *(.data*)
 .data.SystemCoreClock
                0x20000000        0x4 ./Core/Src/system_stm32f4xx.o
                0x20000000                SystemCoreClock
 .data.uwTickPrio
                0x20000004        0x4 ./Drivers/STM32F4xx_HAL_Driver/Src/stm32f4xx_hal.o
                0x20000004                uwTickPrio
 .data.uwTickFreq
                0x20000008        0x1 ./Drivers/STM32F4xx_HAL_Driver/Src/stm32f4xx_hal.o
                0x20000008                uwTickFreq
 *(.RamFunc)
 *(.RamFunc*)
                0x2000000c                        . = ALIGN (0x4)
 *fill*         0x20000009        0x3 
                0x2000000c                        _edata = .
                0x080067ac                        _siccmram = LOADADDR (.ccmram)

.igot.plt       0x2000000c        0x0 load address 0x080067ac
 .igot.plt      0x2000000c        0x0 /Applications/STM32CubeIDE.app/Contents/Eclipse/plugins/com.st.stm32cube.ide.mcu.externaltools.gnu-tools-for-stm32.12.3.rel1.macos64_1.0.200.202406191456/tools/bin/../lib/gcc/arm-none-eabi/12.3.1/thumb/v7e-m+fp/hard/crtbegin.o

.ccmram         0x10000000        0x0 load address 0x080067ac
                0x10000000                        . = ALIGN (0x4)
                0x10000000                        _sccmram = .
 *(.ccmram)
 *(.ccmram*)
                0x10000000                        . = ALIGN (0x4)
                0x10000000                        _eccmram = .
                0x10000000                        . = ALIGN (0x4)

.bss            0x2000000c      0x55c
                0x2000000c                        _sbss = .
                0x2000000c                        __bss_start__ = _sbss
 *(.bss)
 .bss           0x2000000c       0x1c /Applications/STM32CubeIDE.app/Contents/Eclipse/plugins/com.st.stm32cube.ide.mcu.externaltools.gnu-tools-for-stm32.12.3.rel1.macos64_1.0.200.202406191456/tools/bin/../lib/gcc/arm-none-eabi/12.3.1/thumb/v7e-m+fp/hard/crtbegin.o
 *(.bss*)
 .bss.hi2c1     0x20000028       0x54 ./Core/Src/i2c.o
                0x20000028                hi2c1
 .bss.hdma_i2c1_tx
                0x2000007c       0x60 ./Core/Src/i2c.o
                0x2000007c                hdma_i2c1_tx
 .bss.hdma_i2c1_rx
                0x200000dc       0x60 ./Core/Src/i2c.o
                0x200000dc                hdma_i2c1_rx
 .bss.hrtc      0x2000013c       0x20 ./Core/Src/rtc.o
                0x2000013c                hrtc
 .bss.CURSOR_X  0x2000015c        0x4 ./Core/Src/screen.o
                0x2000015c                CURSOR_X
 .bss.CURSOR_Y  0x20000160        0x4 ./Core/Src/screen.o
                0x20000160                CURSOR_Y
 .bss.DISPLAY   0x20000164      0x400 ./Core/Src/screen.o
                0x20000164                DISPLAY
 .bss.uwTick    0x20000564        0x4 ./Drivers/STM32F4xx_HAL_Driver/Src/stm32f4xx_hal.o
                0x20000564                uwTick
 *(COMMON)
                0x20000568                        . = ALIGN (0x4)
                0x20000568                        _ebss = .
                0x20000568                        __bss_end__ = _ebss

._user_heap_stack
                0x20000568      0x600
                0x20000568                        . = ALIGN (0x8)
                [!provide]                        PROVIDE (end = .)
                0x20000568                        PROVIDE (_end = .)
                0x20000768                        . = (. + _Min_Heap_Size)
 *fill*         0x20000568      0x200 
                0x20000b68                        . = (. + _Min_Stack_Size)
 *fill*         0x20000768      0x400 
                0x20000b68                        . = ALIGN (0x8)

/DISCARD/
 libc.a(*)
 libm.a(*)
 libgcc.a(*)

.ARM.attributes
                0x00000000       0x30
 *(.ARM.attributes)
 .ARM.attributes
                0x00000000       0x22 /Applications/STM32CubeIDE.app/Contents/Eclipse/plugins/com.st.stm32cube.ide.mcu.externaltools.gnu-tools-for-stm32.12.3.rel1.macos64_1.0.200.202406191456/tools/bin/../lib/gcc/arm-none-eabi/12.3.1/thumb/v7e-m+fp/hard/crti.o
 .ARM.attributes
                0x00000022       0x34 /Applications/STM32CubeIDE.app/Contents/Eclipse/plugins/com.st.stm32cube.ide.mcu.externaltools.gnu-tools-for-stm32.12.3.rel1.macos64_1.0.200.202406191456/tools/bin/../lib/gcc/arm-none-eabi/12.3.1/thumb/v7e-m+fp/hard/crtbegin.o
 .ARM.attributes
                0x00000056       0x34 ./Core/Src/dma.o
 .ARM.attributes
                0x0000008a       0x34 ./Core/Src/gpio.o
 .ARM.attributes
                0x000000be       0x34 ./Core/Src/i2c.o
 .ARM.attributes
                0x000000f2       0x34 ./Core/Src/main.o
 .ARM.attributes
                0x00000126       0x34 ./Core/Src/rtc.o
 .ARM.attributes
                0x0000015a       0x34 ./Core/Src/screen.o
 .ARM.attributes
                0x0000018e       0x34 ./Core/Src/stm32f4xx_hal_msp.o
 .ARM.attributes
                0x000001c2       0x34 ./Core/Src/stm32f4xx_it.o
 .ARM.attributes
                0x000001f6       0x34 ./Core/Src/system_stm32f4xx.o
 .ARM.attributes
                0x0000022a       0x21 ./Core/Startup/startup_stm32f427vitx.o
 .ARM.attributes
                0x0000024b       0x34 ./Drivers/STM32F4xx_HAL_Driver/Src/stm32f4xx_hal.o
 .ARM.attributes
                0x0000027f       0x34 ./Drivers/STM32F4xx_HAL_Driver/Src/stm32f4xx_hal_cortex.o
 .ARM.attributes
                0x000002b3       0x34 ./Drivers/STM32F4xx_HAL_Driver/Src/stm32f4xx_hal_dma.o
 .ARM.attributes
                0x000002e7       0x34 ./Drivers/STM32F4xx_HAL_Driver/Src/stm32f4xx_hal_gpio.o
 .ARM.attributes
                0x0000031b       0x34 ./Drivers/STM32F4xx_HAL_Driver/Src/stm32f4xx_hal_i2c.o
 .ARM.attributes
                0x0000034f       0x34 ./Drivers/STM32F4xx_HAL_Driver/Src/stm32f4xx_hal_i2c_ex.o
 .ARM.attributes
                0x00000383       0x34 ./Drivers/STM32F4xx_HAL_Driver/Src/stm32f4xx_hal_pwr_ex.o
 .ARM.attributes
                0x000003b7       0x34 ./Drivers/STM32F4xx_HAL_Driver/Src/stm32f4xx_hal_rcc.o
 .ARM.attributes
                0x000003eb       0x34 ./Drivers/STM32F4xx_HAL_Driver/Src/stm32f4xx_hal_rcc_ex.o
 .ARM.attributes
                0x0000041f       0x34 ./Drivers/STM32F4xx_HAL_Driver/Src/stm32f4xx_hal_rtc.o
 .ARM.attributes
                0x00000453       0x34 /Applications/STM32CubeIDE.app/Contents/Eclipse/plugins/com.st.stm32cube.ide.mcu.externaltools.gnu-tools-for-stm32.12.3.rel1.macos64_1.0.200.202406191456/tools/bin/../lib/gcc/arm-none-eabi/12.3.1/../../../../arm-none-eabi/lib/thumb/v7e-m+fp/hard/libc_nano.a(libc_a-memset.o)
 .ARM.attributes
                0x00000487       0x34 /Applications/STM32CubeIDE.app/Contents/Eclipse/plugins/com.st.stm32cube.ide.mcu.externaltools.gnu-tools-for-stm32.12.3.rel1.macos64_1.0.200.202406191456/tools/bin/../lib/gcc/arm-none-eabi/12.3.1/../../../../arm-none-eabi/lib/thumb/v7e-m+fp/hard/libc_nano.a(libc_a-init.o)
 .ARM.attributes
                0x000004bb       0x22 /Applications/STM32CubeIDE.app/Contents/Eclipse/plugins/com.st.stm32cube.ide.mcu.externaltools.gnu-tools-for-stm32.12.3.rel1.macos64_1.0.200.202406191456/tools/bin/../lib/gcc/arm-none-eabi/12.3.1/thumb/v7e-m+fp/hard/libgcc.a(_aeabi_uldivmod.o)
 .ARM.attributes
                0x000004dd       0x34 /Applications/STM32CubeIDE.app/Contents/Eclipse/plugins/com.st.stm32cube.ide.mcu.externaltools.gnu-tools-for-stm32.12.3.rel1.macos64_1.0.200.202406191456/tools/bin/../lib/gcc/arm-none-eabi/12.3.1/thumb/v7e-m+fp/hard/libgcc.a(_udivmoddi4.o)
 .ARM.attributes
                0x00000511       0x22 /Applications/STM32CubeIDE.app/Contents/Eclipse/plugins/com.st.stm32cube.ide.mcu.externaltools.gnu-tools-for-stm32.12.3.rel1.macos64_1.0.200.202406191456/tools/bin/../lib/gcc/arm-none-eabi/12.3.1/thumb/v7e-m+fp/hard/libgcc.a(_dvmd_tls.o)
 .ARM.attributes
                0x00000533       0x22 /Applications/STM32CubeIDE.app/Contents/Eclipse/plugins/com.st.stm32cube.ide.mcu.externaltools.gnu-tools-for-stm32.12.3.rel1.macos64_1.0.200.202406191456/tools/bin/../lib/gcc/arm-none-eabi/12.3.1/thumb/v7e-m+fp/hard/crtn.o
OUTPUT(embedded-systems-lab2.elf elf32-littlearm)
LOAD linker stubs
LOAD /Applications/STM32CubeIDE.app/Contents/Eclipse/plugins/com.st.stm32cube.ide.mcu.externaltools.gnu-tools-for-stm32.12.3.rel1.macos64_1.0.200.202406191456/tools/bin/../lib/gcc/arm-none-eabi/12.3.1/../../../../arm-none-eabi/lib/thumb/v7e-m+fp/hard/libc.a
LOAD /Applications/STM32CubeIDE.app/Contents/Eclipse/plugins/com.st.stm32cube.ide.mcu.externaltools.gnu-tools-for-stm32.12.3.rel1.macos64_1.0.200.202406191456/tools/bin/../lib/gcc/arm-none-eabi/12.3.1/../../../../arm-none-eabi/lib/thumb/v7e-m+fp/hard/libm.a
LOAD /Applications/STM32CubeIDE.app/Contents/Eclipse/plugins/com.st.stm32cube.ide.mcu.externaltools.gnu-tools-for-stm32.12.3.rel1.macos64_1.0.200.202406191456/tools/bin/../lib/gcc/arm-none-eabi/12.3.1/thumb/v7e-m+fp/hard/libgcc.a

.debug_info     0x00000000     0xb2cf
 .debug_info    0x00000000      0x4ef ./Core/Src/dma.o
 .debug_info    0x000004ef      0x439 ./Core/Src/gpio.o
 .debug_info    0x00000928      0xca4 ./Core/Src/i2c.o
 .debug_info    0x000015cc      0x94e ./Core/Src/main.o
 .debug_info    0x00001f1a      0x7a7 ./Core/Src/rtc.o
 .debug_info    0x000026c1      0x98d ./Core/Src/screen.o
 .debug_info    0x0000304e      0x281 ./Core/Src/stm32f4xx_hal_msp.o
 .debug_info    0x000032cf      0x6f8 ./Core/Src/stm32f4xx_it.o
 .debug_info    0x000039c7      0x52e ./Core/Src/system_stm32f4xx.o
 .debug_info    0x00003ef5       0x30 ./Core/Startup/startup_stm32f427vitx.o
 .debug_info    0x00003f25      0x9ae ./Drivers/STM32F4xx_HAL_Driver/Src/stm32f4xx_hal.o
 .debug_info    0x000048d3      0xdb6 ./Drivers/STM32F4xx_HAL_Driver/Src/stm32f4xx_hal_cortex.o
 .debug_info    0x00005689      0x8e7 ./Drivers/STM32F4xx_HAL_Driver/Src/stm32f4xx_hal_dma.o
 .debug_info    0x00005f70      0x6db ./Drivers/STM32F4xx_HAL_Driver/Src/stm32f4xx_hal_gpio.o
 .debug_info    0x0000664b     0x2421 ./Drivers/STM32F4xx_HAL_Driver/Src/stm32f4xx_hal_i2c.o
 .debug_info    0x00008a6c      0x672 ./Drivers/STM32F4xx_HAL_Driver/Src/stm32f4xx_hal_i2c_ex.o
 .debug_info    0x000090de      0x6be ./Drivers/STM32F4xx_HAL_Driver/Src/stm32f4xx_hal_pwr_ex.o
 .debug_info    0x0000979c      0x8c7 ./Drivers/STM32F4xx_HAL_Driver/Src/stm32f4xx_hal_rcc.o
 .debug_info    0x0000a063      0x64c ./Drivers/STM32F4xx_HAL_Driver/Src/stm32f4xx_hal_rcc_ex.o
 .debug_info    0x0000a6af      0xc20 ./Drivers/STM32F4xx_HAL_Driver/Src/stm32f4xx_hal_rtc.o

.debug_abbrev   0x00000000     0x240f
 .debug_abbrev  0x00000000      0x10e ./Core/Src/dma.o
 .debug_abbrev  0x0000010e      0x152 ./Core/Src/gpio.o
 .debug_abbrev  0x00000260      0x23f ./Core/Src/i2c.o
 .debug_abbrev  0x0000049f      0x21c ./Core/Src/main.o
 .debug_abbrev  0x000006bb      0x199 ./Core/Src/rtc.o
 .debug_abbrev  0x00000854      0x2a5 ./Core/Src/screen.o
 .debug_abbrev  0x00000af9       0xd8 ./Core/Src/stm32f4xx_hal_msp.o
 .debug_abbrev  0x00000bd1      0x16f ./Core/Src/stm32f4xx_it.o
 .debug_abbrev  0x00000d40      0x11a ./Core/Src/system_stm32f4xx.o
 .debug_abbrev  0x00000e5a       0x24 ./Core/Startup/startup_stm32f427vitx.o
 .debug_abbrev  0x00000e7e      0x214 ./Drivers/STM32F4xx_HAL_Driver/Src/stm32f4xx_hal.o
 .debug_abbrev  0x00001092      0x31d ./Drivers/STM32F4xx_HAL_Driver/Src/stm32f4xx_hal_cortex.o
 .debug_abbrev  0x000013af      0x264 ./Drivers/STM32F4xx_HAL_Driver/Src/stm32f4xx_hal_dma.o
 .debug_abbrev  0x00001613      0x1d4 ./Drivers/STM32F4xx_HAL_Driver/Src/stm32f4xx_hal_gpio.o
 .debug_abbrev  0x000017e7      0x2ad ./Drivers/STM32F4xx_HAL_Driver/Src/stm32f4xx_hal_i2c.o
 .debug_abbrev  0x00001a94      0x157 ./Drivers/STM32F4xx_HAL_Driver/Src/stm32f4xx_hal_i2c_ex.o
 .debug_abbrev  0x00001beb      0x1cf ./Drivers/STM32F4xx_HAL_Driver/Src/stm32f4xx_hal_pwr_ex.o
 .debug_abbrev  0x00001dba      0x2b7 ./Drivers/STM32F4xx_HAL_Driver/Src/stm32f4xx_hal_rcc.o
 .debug_abbrev  0x00002071      0x1b0 ./Drivers/STM32F4xx_HAL_Driver/Src/stm32f4xx_hal_rcc_ex.o
 .debug_abbrev  0x00002221      0x1ee ./Drivers/STM32F4xx_HAL_Driver/Src/stm32f4xx_hal_rtc.o

.debug_aranges  0x00000000      0xa58
 .debug_aranges
                0x00000000       0x20 ./Core/Src/dma.o
 .debug_aranges
                0x00000020       0x20 ./Core/Src/gpio.o
 .debug_aranges
                0x00000040       0x30 ./Core/Src/i2c.o
 .debug_aranges
                0x00000070       0x38 ./Core/Src/main.o
 .debug_aranges
                0x000000a8       0x30 ./Core/Src/rtc.o
 .debug_aranges
                0x000000d8       0x80 ./Core/Src/screen.o
 .debug_aranges
                0x00000158       0x20 ./Core/Src/stm32f4xx_hal_msp.o
 .debug_aranges
                0x00000178       0x80 ./Core/Src/stm32f4xx_it.o
 .debug_aranges
                0x000001f8       0x28 ./Core/Src/system_stm32f4xx.o
 .debug_aranges
                0x00000220       0x28 ./Core/Startup/startup_stm32f427vitx.o
 .debug_aranges
                0x00000248      0x100 ./Drivers/STM32F4xx_HAL_Driver/Src/stm32f4xx_hal.o
 .debug_aranges
                0x00000348      0x130 ./Drivers/STM32F4xx_HAL_Driver/Src/stm32f4xx_hal_cortex.o
 .debug_aranges
                0x00000478       0x90 ./Drivers/STM32F4xx_HAL_Driver/Src/stm32f4xx_hal_dma.o
 .debug_aranges
                0x00000508       0x58 ./Drivers/STM32F4xx_HAL_Driver/Src/stm32f4xx_hal_gpio.o
 .debug_aranges
                0x00000560      0x2a8 ./Drivers/STM32F4xx_HAL_Driver/Src/stm32f4xx_hal_i2c.o
 .debug_aranges
                0x00000808       0x28 ./Drivers/STM32F4xx_HAL_Driver/Src/stm32f4xx_hal_i2c_ex.o
 .debug_aranges
                0x00000830       0x60 ./Drivers/STM32F4xx_HAL_Driver/Src/stm32f4xx_hal_pwr_ex.o
 .debug_aranges
                0x00000890       0x88 ./Drivers/STM32F4xx_HAL_Driver/Src/stm32f4xx_hal_rcc.o
 .debug_aranges
                0x00000918       0x58 ./Drivers/STM32F4xx_HAL_Driver/Src/stm32f4xx_hal_rcc_ex.o
 .debug_aranges
                0x00000970       0xe8 ./Drivers/STM32F4xx_HAL_Driver/Src/stm32f4xx_hal_rtc.o

.debug_rnglists
                0x00000000      0x7cf
 .debug_rnglists
                0x00000000       0x13 ./Core/Src/dma.o
 .debug_rnglists
                0x00000013       0x14 ./Core/Src/gpio.o
 .debug_rnglists
                0x00000027       0x21 ./Core/Src/i2c.o
 .debug_rnglists
                0x00000048       0x26 ./Core/Src/main.o
 .debug_rnglists
                0x0000006e       0x20 ./Core/Src/rtc.o
 .debug_rnglists
                0x0000008e       0x5d ./Core/Src/screen.o
 .debug_rnglists
                0x000000eb       0x13 ./Core/Src/stm32f4xx_hal_msp.o
 .debug_rnglists
                0x000000fe       0x5b ./Core/Src/stm32f4xx_it.o
 .debug_rnglists
                0x00000159       0x1a ./Core/Src/system_stm32f4xx.o
 .debug_rnglists
                0x00000173       0x19 ./Core/Startup/startup_stm32f427vitx.o
 .debug_rnglists
                0x0000018c       0xbb ./Drivers/STM32F4xx_HAL_Driver/Src/stm32f4xx_hal.o
 .debug_rnglists
                0x00000247       0xe0 ./Drivers/STM32F4xx_HAL_Driver/Src/stm32f4xx_hal_cortex.o
 .debug_rnglists
                0x00000327       0x70 ./Drivers/STM32F4xx_HAL_Driver/Src/stm32f4xx_hal_dma.o
 .debug_rnglists
                0x00000397       0x3f ./Drivers/STM32F4xx_HAL_Driver/Src/stm32f4xx_hal_gpio.o
 .debug_rnglists
                0x000003d6      0x23c ./Drivers/STM32F4xx_HAL_Driver/Src/stm32f4xx_hal_i2c.o
 .debug_rnglists
                0x00000612       0x19 ./Drivers/STM32F4xx_HAL_Driver/Src/stm32f4xx_hal_i2c_ex.o
 .debug_rnglists
                0x0000062b       0x47 ./Drivers/STM32F4xx_HAL_Driver/Src/stm32f4xx_hal_pwr_ex.o
 .debug_rnglists
                0x00000672       0x66 ./Drivers/STM32F4xx_HAL_Driver/Src/stm32f4xx_hal_rcc.o
 .debug_rnglists
                0x000006d8       0x43 ./Drivers/STM32F4xx_HAL_Driver/Src/stm32f4xx_hal_rcc_ex.o
 .debug_rnglists
                0x0000071b       0xb4 ./Drivers/STM32F4xx_HAL_Driver/Src/stm32f4xx_hal_rtc.o

.debug_macro    0x00000000    0x2310c
 .debug_macro   0x00000000      0x1f6 ./Core/Src/dma.o
 .debug_macro   0x000001f6      0xab4 ./Core/Src/dma.o
 .debug_macro   0x00000caa      0x29b ./Core/Src/dma.o
 .debug_macro   0x00000f45       0x2e ./Core/Src/dma.o
 .debug_macro   0x00000f73       0x28 ./Core/Src/dma.o
 .debug_macro   0x00000f9b       0x22 ./Core/Src/dma.o
 .debug_macro   0x00000fbd       0x8e ./Core/Src/dma.o
 .debug_macro   0x0000104b       0x51 ./Core/Src/dma.o
 .debug_macro   0x0000109c      0x103 ./Core/Src/dma.o
 .debug_macro   0x0000119f       0x6a ./Core/Src/dma.o
 .debug_macro   0x00001209      0x1df ./Core/Src/dma.o
 .debug_macro   0x000013e8       0x1c ./Core/Src/dma.o
 .debug_macro   0x00001404       0x22 ./Core/Src/dma.o
 .debug_macro   0x00001426       0xfb ./Core/Src/dma.o
 .debug_macro   0x00001521     0x1011 ./Core/Src/dma.o
 .debug_macro   0x00002532      0x11f ./Core/Src/dma.o
 .debug_macro   0x00002651    0x178b5 ./Core/Src/dma.o
 .debug_macro   0x00019f06       0x6d ./Core/Src/dma.o
 .debug_macro   0x00019f73     0x3711 ./Core/Src/dma.o
 .debug_macro   0x0001d684      0x189 ./Core/Src/dma.o
 .debug_macro   0x0001d80d       0x5c ./Core/Src/dma.o
 .debug_macro   0x0001d869      0xc82 ./Core/Src/dma.o
 .debug_macro   0x0001e4eb      0x9e9 ./Core/Src/dma.o
 .debug_macro   0x0001eed4      0x115 ./Core/Src/dma.o
 .debug_macro   0x0001efe9      0x16f ./Core/Src/dma.o
 .debug_macro   0x0001f158       0xa5 ./Core/Src/dma.o
 .debug_macro   0x0001f1fd      0x182 ./Core/Src/dma.o
 .debug_macro   0x0001f37f      0x287 ./Core/Src/dma.o
 .debug_macro   0x0001f606       0x5f ./Core/Src/dma.o
 .debug_macro   0x0001f665      0x236 ./Core/Src/dma.o
 .debug_macro   0x0001f89b      0x132 ./Core/Src/dma.o
 .debug_macro   0x0001f9cd      0x41d ./Core/Src/dma.o
 .debug_macro   0x0001fdea       0x2e ./Core/Src/dma.o
 .debug_macro   0x0001fe18      0x1b5 ./Core/Src/dma.o
 .debug_macro   0x0001ffcd       0x22 ./Core/Src/dma.o
 .debug_macro   0x0001ffef       0xd6 ./Core/Src/dma.o
 .debug_macro   0x000200c5      0x127 ./Core/Src/dma.o
 .debug_macro   0x000201ec       0xe2 ./Core/Src/dma.o
 .debug_macro   0x000202ce       0x89 ./Core/Src/dma.o
 .debug_macro   0x00020357      0x30c ./Core/Src/dma.o
 .debug_macro   0x00020663      0x44b ./Core/Src/dma.o
 .debug_macro   0x00020aae       0xeb ./Core/Src/dma.o
 .debug_macro   0x00020b99      0x134 ./Core/Src/dma.o
 .debug_macro   0x00020ccd      0x1f6 ./Core/Src/gpio.o
 .debug_macro   0x00020ec3      0x1f6 ./Core/Src/i2c.o
 .debug_macro   0x000210b9      0x249 ./Core/Src/main.o
 .debug_macro   0x00021302       0x1c ./Core/Src/main.o
 .debug_macro   0x0002131e      0x1f6 ./Core/Src/rtc.o
 .debug_macro   0x00021514      0x22b ./Core/Src/screen.o
 .debug_macro   0x0002173f       0x1c ./Core/Src/screen.o
 .debug_macro   0x0002175b       0x22 ./Core/Src/screen.o
 .debug_macro   0x0002177d      0x1ec ./Core/Src/stm32f4xx_hal_msp.o
 .debug_macro   0x00021969      0x1f6 ./Core/Src/stm32f4xx_it.o
 .debug_macro   0x00021b5f      0x1e2 ./Core/Src/system_stm32f4xx.o
 .debug_macro   0x00021d41      0x242 ./Drivers/STM32F4xx_HAL_Driver/Src/stm32f4xx_hal.o
 .debug_macro   0x00021f83      0x1e2 ./Drivers/STM32F4xx_HAL_Driver/Src/stm32f4xx_hal_cortex.o
 .debug_macro   0x00022165      0x1e8 ./Drivers/STM32F4xx_HAL_Driver/Src/stm32f4xx_hal_dma.o
 .debug_macro   0x0002234d      0x1e8 ./Drivers/STM32F4xx_HAL_Driver/Src/stm32f4xx_hal_gpio.o
 .debug_macro   0x00022535      0x230 ./Drivers/STM32F4xx_HAL_Driver/Src/stm32f4xx_hal_i2c.o
 .debug_macro   0x00022765      0x1e2 ./Drivers/STM32F4xx_HAL_Driver/Src/stm32f4xx_hal_i2c_ex.o
 .debug_macro   0x00022947      0x1fa ./Drivers/STM32F4xx_HAL_Driver/Src/stm32f4xx_hal_pwr_ex.o
 .debug_macro   0x00022b41      0x206 ./Drivers/STM32F4xx_HAL_Driver/Src/stm32f4xx_hal_rcc.o
 .debug_macro   0x00022d47      0x1e2 ./Drivers/STM32F4xx_HAL_Driver/Src/stm32f4xx_hal_rcc_ex.o
 .debug_macro   0x00022f29      0x1e3 ./Drivers/STM32F4xx_HAL_Driver/Src/stm32f4xx_hal_rtc.o

.debug_line     0x00000000     0xed7d
 .debug_line    0x00000000      0x6fa ./Core/Src/dma.o
 .debug_line    0x000006fa      0x71c ./Core/Src/gpio.o
 .debug_line    0x00000e16      0x7cd ./Core/Src/i2c.o
 .debug_line    0x000015e3      0x7e3 ./Core/Src/main.o
 .debug_line    0x00001dc6      0x7b3 ./Core/Src/rtc.o
 .debug_line    0x00002579      0x93f ./Core/Src/screen.o
 .debug_line    0x00002eb8      0x6fd ./Core/Src/stm32f4xx_hal_msp.o
 .debug_line    0x000035b5      0x81f ./Core/Src/stm32f4xx_it.o
 .debug_line    0x00003dd4      0x781 ./Core/Src/system_stm32f4xx.o
 .debug_line    0x00004555       0x7a ./Core/Startup/startup_stm32f427vitx.o
 .debug_line    0x000045cf      0xa20 ./Drivers/STM32F4xx_HAL_Driver/Src/stm32f4xx_hal.o
 .debug_line    0x00004fef      0xcdc ./Drivers/STM32F4xx_HAL_Driver/Src/stm32f4xx_hal_cortex.o
 .debug_line    0x00005ccb      0xf5a ./Drivers/STM32F4xx_HAL_Driver/Src/stm32f4xx_hal_dma.o
 .debug_line    0x00006c25      0xb9e ./Drivers/STM32F4xx_HAL_Driver/Src/stm32f4xx_hal_gpio.o
 .debug_line    0x000077c3     0x3b30 ./Drivers/STM32F4xx_HAL_Driver/Src/stm32f4xx_hal_i2c.o
 .debug_line    0x0000b2f3      0x777 ./Drivers/STM32F4xx_HAL_Driver/Src/stm32f4xx_hal_i2c_ex.o
 .debug_line    0x0000ba6a      0x913 ./Drivers/STM32F4xx_HAL_Driver/Src/stm32f4xx_hal_pwr_ex.o
 .debug_line    0x0000c37d      0xd73 ./Drivers/STM32F4xx_HAL_Driver/Src/stm32f4xx_hal_rcc.o
 .debug_line    0x0000d0f0      0xbbf ./Drivers/STM32F4xx_HAL_Driver/Src/stm32f4xx_hal_rcc_ex.o
 .debug_line    0x0000dcaf     0x10ce ./Drivers/STM32F4xx_HAL_Driver/Src/stm32f4xx_hal_rtc.o

.debug_str      0x00000000    0xd2130
 .debug_str     0x00000000    0xceffe ./Core/Src/dma.o
                              0xcf27d (size before relaxing)
 .debug_str     0x000ceffe       0xed ./Core/Src/gpio.o
                              0xcedf0 (size before relaxing)
 .debug_str     0x000cf0eb      0x593 ./Core/Src/i2c.o
                              0xcf904 (size before relaxing)
 .debug_str     0x000cf67e      0x467 ./Core/Src/main.o
                              0xcf294 (size before relaxing)
 .debug_str     0x000cfae5      0x24d ./Core/Src/rtc.o
                              0xcf0ed (size before relaxing)
 .debug_str     0x000cfd32      0x205 ./Core/Src/screen.o
                              0xcf3e2 (size before relaxing)
 .debug_str     0x000cff37       0x2c ./Core/Src/stm32f4xx_hal_msp.o
                              0xced13 (size before relaxing)
 .debug_str     0x000cff63      0x15e ./Core/Src/stm32f4xx_it.o
                              0xcf245 (size before relaxing)
 .debug_str     0x000d00c1       0xdb ./Core/Src/system_stm32f4xx.o
                              0xcedc3 (size before relaxing)
 .debug_str     0x000d019c       0x44 ./Core/Startup/startup_stm32f427vitx.o
                                 0x8a (size before relaxing)
 .debug_str     0x000d01e0      0x648 ./Drivers/STM32F4xx_HAL_Driver/Src/stm32f4xx_hal.o
                              0xcf9cf (size before relaxing)
 .debug_str     0x000d0828      0x366 ./Drivers/STM32F4xx_HAL_Driver/Src/stm32f4xx_hal_cortex.o
                              0xcf6fd (size before relaxing)
 .debug_str     0x000d0b8e      0x2f9 ./Drivers/STM32F4xx_HAL_Driver/Src/stm32f4xx_hal_dma.o
                              0xcf1ca (size before relaxing)
 .debug_str     0x000d0e87      0x10e ./Drivers/STM32F4xx_HAL_Driver/Src/stm32f4xx_hal_gpio.o
                              0xcef3e (size before relaxing)
 .debug_str     0x000d0f95      0xae0 ./Drivers/STM32F4xx_HAL_Driver/Src/stm32f4xx_hal_i2c.o
                              0xcfdd3 (size before relaxing)
 .debug_str     0x000d1a75       0x3b ./Drivers/STM32F4xx_HAL_Driver/Src/stm32f4xx_hal_i2c_ex.o
                              0xcf192 (size before relaxing)
 .debug_str     0x000d1ab0      0x135 ./Drivers/STM32F4xx_HAL_Driver/Src/stm32f4xx_hal_pwr_ex.o
                              0xcef9b (size before relaxing)
 .debug_str     0x000d1be5      0x213 ./Drivers/STM32F4xx_HAL_Driver/Src/stm32f4xx_hal_rcc.o
                              0xcf1f7 (size before relaxing)
 .debug_str     0x000d1df8      0x12b ./Drivers/STM32F4xx_HAL_Driver/Src/stm32f4xx_hal_rcc_ex.o
                              0xcefbe (size before relaxing)
 .debug_str     0x000d1f23      0x20d ./Drivers/STM32F4xx_HAL_Driver/Src/stm32f4xx_hal_rtc.o
                              0xcf21f (size before relaxing)

.comment        0x00000000       0x43
 .comment       0x00000000       0x43 ./Core/Src/dma.o
                                 0x44 (size before relaxing)
 .comment       0x00000043       0x44 ./Core/Src/gpio.o
 .comment       0x00000043       0x44 ./Core/Src/i2c.o
 .comment       0x00000043       0x44 ./Core/Src/main.o
 .comment       0x00000043       0x44 ./Core/Src/rtc.o
 .comment       0x00000043       0x44 ./Core/Src/screen.o
 .comment       0x00000043       0x44 ./Core/Src/stm32f4xx_hal_msp.o
 .comment       0x00000043       0x44 ./Core/Src/stm32f4xx_it.o
 .comment       0x00000043       0x44 ./Core/Src/system_stm32f4xx.o
 .comment       0x00000043       0x44 ./Drivers/STM32F4xx_HAL_Driver/Src/stm32f4xx_hal.o
 .comment       0x00000043       0x44 ./Drivers/STM32F4xx_HAL_Driver/Src/stm32f4xx_hal_cortex.o
 .comment       0x00000043       0x44 ./Drivers/STM32F4xx_HAL_Driver/Src/stm32f4xx_hal_dma.o
 .comment       0x00000043       0x44 ./Drivers/STM32F4xx_HAL_Driver/Src/stm32f4xx_hal_gpio.o
 .comment       0x00000043       0x44 ./Drivers/STM32F4xx_HAL_Driver/Src/stm32f4xx_hal_i2c.o
 .comment       0x00000043       0x44 ./Drivers/STM32F4xx_HAL_Driver/Src/stm32f4xx_hal_i2c_ex.o
 .comment       0x00000043       0x44 ./Drivers/STM32F4xx_HAL_Driver/Src/stm32f4xx_hal_pwr_ex.o
 .comment       0x00000043       0x44 ./Drivers/STM32F4xx_HAL_Driver/Src/stm32f4xx_hal_rcc.o
 .comment       0x00000043       0x44 ./Drivers/STM32F4xx_HAL_Driver/Src/stm32f4xx_hal_rcc_ex.o
 .comment       0x00000043       0x44 ./Drivers/STM32F4xx_HAL_Driver/Src/stm32f4xx_hal_rtc.o

.debug_frame    0x00000000     0x2834
 .debug_frame   0x00000000       0x34 ./Core/Src/dma.o
 .debug_frame   0x00000034       0x34 ./Core/Src/gpio.o
 .debug_frame   0x00000068       0x74 ./Core/Src/i2c.o
 .debug_frame   0x000000dc       0x8c ./Core/Src/main.o
 .debug_frame   0x00000168       0x80 ./Core/Src/rtc.o
 .debug_frame   0x000001e8      0x1f0 ./Core/Src/screen.o
 .debug_frame   0x000003d8       0x38 ./Core/Src/stm32f4xx_hal_msp.o
 .debug_frame   0x00000410      0x174 ./Core/Src/stm32f4xx_it.o
 .debug_frame   0x00000584       0x58 ./Core/Src/system_stm32f4xx.o
 .debug_frame   0x000005dc      0x3b4 ./Drivers/STM32F4xx_HAL_Driver/Src/stm32f4xx_hal.o
 .debug_frame   0x00000990      0x508 ./Drivers/STM32F4xx_HAL_Driver/Src/stm32f4xx_hal_cortex.o
 .debug_frame   0x00000e98      0x250 ./Drivers/STM32F4xx_HAL_Driver/Src/stm32f4xx_hal_dma.o
 .debug_frame   0x000010e8      0x14c ./Drivers/STM32F4xx_HAL_Driver/Src/stm32f4xx_hal_gpio.o
 .debug_frame   0x00001234      0xc84 ./Drivers/STM32F4xx_HAL_Driver/Src/stm32f4xx_hal_i2c.o
 .debug_frame   0x00001eb8       0x60 ./Drivers/STM32F4xx_HAL_Driver/Src/stm32f4xx_hal_i2c_ex.o
 .debug_frame   0x00001f18      0x14c ./Drivers/STM32F4xx_HAL_Driver/Src/stm32f4xx_hal_pwr_ex.o
 .debug_frame   0x00002064      0x1f4 ./Drivers/STM32F4xx_HAL_Driver/Src/stm32f4xx_hal_rcc.o
 .debug_frame   0x00002258      0x13c ./Drivers/STM32F4xx_HAL_Driver/Src/stm32f4xx_hal_rcc_ex.o
 .debug_frame   0x00002394      0x3f4 ./Drivers/STM32F4xx_HAL_Driver/Src/stm32f4xx_hal_rtc.o
 .debug_frame   0x00002788       0x20 /Applications/STM32CubeIDE.app/Contents/Eclipse/plugins/com.st.stm32cube.ide.mcu.externaltools.gnu-tools-for-stm32.12.3.rel1.macos64_1.0.200.202406191456/tools/bin/../lib/gcc/arm-none-eabi/12.3.1/../../../../arm-none-eabi/lib/thumb/v7e-m+fp/hard/libc_nano.a(libc_a-memset.o)
 .debug_frame   0x000027a8       0x2c /Applications/STM32CubeIDE.app/Contents/Eclipse/plugins/com.st.stm32cube.ide.mcu.externaltools.gnu-tools-for-stm32.12.3.rel1.macos64_1.0.200.202406191456/tools/bin/../lib/gcc/arm-none-eabi/12.3.1/../../../../arm-none-eabi/lib/thumb/v7e-m+fp/hard/libc_nano.a(libc_a-init.o)
 .debug_frame   0x000027d4       0x2c /Applications/STM32CubeIDE.app/Contents/Eclipse/plugins/com.st.stm32cube.ide.mcu.externaltools.gnu-tools-for-stm32.12.3.rel1.macos64_1.0.200.202406191456/tools/bin/../lib/gcc/arm-none-eabi/12.3.1/thumb/v7e-m+fp/hard/libgcc.a(_aeabi_uldivmod.o)
 .debug_frame   0x00002800       0x34 /Applications/STM32CubeIDE.app/Contents/Eclipse/plugins/com.st.stm32cube.ide.mcu.externaltools.gnu-tools-for-stm32.12.3.rel1.macos64_1.0.200.202406191456/tools/bin/../lib/gcc/arm-none-eabi/12.3.1/thumb/v7e-m+fp/hard/libgcc.a(_udivmoddi4.o)

.debug_line_str
                0x00000000       0x6e
 .debug_line_str
                0x00000000       0x6e ./Core/Startup/startup_stm32f427vitx.o
