Archive member included to satisfy reference by file (symbol)

/Applications/STM32CubeIDE.app/Contents/Eclipse/plugins/com.st.stm32cube.ide.mcu.externaltools.gnu-tools-for-stm32.12.3.rel1.macos64_1.0.200.202406191456/tools/bin/../lib/gcc/arm-none-eabi/12.3.1/../../../../arm-none-eabi/lib/thumb/v7e-m+fp/hard/libc_nano.a(libc_a-exit.o)
                              /Applications/STM32CubeIDE.app/Contents/Eclipse/plugins/com.st.stm32cube.ide.mcu.externaltools.gnu-tools-for-stm32.12.3.rel1.macos64_1.0.200.202406191456/tools/bin/../lib/gcc/arm-none-eabi/12.3.1/../../../../arm-none-eabi/lib/thumb/v7e-m+fp/hard/crt0.o (exit)
/Applications/STM32CubeIDE.app/Contents/Eclipse/plugins/com.st.stm32cube.ide.mcu.externaltools.gnu-tools-for-stm32.12.3.rel1.macos64_1.0.200.202406191456/tools/bin/../lib/gcc/arm-none-eabi/12.3.1/../../../../arm-none-eabi/lib/thumb/v7e-m+fp/hard/libc_nano.a(libc_a-snprintf.o)
                              ./Core/Src/time.o (snprintf)
/Applications/STM32CubeIDE.app/Contents/Eclipse/plugins/com.st.stm32cube.ide.mcu.externaltools.gnu-tools-for-stm32.12.3.rel1.macos64_1.0.200.202406191456/tools/bin/../lib/gcc/arm-none-eabi/12.3.1/../../../../arm-none-eabi/lib/thumb/v7e-m+fp/hard/libc_nano.a(libc_a-findfp.o)
                              /Applications/STM32CubeIDE.app/Contents/Eclipse/plugins/com.st.stm32cube.ide.mcu.externaltools.gnu-tools-for-stm32.12.3.rel1.macos64_1.0.200.202406191456/tools/bin/../lib/gcc/arm-none-eabi/12.3.1/../../../../arm-none-eabi/lib/thumb/v7e-m+fp/hard/libc_nano.a(libc_a-exit.o) (__stdio_exit_handler)
/Applications/STM32CubeIDE.app/Contents/Eclipse/plugins/com.st.stm32cube.ide.mcu.externaltools.gnu-tools-for-stm32.12.3.rel1.macos64_1.0.200.202406191456/tools/bin/../lib/gcc/arm-none-eabi/12.3.1/../../../../arm-none-eabi/lib/thumb/v7e-m+fp/hard/libc_nano.a(libc_a-fwalk.o)
                              /Applications/STM32CubeIDE.app/Contents/Eclipse/plugins/com.st.stm32cube.ide.mcu.externaltools.gnu-tools-for-stm32.12.3.rel1.macos64_1.0.200.202406191456/tools/bin/../lib/gcc/arm-none-eabi/12.3.1/../../../../arm-none-eabi/lib/thumb/v7e-m+fp/hard/libc_nano.a(libc_a-findfp.o) (_fwalk_sglue)
/Applications/STM32CubeIDE.app/Contents/Eclipse/plugins/com.st.stm32cube.ide.mcu.externaltools.gnu-tools-for-stm32.12.3.rel1.macos64_1.0.200.202406191456/tools/bin/../lib/gcc/arm-none-eabi/12.3.1/../../../../arm-none-eabi/lib/thumb/v7e-m+fp/hard/libc_nano.a(libc_a-memset.o)
                              /Applications/STM32CubeIDE.app/Contents/Eclipse/plugins/com.st.stm32cube.ide.mcu.externaltools.gnu-tools-for-stm32.12.3.rel1.macos64_1.0.200.202406191456/tools/bin/../lib/gcc/arm-none-eabi/12.3.1/../../../../arm-none-eabi/lib/thumb/v7e-m+fp/hard/crt0.o (memset)
/Applications/STM32CubeIDE.app/Contents/Eclipse/plugins/com.st.stm32cube.ide.mcu.externaltools.gnu-tools-for-stm32.12.3.rel1.macos64_1.0.200.202406191456/tools/bin/../lib/gcc/arm-none-eabi/12.3.1/../../../../arm-none-eabi/lib/thumb/v7e-m+fp/hard/libc_nano.a(libc_a-impure.o)
                              /Applications/STM32CubeIDE.app/Contents/Eclipse/plugins/com.st.stm32cube.ide.mcu.externaltools.gnu-tools-for-stm32.12.3.rel1.macos64_1.0.200.202406191456/tools/bin/../lib/gcc/arm-none-eabi/12.3.1/../../../../arm-none-eabi/lib/thumb/v7e-m+fp/hard/libc_nano.a(libc_a-snprintf.o) (_impure_ptr)
/Applications/STM32CubeIDE.app/Contents/Eclipse/plugins/com.st.stm32cube.ide.mcu.externaltools.gnu-tools-for-stm32.12.3.rel1.macos64_1.0.200.202406191456/tools/bin/../lib/gcc/arm-none-eabi/12.3.1/../../../../arm-none-eabi/lib/thumb/v7e-m+fp/hard/libc_nano.a(libc_a-errno.o)
                              ./Core/Src/syscalls.o (__errno)
/Applications/STM32CubeIDE.app/Contents/Eclipse/plugins/com.st.stm32cube.ide.mcu.externaltools.gnu-tools-for-stm32.12.3.rel1.macos64_1.0.200.202406191456/tools/bin/../lib/gcc/arm-none-eabi/12.3.1/../../../../arm-none-eabi/lib/thumb/v7e-m+fp/hard/libc_nano.a(libc_a-init.o)
                              /Applications/STM32CubeIDE.app/Contents/Eclipse/plugins/com.st.stm32cube.ide.mcu.externaltools.gnu-tools-for-stm32.12.3.rel1.macos64_1.0.200.202406191456/tools/bin/../lib/gcc/arm-none-eabi/12.3.1/../../../../arm-none-eabi/lib/thumb/v7e-m+fp/hard/crt0.o (__libc_init_array)
/Applications/STM32CubeIDE.app/Contents/Eclipse/plugins/com.st.stm32cube.ide.mcu.externaltools.gnu-tools-for-stm32.12.3.rel1.macos64_1.0.200.202406191456/tools/bin/../lib/gcc/arm-none-eabi/12.3.1/../../../../arm-none-eabi/lib/thumb/v7e-m+fp/hard/libc_nano.a(libc_a-lock.o)
                              /Applications/STM32CubeIDE.app/Contents/Eclipse/plugins/com.st.stm32cube.ide.mcu.externaltools.gnu-tools-for-stm32.12.3.rel1.macos64_1.0.200.202406191456/tools/bin/../lib/gcc/arm-none-eabi/12.3.1/../../../../arm-none-eabi/lib/thumb/v7e-m+fp/hard/libc_nano.a(libc_a-findfp.o) (__retarget_lock_init_recursive)
[...]
Memory Configuration

Name             Origin             Length             Attributes
CCMRAM           0x10000000         0x00010000         xrw
RAM              0x20000000         0x00030000         xrw
FLASH            0x08000000         0x00200000         xr
*default*        0x00000000         0xffffffff

Linker script and memory map

LOAD /Applications/STM32CubeIDE.app/Contents/Eclipse/plugins/com.st.stm32cube.ide.mcu.externaltools.gnu-tools-for-stm32.12.3.rel1.macos64_1.0.200.202406191456/tools/bin/../lib/gcc/arm-none-eabi/12.3.1/thumb/v7e-m+fp/hard/crti.o
LOAD /Applications/STM32CubeIDE.app/Contents/Eclipse/plugins/com.st.stm32cube.ide.mcu.externaltools.gnu-tools-for-stm32.12.3.rel1.macos64_1.0.200.202406191456/tools/bin/../lib/gcc/arm-none-eabi/12.3.1/thumb/v7e-m+fp/hard/crtbegin.o
LOAD /Applications/STM32CubeIDE.app/Contents/Eclipse/plugins/com.st.stm32cube.ide.mcu.externaltools.gnu-tools-for-stm32.12.3.rel1.macos64_1.0.200.202406191456/tools/bin/../lib/gcc/arm-none-eabi/12.3.1/../../../../arm-none-eabi/lib/thumb/v7e-m+fp/hard/crt0.o
LOAD ./Core/Src/buzzer.o
LOAD ./Core/Src/dma.o
LOAD ./Core/Src/fonts.o
LOAD ./Core/Src/gpio.o
LOAD ./Core/Src/i2c.o
LOAD ./Core/Src/keyboard.o
LOAD ./Core/Src/main.o
LOAD ./Core/Src/oled.o
LOAD ./Core/Src/rtc.o
LOAD ./Core/Src/screen.o
LOAD ./Core/Src/sdk_uart.o
LOAD ./Core/Src/sound.o
LOAD ./Core/Src/stm32f4xx_hal_msp.o
LOAD ./Core/Src/stm32f4xx_it.o
LOAD ./Core/Src/syscalls.o
LOAD ./Core/Src/sysmem.o
LOAD ./Core/Src/system_stm32f4xx.o
LOAD ./Core/Src/tim.o
LOAD ./Core/Src/time.o
LOAD ./Core/Src/timer.o
LOAD ./Core/Src/usart.o
LOAD ./Core/Startup/startup_stm32f427vitx.o
LOAD ./Drivers/STM32F4xx_HAL_Driver/Src/stm32f4xx_hal.o
LOAD ./Drivers/STM32F4xx_HAL_Driver/Src/stm32f4xx_hal_cortex.o
LOAD ./Drivers/STM32F4xx_HAL_Driver/Src/stm32f4xx_hal_dma.o
LOAD ./Drivers/STM32F4xx_HAL_Driver/Src/stm32f4xx_hal_dma_ex.o
LOAD ./Drivers/STM32F4xx_HAL_Driver/Src/stm32f4xx_hal_exti.o
LOAD ./Drivers/STM32F4xx_HAL_Driver/Src/stm32f4xx_hal_flash.o
LOAD ./Drivers/STM32F4xx_HAL_Driver/Src/stm32f4xx_hal_flash_ex.o
LOAD ./Drivers/STM32F4xx_HAL_Driver/Src/stm32f4xx_hal_flash_ramfunc.o
LOAD ./Drivers/STM32F4xx_HAL_Driver/Src/stm32f4xx_hal_gpio.o
LOAD ./Drivers/STM32F4xx_HAL_Driver/Src/stm32f4xx_hal_i2c.o
LOAD ./Drivers/STM32F4xx_HAL_Driver/Src/stm32f4xx_hal_i2c_ex.o
LOAD ./Drivers/STM32F4xx_HAL_Driver/Src/stm32f4xx_hal_pwr.o
LOAD ./Drivers/STM32F4xx_HAL_Driver/Src/stm32f4xx_hal_pwr_ex.o
LOAD ./Drivers/STM32F4xx_HAL_Driver/Src/stm32f4xx_hal_rcc.o
LOAD ./Drivers/STM32F4xx_HAL_Driver/Src/stm32f4xx_hal_rcc_ex.o
LOAD ./Drivers/STM32F4xx_HAL_Driver/Src/stm32f4xx_hal_rtc.o
LOAD ./Drivers/STM32F4xx_HAL_Driver/Src/stm32f4xx_hal_rtc_ex.o
LOAD ./Drivers/STM32F4xx_HAL_Driver/Src/stm32f4xx_hal_tim.o
LOAD ./Drivers/STM32F4xx_HAL_Driver/Src/stm32f4xx_hal_tim_ex.o
LOAD ./Drivers/STM32F4xx_HAL_Driver/Src/stm32f4xx_hal_uart.o
START GROUP
LOAD /Applications/STM32CubeIDE.app/Contents/Eclipse/plugins/com.st.stm32cube.ide.mcu.externaltools.gnu-tools-for-stm32.12.3.rel1.macos64_1.0.200.202406191456/tools/bin/../lib/gcc/arm-none-eabi/12.3.1/../../../../arm-none-eabi/lib/thumb/v7e-m+fp/hard/libc_nano.a
LOAD /Applications/STM32CubeIDE.app/Contents/Eclipse/plugins/com.st.stm32cube.ide.mcu.externaltools.gnu-tools-for-stm32.12.3.rel1.macos64_1.0.200.202406191456/tools/bin/../lib/gcc/arm-none-eabi/12.3.1/../../../../arm-none-eabi/lib/thumb/v7e-m+fp/hard/libm.a
END GROUP
START GROUP
LOAD /Applications/STM32CubeIDE.app/Contents/Eclipse/plugins/com.st.stm32cube.ide.mcu.externaltools.gnu-tools-for-stm32.12.3.rel1.macos64_1.0.200.202406191456/tools/bin/../lib/gcc/arm-none-eabi/12.3.1/thumb/v7e-m+fp/hard/libgcc.a
LOAD /Applications/STM32CubeIDE.app/Contents/Eclipse/plugins/com.st.stm32cube.ide.mcu.externaltools.gnu-tools-for-stm32.12.3.rel1.macos64_1.0.200.202406191456/tools/bin/../lib/gcc/arm-none-eabi/12.3.1/../../../../arm-none-eabi/lib/thumb/v7e-m+fp/hard/libc_nano.a
END GROUP
START GROUP
LOAD /Applications/STM32CubeIDE.app/Contents/Eclipse/plugins/com.st.stm32cube.ide.mcu.externaltools.gnu-tools-for-stm32.12.3.rel1.macos64_1.0.200.202406191456/tools/bin/../lib/gcc/arm-none-eabi/12.3.1/thumb/v7e-m+fp/hard/libgcc.a
LOAD /Applications/STM32CubeIDE.app/Contents/Eclipse/plugins/com.st.stm32cube.ide.mcu.externaltools.gnu-tools-for-stm32.12.3.rel1.macos64_1.0.200.202406191456/tools/bin/../lib/gcc/arm-none-eabi/12.3.1/../../../../arm-none-eabi/lib/thumb/v7e-m+fp/hard/libc_nano.a
LOAD /Applications/STM32CubeIDE.app/Contents/Eclipse/plugins/com.st.stm32cube.ide.mcu.externaltools.gnu-tools-for-stm32.12.3.rel1.macos64_1.0.200.202406191456/tools/bin/../lib/gcc/arm-none-eabi/12.3.1/../../../../arm-none-eabi/lib/thumb/v7e-m+fp/hard/libnosys.a
END GROUP
START GROUP
LOAD /Applications/STM32CubeIDE.app/Contents/Eclipse/plugins/com.st.stm32cube.ide.mcu.externaltools.gnu-tools-for-stm32.12.3.rel1.macos64_1.0.200.202406191456/tools/bin/../lib/gcc/arm-none-eabi/12.3.1/thumb/v7e-m+fp/hard/libgcc.a
LOAD /Applications/STM32CubeIDE.app/Contents/Eclipse/plugins/com.st.stm32cube.ide.mcu.externaltools.gnu-tools-for-stm32.12.3.rel1.macos64_1.0.200.202406191456/tools/bin/../lib/gcc/arm-none-eabi/12.3.1/../../../../arm-none-eabi/lib/thumb/v7e-m+fp/hard/libc_nano.a
LOAD /Applications/STM32CubeIDE.app/Contents/Eclipse/plugins/com.st.stm32cube.ide.mcu.externaltools.gnu-tools-for-stm32.12.3.rel1.macos64_1.0.200.202406191456/tools/bin/../lib/gcc/arm-none-eabi/12.3.1/../../../../arm-none-eabi/lib/thumb/v7e-m+fp/hard/libnosys.a
END GROUP
LOAD /Applications/STM32CubeIDE.app/Contents/Eclipse/plugins/com.st.stm32cube.ide.mcu.externaltools.gnu-tools-for-stm32.12.3.rel1.macos64_1.0.200.202406191456/tools/bin/../lib/gcc/arm-none-eabi/12.3.1/thumb/v7e-m+fp/hard/crtend.o
LOAD /Applications/STM32CubeIDE.app/Contents/Eclipse/plugins/com.st.stm32cube.ide.mcu.externaltools.gnu-tools-for-stm32.12.3.rel1.macos64_1.0.200.202406191456/tools/bin/../lib/gcc/arm-none-eabi/12.3.1/thumb/v7e-m+fp/hard/crtn.o
                0x20030000                        _estack = (ORIGIN (RAM) + LENGTH (RAM))
                0x00000200                        _Min_Heap_Size = 0x200
                0x00000400                        _Min_Stack_Size = 0x400

.isr_vector     0x08000000      0x1ac
                0x08000000                        . = ALIGN (0x4)
 *(.isr_vector)
 .isr_vector    0x08000000      0x1ac ./Core/Startup/startup_stm32f427vitx.o
                0x08000000                g_pfnVectors
                0x080001ac                        . = ALIGN (0x4)

.text           0x080001b0     0x8090
                0x080001b0                        . = ALIGN (0x4)
 *(.text)
 .text          0x080001b0       0x40 /Applications/STM32CubeIDE.app/Contents/Eclipse/plugins/com.st.stm32cube.ide.mcu.externaltools.gnu-tools-for-stm32.12.3.rel1.macos64_1.0.200.202406191456/tools/bin/../lib/gcc/arm-none-eabi/12.3.1/thumb/v7e-m+fp/hard/crtbegin.o
 .text          0x080001f0       0x10 /Applications/STM32CubeIDE.app/Contents/Eclipse/plugins/com.st.stm32cube.ide.mcu.externaltools.gnu-tools-for-stm32.12.3.rel1.macos64_1.0.200.202406191456/tools/bin/../lib/gcc/arm-none-eabi/12.3.1/../../../../arm-none-eabi/lib/thumb/v7e-m+fp/hard/libc_nano.a(libc_a-strlen.o)
                0x080001f0                strlen
 .text          0x08000200       0xa0 /Applications/STM32CubeIDE.app/Contents/Eclipse/plugins/com.st.stm32cube.ide.mcu.externaltools.gnu-tools-for-stm32.12.3.rel1.macos64_1.0.200.202406191456/tools/bin/../lib/gcc/arm-none-eabi/12.3.1/../../../../arm-none-eabi/lib/thumb/v7e-m+fp/hard/libc_nano.a(libc_a-memchr.o)
                0x08000200                memchr
 .text          0x080002a0       0x30 /Applications/STM32CubeIDE.app/Contents/Eclipse/plugins/com.st.stm32cube.ide.mcu.externaltools.gnu-tools-for-stm32.12.3.rel1.macos64_1.0.200.202406191456/tools/bin/../lib/gcc/arm-none-eabi/12.3.1/thumb/v7e-m+fp/hard/libgcc.a(_aeabi_uldivmod.o)
                0x080002a0                __aeabi_uldivmod
 .text          0x080002d0      0x2bc /Applications/STM32CubeIDE.app/Contents/Eclipse/plugins/com.st.stm32cube.ide.mcu.externaltools.gnu-tools-for-stm32.12.3.rel1.macos64_1.0.200.202406191456/tools/bin/../lib/gcc/arm-none-eabi/12.3.1/thumb/v7e-m+fp/hard/libgcc.a(_udivmoddi4.o)
                0x080002d0                __udivmoddi4
 .text          0x0800058c        0x4 /Applications/STM32CubeIDE.app/Contents/Eclipse/plugins/com.st.stm32cube.ide.mcu.externaltools.gnu-tools-for-stm32.12.3.rel1.macos64_1.0.200.202406191456/tools/bin/../lib/gcc/arm-none-eabi/12.3.1/thumb/v7e-m+fp/hard/libgcc.a(_dvmd_tls.o)
                0x0800058c                __aeabi_ldiv0
                0x0800058c                __aeabi_idiv0
 *(.text*)
 .text.Buzzer_Init
                0x08000590       0x1c ./Core/Src/buzzer.o
                0x08000590                Buzzer_Init
 .text.Buzzer_Set_Freq
                0x080005ac       0x30 ./Core/Src/buzzer.o
                0x080005ac                Buzzer_Set_Freq
 .text.Buzzer_Set_Volume
                0x080005dc       0x28 ./Core/Src/buzzer.o
                0x080005dc                Buzzer_Set_Volume
 .text.MX_DMA_Init
                0x08000604       0x50 ./Core/Src/dma.o
                0x08000604                MX_DMA_Init
 .text.MX_GPIO_Init
                0x08000654       0xdc ./Core/Src/gpio.o
                0x08000654                MX_GPIO_Init
 .text.MX_I2C1_Init
                0x08000730       0x80 ./Core/Src/i2c.o
                0x08000730                MX_I2C1_Init
 .text.HAL_I2C_MspInit
                0x080007b0      0x17c ./Core/Src/i2c.o
                0x080007b0                HAL_I2C_MspInit
 .text.Set_Keyboard
                0x0800092c       0x64 ./Core/Src/keyboard.o
                0x0800092c                Set_Keyboard
 .text.get_pressed_keys
                0x08000990      0x1cc ./Core/Src/keyboard.o
                0x08000990                get_pressed_keys
 .text.PCA9538_Read_Register
                0x08000b5c       0x40 ./Core/Src/keyboard.o
                0x08000b5c                PCA9538_Read_Register
 .text.PCA9538_Write_Register
                0x08000b9c       0x40 ./Core/Src/keyboard.o
                0x08000b9c                PCA9538_Write_Register
 .text.PCA9538_Read_Inputs
                0x08000bdc       0x22 ./Core/Src/keyboard.o
                0x08000bdc                PCA9538_Read_Inputs
 .text.get_pressed_key
                0x08000bfe       0x3c ./Core/Src/keyboard.o
                0x08000bfe                get_pressed_key
 *fill*         0x08000c3a        0x2 
 .text.main     0x08000c3c       0xbc ./Core/Src/main.o
                0x08000c3c                main
 .text.SystemClock_Config
                0x08000cf8       0xe4 ./Core/Src/main.o
                0x08000cf8                SystemClock_Config
 .text.Error_Handler
                0x08000ddc        0xc ./Core/Src/main.o
                0x08000ddc                Error_Handler
 .text.oled_WriteCommand
                0x08000de8       0x30 ./Core/Src/oled.o
 .text.oled_Init
                0x08000e18       0xd8 ./Core/Src/oled.o
                0x08000e18                oled_Init
 .text.oled_Fill
                0x08000ef0       0x48 ./Core/Src/oled.o
                0x08000ef0                oled_Fill
 .text.oled_UpdateScreen
                0x08000f38       0x60 ./Core/Src/oled.o
                0x08000f38                oled_UpdateScreen
 .text.oled_DrawPixel
                0x08000f98       0xc0 ./Core/Src/oled.o
                0x08000f98                oled_DrawPixel
 .text.oled_WriteChar
                0x08001058      0x100 ./Core/Src/oled.o
                0x08001058                oled_WriteChar
 .text.oled_WriteString
                0x08001158       0x4c ./Core/Src/oled.o
                0x08001158                oled_WriteString
 .text.oled_SetCursor
                0x080011a4       0x30 ./Core/Src/oled.o
                0x080011a4                oled_SetCursor
 .text.oled_WriteTime
                0x080011d4       0x32 ./Core/Src/oled.o
                0x080011d4                oled_WriteTime
 *fill*         0x08001206        0x2 
 .text.MX_RTC_Init
                0x08001208      0x118 ./Core/Src/rtc.o
                0x08001208                MX_RTC_Init
 .text.HAL_RTC_MspInit
                0x08001320       0x54 ./Core/Src/rtc.o
                0x08001320                HAL_RTC_MspInit
 .text.UART_Transmit
                0x08001374       0x2c ./Core/Src/sdk_uart.o
                0x08001374                UART_Transmit
 .text.HAL_MspInit
                0x080013a0       0x50 ./Core/Src/stm32f4xx_hal_msp.o
                0x080013a0                HAL_MspInit
 .text.NMI_Handler
                0x080013f0        0x8 ./Core/Src/stm32f4xx_it.o
                0x080013f0                NMI_Handler
 .text.HardFault_Handler
                0x080013f8        0x8 ./Core/Src/stm32f4xx_it.o
                0x080013f8                HardFault_Handler
 .text.MemManage_Handler
                0x08001400        0x8 ./Core/Src/stm32f4xx_it.o
                0x08001400                MemManage_Handler
 .text.BusFault_Handler
                0x08001408        0x8 ./Core/Src/stm32f4xx_it.o
                0x08001408                BusFault_Handler
 .text.UsageFault_Handler
                0x08001410        0x8 ./Core/Src/stm32f4xx_it.o
                0x08001410                UsageFault_Handler
 .text.SVC_Handler
                0x08001418        0xe ./Core/Src/stm32f4xx_it.o
                0x08001418                SVC_Handler
 .text.DebugMon_Handler
                0x08001426        0xe ./Core/Src/stm32f4xx_it.o
                0x08001426                DebugMon_Handler
 .text.PendSV_Handler
                0x08001434        0xe ./Core/Src/stm32f4xx_it.o
                0x08001434                PendSV_Handler
 .text.SysTick_Handler
                0x08001442        0xc ./Core/Src/stm32f4xx_it.o
                0x08001442                SysTick_Handler
 *fill*         0x0800144e        0x2 
 .text.DMA1_Stream0_IRQHandler
                0x08001450       0x14 ./Core/Src/stm32f4xx_it.o
                0x08001450                DMA1_Stream0_IRQHandler
 .text.DMA1_Stream6_IRQHandler
                0x08001464       0x14 ./Core/Src/stm32f4xx_it.o
                0x08001464                DMA1_Stream6_IRQHandler
 .text.I2C1_EV_IRQHandler
                0x08001478       0x14 ./Core/Src/stm32f4xx_it.o
                0x08001478                I2C1_EV_IRQHandler
 .text.I2C1_ER_IRQHandler
                0x0800148c       0x14 ./Core/Src/stm32f4xx_it.o
                0x0800148c                I2C1_ER_IRQHandler
 .text._sbrk    0x080014a0       0x6c ./Core/Src/sysmem.o
                0x080014a0                _sbrk
 .text.SystemInit
                0x0800150c       0x24 ./Core/Src/system_stm32f4xx.o
                0x0800150c                SystemInit
 .text.MX_TIM2_Init
                0x08001530       0xb0 ./Core/Src/tim.o
                0x08001530                MX_TIM2_Init
 .text.HAL_TIM_PWM_MspInit
                0x080015e0       0x40 ./Core/Src/tim.o
                0x080015e0                HAL_TIM_PWM_MspInit
 .text.HAL_TIM_MspPostInit
                0x08001620       0xc0 ./Core/Src/tim.o
                0x08001620                HAL_TIM_MspPostInit
 .text.seconds_to_time
                0x080016e0       0xa0 ./Core/Src/time.o
                0x080016e0                seconds_to_time
 .text.time_to_string
                0x08001780       0x38 ./Core/Src/time.o
                0x08001780                time_to_string
 .text.handle_time_end
                0x080017b8       0x24 ./Core/Src/timer.o
 .text.timer_tick
                0x080017dc       0x78 ./Core/Src/timer.o
                0x080017dc                timer_tick
 .text.get_time
                0x08001854       0x18 ./Core/Src/timer.o
                0x08001854                get_time
 .text.handle_key_click
                0x0800186c      0x148 ./Core/Src/timer.o
                0x0800186c                handle_key_click
 .text.update_timer_time
                0x080019b4       0x44 ./Core/Src/timer.o
                0x080019b4                update_timer_time
 .text.MX_USART6_UART_Init
                0x080019f8       0x54 ./Core/Src/usart.o
                0x080019f8                MX_USART6_UART_Init
 .text.HAL_UART_MspInit
                0x08001a4c       0x90 ./Core/Src/usart.o
                0x08001a4c                HAL_UART_MspInit
 .text.Reset_Handler
                0x08001adc       0x50 ./Core/Startup/startup_stm32f427vitx.o
                0x08001adc                Reset_Handler
 .text.Default_Handler
                0x08001b2c        0x2 ./Core/Startup/startup_stm32f427vitx.o
                0x08001b2c                DMA1_Stream3_IRQHandler
                0x08001b2c                HASH_RNG_IRQHandler
                0x08001b2c                EXTI2_IRQHandler
                0x08001b2c                TIM8_CC_IRQHandler
                0x08001b2c                UART8_IRQHandler
                0x08001b2c                SPI4_IRQHandler
                0x08001b2c                TIM1_CC_IRQHandler
                0x08001b2c                DMA2_Stream5_IRQHandler
                0x08001b2c                DMA1_Stream5_IRQHandler
                0x08001b2c                PVD_IRQHandler
                0x08001b2c                SDIO_IRQHandler
                0x08001b2c                TAMP_STAMP_IRQHandler
                0x08001b2c                CAN2_RX1_IRQHandler
                0x08001b2c                EXTI3_IRQHandler
                0x08001b2c                TIM8_TRG_COM_TIM14_IRQHandler
                0x08001b2c                TIM1_UP_TIM10_IRQHandler
                0x08001b2c                TIM8_UP_TIM13_IRQHandler
                0x08001b2c                I2C3_ER_IRQHandler
                0x08001b2c                EXTI0_IRQHandler
                0x08001b2c                I2C2_EV_IRQHandler
                0x08001b2c                DMA1_Stream2_IRQHandler
                0x08001b2c                CAN1_RX0_IRQHandler
                0x08001b2c                FPU_IRQHandler
                0x08001b2c                OTG_HS_WKUP_IRQHandler
                0x08001b2c                CAN2_SCE_IRQHandler
                0x08001b2c                DMA2_Stream2_IRQHandler
                0x08001b2c                SPI1_IRQHandler
                0x08001b2c                TIM6_DAC_IRQHandler
                0x08001b2c                TIM1_BRK_TIM9_IRQHandler
                0x08001b2c                DCMI_IRQHandler
                0x08001b2c                CAN2_RX0_IRQHandler
                0x08001b2c                DMA2_Stream3_IRQHandler
                0x08001b2c                USART6_IRQHandler
                0x08001b2c                USART3_IRQHandler
                0x08001b2c                CAN1_RX1_IRQHandler
                0x08001b2c                UART5_IRQHandler
                0x08001b2c                DMA2_Stream0_IRQHandler
                0x08001b2c                TIM4_IRQHandler
                0x08001b2c                DMA1_Stream1_IRQHandler
                0x08001b2c                UART4_IRQHandler
                0x08001b2c                TIM3_IRQHandler
                0x08001b2c                RCC_IRQHandler
                0x08001b2c                TIM8_BRK_TIM12_IRQHandler
                0x08001b2c                Default_Handler
                0x08001b2c                EXTI15_10_IRQHandler
                0x08001b2c                ADC_IRQHandler
                0x08001b2c                DMA1_Stream7_IRQHandler
                0x08001b2c                SPI5_IRQHandler
                0x08001b2c                TIM7_IRQHandler
                0x08001b2c                CAN2_TX_IRQHandler
                0x08001b2c                TIM5_IRQHandler
                0x08001b2c                DMA2_Stream7_IRQHandler
                0x08001b2c                I2C3_EV_IRQHandler
                0x08001b2c                EXTI9_5_IRQHandler
                0x08001b2c                RTC_WKUP_IRQHandler
                0x08001b2c                ETH_WKUP_IRQHandler
                0x08001b2c                SPI2_IRQHandler
                0x08001b2c                OTG_HS_EP1_IN_IRQHandler
                0x08001b2c                CAN1_TX_IRQHandler
                0x08001b2c                EXTI4_IRQHandler
                0x08001b2c                ETH_IRQHandler
                0x08001b2c                OTG_HS_EP1_OUT_IRQHandler
                0x08001b2c                WWDG_IRQHandler
                0x08001b2c                SPI6_IRQHandler
                0x08001b2c                TIM2_IRQHandler
                0x08001b2c                OTG_FS_WKUP_IRQHandler
                0x08001b2c                TIM1_TRG_COM_TIM11_IRQHandler
                0x08001b2c                OTG_HS_IRQHandler
                0x08001b2c                DMA2D_IRQHandler
                0x08001b2c                EXTI1_IRQHandler
                0x08001b2c                UART7_IRQHandler
                0x08001b2c                USART2_IRQHandler
                0x08001b2c                I2C2_ER_IRQHandler
                0x08001b2c                DMA2_Stream1_IRQHandler
                0x08001b2c                CAN1_SCE_IRQHandler
                0x08001b2c                FLASH_IRQHandler
                0x08001b2c                DMA2_Stream4_IRQHandler
                0x08001b2c                USART1_IRQHandler
                0x08001b2c                OTG_FS_IRQHandler
                0x08001b2c                SPI3_IRQHandler
                0x08001b2c                DMA1_Stream4_IRQHandler
                0x08001b2c                FMC_IRQHandler
                0x08001b2c                DMA2_Stream6_IRQHandler
                0x08001b2c                SAI1_IRQHandler
                0x08001b2c                RTC_Alarm_IRQHandler
 *fill*         0x08001b2e        0x2 
 .text.HAL_Init
                0x08001b30       0x44 ./Drivers/STM32F4xx_HAL_Driver/Src/stm32f4xx_hal.o
                0x08001b30                HAL_Init
 .text.HAL_InitTick
                0x08001b74       0x60 ./Drivers/STM32F4xx_HAL_Driver/Src/stm32f4xx_hal.o
                0x08001b74                HAL_InitTick
 .text.HAL_IncTick
                0x08001bd4       0x28 ./Drivers/STM32F4xx_HAL_Driver/Src/stm32f4xx_hal.o
                0x08001bd4                HAL_IncTick
 .text.HAL_GetTick
                0x08001bfc       0x18 ./Drivers/STM32F4xx_HAL_Driver/Src/stm32f4xx_hal.o
                0x08001bfc                HAL_GetTick
 .text.HAL_Delay
                0x08001c14       0x48 ./Drivers/STM32F4xx_HAL_Driver/Src/stm32f4xx_hal.o
                0x08001c14                HAL_Delay
 .text.__NVIC_SetPriorityGrouping
                0x08001c5c       0x48 ./Drivers/STM32F4xx_HAL_Driver/Src/stm32f4xx_hal_cortex.o
 .text.__NVIC_GetPriorityGrouping
                0x08001ca4       0x1c ./Drivers/STM32F4xx_HAL_Driver/Src/stm32f4xx_hal_cortex.o
 .text.__NVIC_EnableIRQ
                0x08001cc0       0x3c ./Drivers/STM32F4xx_HAL_Driver/Src/stm32f4xx_hal_cortex.o
 .text.__NVIC_SetPriority
                0x08001cfc       0x54 ./Drivers/STM32F4xx_HAL_Driver/Src/stm32f4xx_hal_cortex.o
 .text.NVIC_EncodePriority
                0x08001d50       0x66 ./Drivers/STM32F4xx_HAL_Driver/Src/stm32f4xx_hal_cortex.o
 *fill*         0x08001db6        0x2 
 .text.SysTick_Config
                0x08001db8       0x44 ./Drivers/STM32F4xx_HAL_Driver/Src/stm32f4xx_hal_cortex.o
 .text.HAL_NVIC_SetPriorityGrouping
                0x08001dfc       0x16 ./Drivers/STM32F4xx_HAL_Driver/Src/stm32f4xx_hal_cortex.o
                0x08001dfc                HAL_NVIC_SetPriorityGrouping
 .text.HAL_NVIC_SetPriority
                0x08001e12       0x38 ./Drivers/STM32F4xx_HAL_Driver/Src/stm32f4xx_hal_cortex.o
                0x08001e12                HAL_NVIC_SetPriority
 .text.HAL_NVIC_EnableIRQ
                0x08001e4a       0x1c ./Drivers/STM32F4xx_HAL_Driver/Src/stm32f4xx_hal_cortex.o
                0x08001e4a                HAL_NVIC_EnableIRQ
 .text.HAL_SYSTICK_Config
                0x08001e66       0x18 ./Drivers/STM32F4xx_HAL_Driver/Src/stm32f4xx_hal_cortex.o
                0x08001e66                HAL_SYSTICK_Config
 *fill*         0x08001e7e        0x2 
 .text.HAL_DMA_Init
                0x08001e80      0x15c ./Drivers/STM32F4xx_HAL_Driver/Src/stm32f4xx_hal_dma.o
                0x08001e80                HAL_DMA_Init
 .text.HAL_DMA_Abort_IT
                0x08001fdc       0x44 ./Drivers/STM32F4xx_HAL_Driver/Src/stm32f4xx_hal_dma.o
                0x08001fdc                HAL_DMA_Abort_IT
 .text.HAL_DMA_IRQHandler
                0x08002020      0x314 ./Drivers/STM32F4xx_HAL_Driver/Src/stm32f4xx_hal_dma.o
                0x08002020                HAL_DMA_IRQHandler
 .text.HAL_DMA_GetState
                0x08002334       0x1c ./Drivers/STM32F4xx_HAL_Driver/Src/stm32f4xx_hal_dma.o
                0x08002334                HAL_DMA_GetState
 .text.DMA_CalcBaseAndBitshift
                0x08002350       0x6c ./Drivers/STM32F4xx_HAL_Driver/Src/stm32f4xx_hal_dma.o
 .text.DMA_CheckFifoParam
                0x080023bc       0xf8 ./Drivers/STM32F4xx_HAL_Driver/Src/stm32f4xx_hal_dma.o
 .text.HAL_GPIO_Init
                0x080024b4      0x358 ./Drivers/STM32F4xx_HAL_Driver/Src/stm32f4xx_hal_gpio.o
                0x080024b4                HAL_GPIO_Init
 .text.HAL_GPIO_WritePin
                0x0800280c       0x32 ./Drivers/STM32F4xx_HAL_Driver/Src/stm32f4xx_hal_gpio.o
                0x0800280c                HAL_GPIO_WritePin
 *fill*         0x0800283e        0x2 
 .text.HAL_I2C_Init
                0x08002840      0x288 ./Drivers/STM32F4xx_HAL_Driver/Src/stm32f4xx_hal_i2c.o
                0x08002840                HAL_I2C_Init
 .text.I2C_Flush_DR
                0x08002ac8       0x2a ./Drivers/STM32F4xx_HAL_Driver/Src/stm32f4xx_hal_i2c.o
 *fill*         0x08002af2        0x2 
 .text.HAL_I2C_Mem_Write
                0x08002af4      0x1f4 ./Drivers/STM32F4xx_HAL_Driver/Src/stm32f4xx_hal_i2c.o
                0x08002af4                HAL_I2C_Mem_Write
 .text.HAL_I2C_Mem_Read
                0x08002ce8      0x464 ./Drivers/STM32F4xx_HAL_Driver/Src/stm32f4xx_hal_i2c.o
                0x08002ce8                HAL_I2C_Mem_Read
 .text.HAL_I2C_EV_IRQHandler
                0x0800314c      0x2a6 ./Drivers/STM32F4xx_HAL_Driver/Src/stm32f4xx_hal_i2c.o
                0x0800314c                HAL_I2C_EV_IRQHandler
 .text.HAL_I2C_ER_IRQHandler
                0x080033f2      0x13e ./Drivers/STM32F4xx_HAL_Driver/Src/stm32f4xx_hal_i2c.o
                0x080033f2                HAL_I2C_ER_IRQHandler
 .text.HAL_I2C_MasterTxCpltCallback
                0x08003530       0x14 ./Drivers/STM32F4xx_HAL_Driver/Src/stm32f4xx_hal_i2c.o
                0x08003530                HAL_I2C_MasterTxCpltCallback
 .text.HAL_I2C_MasterRxCpltCallback
                0x08003544       0x14 ./Drivers/STM32F4xx_HAL_Driver/Src/stm32f4xx_hal_i2c.o
                0x08003544                HAL_I2C_MasterRxCpltCallback
 .text.HAL_I2C_SlaveTxCpltCallback
                0x08003558       0x14 ./Drivers/STM32F4xx_HAL_Driver/Src/stm32f4xx_hal_i2c.o
                0x08003558                HAL_I2C_SlaveTxCpltCallback
 .text.HAL_I2C_SlaveRxCpltCallback
                0x0800356c       0x14 ./Drivers/STM32F4xx_HAL_Driver/Src/stm32f4xx_hal_i2c.o
                0x0800356c                HAL_I2C_SlaveRxCpltCallback
 .text.HAL_I2C_AddrCallback
                0x08003580       0x1c ./Drivers/STM32F4xx_HAL_Driver/Src/stm32f4xx_hal_i2c.o
                0x08003580                HAL_I2C_AddrCallback
 .text.HAL_I2C_ListenCpltCallback
                0x0800359c       0x14 ./Drivers/STM32F4xx_HAL_Driver/Src/stm32f4xx_hal_i2c.o
                0x0800359c                HAL_I2C_ListenCpltCallback
 .text.HAL_I2C_MemTxCpltCallback
                0x080035b0       0x14 ./Drivers/STM32F4xx_HAL_Driver/Src/stm32f4xx_hal_i2c.o
                0x080035b0                HAL_I2C_MemTxCpltCallback
 .text.HAL_I2C_MemRxCpltCallback
                0x080035c4       0x14 ./Drivers/STM32F4xx_HAL_Driver/Src/stm32f4xx_hal_i2c.o
                0x080035c4                HAL_I2C_MemRxCpltCallback
 .text.HAL_I2C_ErrorCallback
                0x080035d8       0x14 ./Drivers/STM32F4xx_HAL_Driver/Src/stm32f4xx_hal_i2c.o
                0x080035d8                HAL_I2C_ErrorCallback
 .text.HAL_I2C_AbortCpltCallback
                0x080035ec       0x14 ./Drivers/STM32F4xx_HAL_Driver/Src/stm32f4xx_hal_i2c.o
                0x080035ec                HAL_I2C_AbortCpltCallback
 .text.I2C_MasterTransmit_TXE
                0x08003600      0x138 ./Drivers/STM32F4xx_HAL_Driver/Src/stm32f4xx_hal_i2c.o
 .text.I2C_MasterTransmit_BTF
                0x08003738       0xec ./Drivers/STM32F4xx_HAL_Driver/Src/stm32f4xx_hal_i2c.o
 .text.I2C_MemoryTransmit_TXE_BTF
                0x08003824      0x130 ./Drivers/STM32F4xx_HAL_Driver/Src/stm32f4xx_hal_i2c.o
 .text.I2C_MasterReceive_RXNE
                0x08003954      0x190 ./Drivers/STM32F4xx_HAL_Driver/Src/stm32f4xx_hal_i2c.o
 .text.I2C_MasterReceive_BTF
                0x08003ae4      0x1ea ./Drivers/STM32F4xx_HAL_Driver/Src/stm32f4xx_hal_i2c.o
 .text.I2C_Master_SB
                0x08003cce      0x10c ./Drivers/STM32F4xx_HAL_Driver/Src/stm32f4xx_hal_i2c.o
 .text.I2C_Master_ADD10
                0x08003dda       0x54 ./Drivers/STM32F4xx_HAL_Driver/Src/stm32f4xx_hal_i2c.o
 .text.I2C_Master_ADDR
                0x08003e2e      0x322 ./Drivers/STM32F4xx_HAL_Driver/Src/stm32f4xx_hal_i2c.o
 .text.I2C_SlaveTransmit_TXE
                0x08004150       0x7a ./Drivers/STM32F4xx_HAL_Driver/Src/stm32f4xx_hal_i2c.o
 .text.I2C_SlaveTransmit_BTF
                0x080041ca       0x42 ./Drivers/STM32F4xx_HAL_Driver/Src/stm32f4xx_hal_i2c.o
 .text.I2C_SlaveReceive_RXNE
                0x0800420c       0x7c ./Drivers/STM32F4xx_HAL_Driver/Src/stm32f4xx_hal_i2c.o
 .text.I2C_SlaveReceive_BTF
                0x08004288       0x44 ./Drivers/STM32F4xx_HAL_Driver/Src/stm32f4xx_hal_i2c.o
 .text.I2C_Slave_ADDR
                0x080042cc       0x90 ./Drivers/STM32F4xx_HAL_Driver/Src/stm32f4xx_hal_i2c.o
 .text.I2C_Slave_STOPF
                0x0800435c      0x260 ./Drivers/STM32F4xx_HAL_Driver/Src/stm32f4xx_hal_i2c.o
 .text.I2C_Slave_AF
                0x080045bc       0xe8 ./Drivers/STM32F4xx_HAL_Driver/Src/stm32f4xx_hal_i2c.o
 .text.I2C_ITError
                0x080046a4      0x264 ./Drivers/STM32F4xx_HAL_Driver/Src/stm32f4xx_hal_i2c.o
 .text.I2C_RequestMemoryWrite
                0x08004908      0x12c ./Drivers/STM32F4xx_HAL_Driver/Src/stm32f4xx_hal_i2c.o
 .text.I2C_RequestMemoryRead
                0x08004a34      0x1d0 ./Drivers/STM32F4xx_HAL_Driver/Src/stm32f4xx_hal_i2c.o
 .text.I2C_DMAAbort
                0x08004c04      0x150 ./Drivers/STM32F4xx_HAL_Driver/Src/stm32f4xx_hal_i2c.o
 .text.I2C_WaitOnFlagUntilTimeout
                0x08004d54       0xf4 ./Drivers/STM32F4xx_HAL_Driver/Src/stm32f4xx_hal_i2c.o
 .text.I2C_WaitOnMasterAddressFlagUntilTimeout
                0x08004e48      0x140 ./Drivers/STM32F4xx_HAL_Driver/Src/stm32f4xx_hal_i2c.o
 .text.I2C_WaitOnTXEFlagUntilTimeout
                0x08004f88       0x90 ./Drivers/STM32F4xx_HAL_Driver/Src/stm32f4xx_hal_i2c.o
 .text.I2C_WaitOnBTFFlagUntilTimeout
                0x08005018       0x90 ./Drivers/STM32F4xx_HAL_Driver/Src/stm32f4xx_hal_i2c.o
 .text.I2C_WaitOnSTOPRequestThroughIT
                0x080050a8       0x64 ./Drivers/STM32F4xx_HAL_Driver/Src/stm32f4xx_hal_i2c.o
 .text.I2C_WaitOnRXNEFlagUntilTimeout
                0x0800510c       0xba ./Drivers/STM32F4xx_HAL_Driver/Src/stm32f4xx_hal_i2c.o
 .text.I2C_IsAcknowledgeFailed
                0x080051c6       0x5e ./Drivers/STM32F4xx_HAL_Driver/Src/stm32f4xx_hal_i2c.o
 .text.I2C_ConvertOtherXferOptions
                0x08005224       0x36 ./Drivers/STM32F4xx_HAL_Driver/Src/stm32f4xx_hal_i2c.o
 .text.HAL_I2CEx_ConfigAnalogFilter
                0x0800525a       0x78 ./Drivers/STM32F4xx_HAL_Driver/Src/stm32f4xx_hal_i2c_ex.o
                0x0800525a                HAL_I2CEx_ConfigAnalogFilter
 .text.HAL_I2CEx_ConfigDigitalFilter
                0x080052d2       0x7e ./Drivers/STM32F4xx_HAL_Driver/Src/stm32f4xx_hal_i2c_ex.o
                0x080052d2                HAL_I2CEx_ConfigDigitalFilter
 .text.HAL_PWREx_EnableOverDrive
                0x08005350       0xa0 ./Drivers/STM32F4xx_HAL_Driver/Src/stm32f4xx_hal_pwr_ex.o
                0x08005350                HAL_PWREx_EnableOverDrive
 .text.HAL_RCC_OscConfig
                0x080053f0      0x4f0 ./Drivers/STM32F4xx_HAL_Driver/Src/stm32f4xx_hal_rcc.o
                0x080053f0                HAL_RCC_OscConfig
 .text.HAL_RCC_ClockConfig
                0x080058e0      0x1cc ./Drivers/STM32F4xx_HAL_Driver/Src/stm32f4xx_hal_rcc.o
                0x080058e0                HAL_RCC_ClockConfig
 .text.HAL_RCC_GetSysClockFreq
                0x08005aac      0x18c ./Drivers/STM32F4xx_HAL_Driver/Src/stm32f4xx_hal_rcc.o
                0x08005aac                HAL_RCC_GetSysClockFreq
 .text.HAL_RCC_GetHCLKFreq
                0x08005c38       0x18 ./Drivers/STM32F4xx_HAL_Driver/Src/stm32f4xx_hal_rcc.o
                0x08005c38                HAL_RCC_GetHCLKFreq
 .text.HAL_RCC_GetPCLK1Freq
                0x08005c50       0x28 ./Drivers/STM32F4xx_HAL_Driver/Src/stm32f4xx_hal_rcc.o
                0x08005c50                HAL_RCC_GetPCLK1Freq
 .text.HAL_RCC_GetPCLK2Freq
                0x08005c78       0x28 ./Drivers/STM32F4xx_HAL_Driver/Src/stm32f4xx_hal_rcc.o
                0x08005c78                HAL_RCC_GetPCLK2Freq
 .text.HAL_RCCEx_PeriphCLKConfig
                0x08005ca0      0x380 ./Drivers/STM32F4xx_HAL_Driver/Src/stm32f4xx_hal_rcc_ex.o
                0x08005ca0                HAL_RCCEx_PeriphCLKConfig
 .text.HAL_RTC_Init
                0x08006020      0x106 ./Drivers/STM32F4xx_HAL_Driver/Src/stm32f4xx_hal_rtc.o
                0x08006020                HAL_RTC_Init
 .text.HAL_RTC_SetTime
                0x08006126      0x134 ./Drivers/STM32F4xx_HAL_Driver/Src/stm32f4xx_hal_rtc.o
                0x08006126                HAL_RTC_SetTime
 .text.HAL_RTC_SetDate
                0x0800625a      0x108 ./Drivers/STM32F4xx_HAL_Driver/Src/stm32f4xx_hal_rtc.o
                0x0800625a                HAL_RTC_SetDate
 .text.HAL_RTC_SetAlarm
                0x08006362      0x254 ./Drivers/STM32F4xx_HAL_Driver/Src/stm32f4xx_hal_rtc.o
                0x08006362                HAL_RTC_SetAlarm
 *fill*         0x080065b6        0x2 
 .text.HAL_RTC_WaitForSynchro
                0x080065b8       0x4c ./Drivers/STM32F4xx_HAL_Driver/Src/stm32f4xx_hal_rtc.o
                0x080065b8                HAL_RTC_WaitForSynchro
 .text.RTC_EnterInitMode
                0x08006604       0x6e ./Drivers/STM32F4xx_HAL_Driver/Src/stm32f4xx_hal_rtc.o
                0x08006604                RTC_EnterInitMode
 .text.RTC_ExitInitMode
                0x08006672       0x4a ./Drivers/STM32F4xx_HAL_Driver/Src/stm32f4xx_hal_rtc.o
                0x08006672                RTC_ExitInitMode
 .text.RTC_ByteToBcd2
                0x080066bc       0x3c ./Drivers/STM32F4xx_HAL_Driver/Src/stm32f4xx_hal_rtc.o
                0x080066bc                RTC_ByteToBcd2
 .text.HAL_TIM_OC_Start
                0x080066f8      0x190 ./Drivers/STM32F4xx_HAL_Driver/Src/stm32f4xx_hal_tim.o
                0x080066f8                HAL_TIM_OC_Start
 .text.HAL_TIM_PWM_Init
                0x08006888       0x9e ./Drivers/STM32F4xx_HAL_Driver/Src/stm32f4xx_hal_tim.o
                0x08006888                HAL_TIM_PWM_Init
 *fill*         0x08006926        0x2 
 .text.HAL_TIM_PWM_ConfigChannel
                0x08006928      0x184 ./Drivers/STM32F4xx_HAL_Driver/Src/stm32f4xx_hal_tim.o
                0x08006928                HAL_TIM_PWM_ConfigChannel
 .text.TIM_Base_SetConfig
                0x08006aac      0x158 ./Drivers/STM32F4xx_HAL_Driver/Src/stm32f4xx_hal_tim.o
                0x08006aac                TIM_Base_SetConfig
 .text.TIM_OC1_SetConfig
                0x08006c04       0xe0 ./Drivers/STM32F4xx_HAL_Driver/Src/stm32f4xx_hal_tim.o
 .text.TIM_OC2_SetConfig
                0x08006ce4       0xec ./Drivers/STM32F4xx_HAL_Driver/Src/stm32f4xx_hal_tim.o
                0x08006ce4                TIM_OC2_SetConfig
 .text.TIM_OC3_SetConfig
                0x08006dd0       0xe8 ./Drivers/STM32F4xx_HAL_Driver/Src/stm32f4xx_hal_tim.o
 .text.TIM_OC4_SetConfig
                0x08006eb8       0xac ./Drivers/STM32F4xx_HAL_Driver/Src/stm32f4xx_hal_tim.o
 .text.TIM_CCxChannelCmd
                0x08006f64       0x4a ./Drivers/STM32F4xx_HAL_Driver/Src/stm32f4xx_hal_tim.o
                0x08006f64                TIM_CCxChannelCmd
 *fill*         0x08006fae        0x2 
 .text.HAL_TIMEx_MasterConfigSynchronization
                0x08006fb0       0xf8 ./Drivers/STM32F4xx_HAL_Driver/Src/stm32f4xx_hal_tim_ex.o
                0x08006fb0                HAL_TIMEx_MasterConfigSynchronization
 .text.HAL_UART_Init
                0x080070a8       0xa0 ./Drivers/STM32F4xx_HAL_Driver/Src/stm32f4xx_hal_uart.o
                0x080070a8                HAL_UART_Init
 .text.HAL_UART_Transmit
                0x08007148      0x116 ./Drivers/STM32F4xx_HAL_Driver/Src/stm32f4xx_hal_uart.o
                0x08007148                HAL_UART_Transmit
 .text.UART_WaitOnFlagUntilTimeout
                0x0800725e       0xb2 ./Drivers/STM32F4xx_HAL_Driver/Src/stm32f4xx_hal_uart.o
 .text.UART_EndRxTransfer
                0x08007310       0xc6 ./Drivers/STM32F4xx_HAL_Driver/Src/stm32f4xx_hal_uart.o
 *fill*         0x080073d6        0x2 
 .text.UART_SetConfig
                0x080073d8      0x4e8 ./Drivers/STM32F4xx_HAL_Driver/Src/stm32f4xx_hal_uart.o
 .text.snprintf
                0x080078c0       0x68 /Applications/STM32CubeIDE.app/Contents/Eclipse/plugins/com.st.stm32cube.ide.mcu.externaltools.gnu-tools-for-stm32.12.3.rel1.macos64_1.0.200.202406191456/tools/bin/../lib/gcc/arm-none-eabi/12.3.1/../../../../arm-none-eabi/lib/thumb/v7e-m+fp/hard/libc_nano.a(libc_a-snprintf.o)
                0x080078c0                snprintf
                0x080078c0                sniprintf
 .text.memset   0x08007928       0x10 /Applications/STM32CubeIDE.app/Contents/Eclipse/plugins/com.st.stm32cube.ide.mcu.externaltools.gnu-tools-for-stm32.12.3.rel1.macos64_1.0.200.202406191456/tools/bin/../lib/gcc/arm-none-eabi/12.3.1/../../../../arm-none-eabi/lib/thumb/v7e-m+fp/hard/libc_nano.a(libc_a-memset.o)
                0x08007928                memset
 .text.__errno  0x08007938        0xc /Applications/STM32CubeIDE.app/Contents/Eclipse/plugins/com.st.stm32cube.ide.mcu.externaltools.gnu-tools-for-stm32.12.3.rel1.macos64_1.0.200.202406191456/tools/bin/../lib/gcc/arm-none-eabi/12.3.1/../../../../arm-none-eabi/lib/thumb/v7e-m+fp/hard/libc_nano.a(libc_a-errno.o)
                0x08007938                __errno
 .text.__libc_init_array
                0x08007944       0x48 /Applications/STM32CubeIDE.app/Contents/Eclipse/plugins/com.st.stm32cube.ide.mcu.externaltools.gnu-tools-for-stm32.12.3.rel1.macos64_1.0.200.202406191456/tools/bin/../lib/gcc/arm-none-eabi/12.3.1/../../../../arm-none-eabi/lib/thumb/v7e-m+fp/hard/libc_nano.a(libc_a-init.o)
                0x08007944                __libc_init_array
 .text.__retarget_lock_acquire_recursive
                0x0800798c        0x2 /Applications/STM32CubeIDE.app/Contents/Eclipse/plugins/com.st.stm32cube.ide.mcu.externaltools.gnu-tools-for-stm32.12.3.rel1.macos64_1.0.200.202406191456/tools/bin/../lib/gcc/arm-none-eabi/12.3.1/../../../../arm-none-eabi/lib/thumb/v7e-m+fp/hard/libc_nano.a(libc_a-lock.o)
                0x0800798c                __retarget_lock_acquire_recursive
 .text.__retarget_lock_release_recursive
                0x0800798e        0x2 /Applications/STM32CubeIDE.app/Contents/Eclipse/plugins/com.st.stm32cube.ide.mcu.externaltools.gnu-tools-for-stm32.12.3.rel1.macos64_1.0.200.202406191456/tools/bin/../lib/gcc/arm-none-eabi/12.3.1/../../../../arm-none-eabi/lib/thumb/v7e-m+fp/hard/libc_nano.a(libc_a-lock.o)
                0x0800798e                __retarget_lock_release_recursive
 .text.__ssputs_r
                0x08007990       0xb6 /Applications/STM32CubeIDE.app/Contents/Eclipse/plugins/com.st.stm32cube.ide.mcu.externaltools.gnu-tools-for-stm32.12.3.rel1.macos64_1.0.200.202406191456/tools/bin/../lib/gcc/arm-none-eabi/12.3.1/../../../../arm-none-eabi/lib/thumb/v7e-m+fp/hard/libc_nano.a(libc_a-nano-svfprintf.o)
                0x08007990                __ssputs_r
 *fill*         0x08007a46        0x2 
 .text._svfprintf_r
                0x08007a48      0x1f8 /Applications/STM32CubeIDE.app/Contents/Eclipse/plugins/com.st.stm32cube.ide.mcu.externaltools.gnu-tools-for-stm32.12.3.rel1.macos64_1.0.200.202406191456/tools/bin/../lib/gcc/arm-none-eabi/12.3.1/../../../../arm-none-eabi/lib/thumb/v7e-m+fp/hard/libc_nano.a(libc_a-nano-svfprintf.o)
                0x08007a48                _svfprintf_r
                0x08007a48                _svfiprintf_r
 .text.sbrk_aligned
                0x08007c40       0x44 /Applications/STM32CubeIDE.app/Contents/Eclipse/plugins/com.st.stm32cube.ide.mcu.externaltools.gnu-tools-for-stm32.12.3.rel1.macos64_1.0.200.202406191456/tools/bin/../lib/gcc/arm-none-eabi/12.3.1/../../../../arm-none-eabi/lib/thumb/v7e-m+fp/hard/libc_nano.a(libc_a-mallocr.o)
 .text._malloc_r
                0x08007c84      0x100 /Applications/STM32CubeIDE.app/Contents/Eclipse/plugins/com.st.stm32cube.ide.mcu.externaltools.gnu-tools-for-stm32.12.3.rel1.macos64_1.0.200.202406191456/tools/bin/../lib/gcc/arm-none-eabi/12.3.1/../../../../arm-none-eabi/lib/thumb/v7e-m+fp/hard/libc_nano.a(libc_a-mallocr.o)
                0x08007c84                _malloc_r
 .text._printf_common
                0x08007d84       0xda /Applications/STM32CubeIDE.app/Contents/Eclipse/plugins/com.st.stm32cube.ide.mcu.externaltools.gnu-tools-for-stm32.12.3.rel1.macos64_1.0.200.202406191456/tools/bin/../lib/gcc/arm-none-eabi/12.3.1/../../../../arm-none-eabi/lib/thumb/v7e-m+fp/hard/libc_nano.a(libc_a-nano-vfprintf_i.o)
                0x08007d84                _printf_common
 *fill*         0x08007e5e        0x2 
 .text._printf_i
                0x08007e60      0x240 /Applications/STM32CubeIDE.app/Contents/Eclipse/plugins/com.st.stm32cube.ide.mcu.externaltools.gnu-tools-for-stm32.12.3.rel1.macos64_1.0.200.202406191456/tools/bin/../lib/gcc/arm-none-eabi/12.3.1/../../../../arm-none-eabi/lib/thumb/v7e-m+fp/hard/libc_nano.a(libc_a-nano-vfprintf_i.o)
                0x08007e60                _printf_i
 .text.__malloc_lock
                0x080080a0        0xc /Applications/STM32CubeIDE.app/Contents/Eclipse/plugins/com.st.stm32cube.ide.mcu.externaltools.gnu-tools-for-stm32.12.3.rel1.macos64_1.0.200.202406191456/tools/bin/../lib/gcc/arm-none-eabi/12.3.1/../../../../arm-none-eabi/lib/thumb/v7e-m+fp/hard/libc_nano.a(libc_a-mlock.o)
                0x080080a0                __malloc_lock
 .text.__malloc_unlock
                0x080080ac        0xc /Applications/STM32CubeIDE.app/Contents/Eclipse/plugins/com.st.stm32cube.ide.mcu.externaltools.gnu-tools-for-stm32.12.3.rel1.macos64_1.0.200.202406191456/tools/bin/../lib/gcc/arm-none-eabi/12.3.1/../../../../arm-none-eabi/lib/thumb/v7e-m+fp/hard/libc_nano.a(libc_a-mlock.o)
                0x080080ac                __malloc_unlock
 .text._realloc_r
                0x080080b8       0x5c /Applications/STM32CubeIDE.app/Contents/Eclipse/plugins/com.st.stm32cube.ide.mcu.externaltools.gnu-tools-for-stm32.12.3.rel1.macos64_1.0.200.202406191456/tools/bin/../lib/gcc/arm-none-eabi/12.3.1/../../../../arm-none-eabi/lib/thumb/v7e-m+fp/hard/libc_nano.a(libc_a-reallocr.o)
                0x080080b8                _realloc_r
 .text.memmove  0x08008114       0x34 /Applications/STM32CubeIDE.app/Contents/Eclipse/plugins/com.st.stm32cube.ide.mcu.externaltools.gnu-tools-for-stm32.12.3.rel1.macos64_1.0.200.202406191456/tools/bin/../lib/gcc/arm-none-eabi/12.3.1/../../../../arm-none-eabi/lib/thumb/v7e-m+fp/hard/libc_nano.a(libc_a-memmove.o)
                0x08008114                memmove
 .text._sbrk_r  0x08008148       0x20 /Applications/STM32CubeIDE.app/Contents/Eclipse/plugins/com.st.stm32cube.ide.mcu.externaltools.gnu-tools-for-stm32.12.3.rel1.macos64_1.0.200.202406191456/tools/bin/../lib/gcc/arm-none-eabi/12.3.1/../../../../arm-none-eabi/lib/thumb/v7e-m+fp/hard/libc_nano.a(libc_a-sbrkr.o)
                0x08008148                _sbrk_r
 .text.memcpy   0x08008168       0x1c /Applications/STM32CubeIDE.app/Contents/Eclipse/plugins/com.st.stm32cube.ide.mcu.externaltools.gnu-tools-for-stm32.12.3.rel1.macos64_1.0.200.202406191456/tools/bin/../lib/gcc/arm-none-eabi/12.3.1/../../../../arm-none-eabi/lib/thumb/v7e-m+fp/hard/libc_nano.a(libc_a-memcpy-stub.o)
                0x08008168                memcpy
 .text._free_r  0x08008184       0x94 /Applications/STM32CubeIDE.app/Contents/Eclipse/plugins/com.st.stm32cube.ide.mcu.externaltools.gnu-tools-for-stm32.12.3.rel1.macos64_1.0.200.202406191456/tools/bin/../lib/gcc/arm-none-eabi/12.3.1/../../../../arm-none-eabi/lib/thumb/v7e-m+fp/hard/libc_nano.a(libc_a-freer.o)
                0x08008184                _free_r
 .text._malloc_usable_size_r
                0x08008218       0x10 /Applications/STM32CubeIDE.app/Contents/Eclipse/plugins/com.st.stm32cube.ide.mcu.externaltools.gnu-tools-for-stm32.12.3.rel1.macos64_1.0.200.202406191456/tools/bin/../lib/gcc/arm-none-eabi/12.3.1/../../../../arm-none-eabi/lib/thumb/v7e-m+fp/hard/libc_nano.a(libc_a-msizer.o)
                0x08008218                _malloc_usable_size_r
 *(.glue_7)
 .glue_7        0x08008228        0x0 linker stubs
 *(.glue_7t)
 .glue_7t       0x08008228        0x0 linker stubs
 *(.eh_frame)
 .eh_frame      0x08008228        0x0 /Applications/STM32CubeIDE.app/Contents/Eclipse/plugins/com.st.stm32cube.ide.mcu.externaltools.gnu-tools-for-stm32.12.3.rel1.macos64_1.0.200.202406191456/tools/bin/../lib/gcc/arm-none-eabi/12.3.1/thumb/v7e-m+fp/hard/crtbegin.o
 *(.init)
 .init          0x08008228        0x4 /Applications/STM32CubeIDE.app/Contents/Eclipse/plugins/com.st.stm32cube.ide.mcu.externaltools.gnu-tools-for-stm32.12.3.rel1.macos64_1.0.200.202406191456/tools/bin/../lib/gcc/arm-none-eabi/12.3.1/thumb/v7e-m+fp/hard/crti.o
                0x08008228                _init
 .init          0x0800822c        0x8 /Applications/STM32CubeIDE.app/Contents/Eclipse/plugins/com.st.stm32cube.ide.mcu.externaltools.gnu-tools-for-stm32.12.3.rel1.macos64_1.0.200.202406191456/tools/bin/../lib/gcc/arm-none-eabi/12.3.1/thumb/v7e-m+fp/hard/crtn.o
 *(.fini)
 .fini          0x08008234        0x4 /Applications/STM32CubeIDE.app/Contents/Eclipse/plugins/com.st.stm32cube.ide.mcu.externaltools.gnu-tools-for-stm32.12.3.rel1.macos64_1.0.200.202406191456/tools/bin/../lib/gcc/arm-none-eabi/12.3.1/thumb/v7e-m+fp/hard/crti.o
                0x08008234                _fini
 .fini          0x08008238        0x8 /Applications/STM32CubeIDE.app/Contents/Eclipse/plugins/com.st.stm32cube.ide.mcu.externaltools.gnu-tools-for-stm32.12.3.rel1.macos64_1.0.200.202406191456/tools/bin/../lib/gcc/arm-none-eabi/12.3.1/thumb/v7e-m+fp/hard/crtn.o
                0x08008240                        . = ALIGN (0x4)
                0x08008240                        _etext = .

.vfp11_veneer   0x08008240        0x0
 .vfp11_veneer  0x08008240        0x0 linker stubs

.v4_bx          0x08008240        0x0
 .v4_bx         0x08008240        0x0 linker stubs

.iplt           0x08008240        0x0
 .iplt          0x08008240        0x0 /Applications/STM32CubeIDE.app/Contents/Eclipse/plugins/com.st.stm32cube.ide.mcu.externaltools.gnu-tools-for-stm32.12.3.rel1.macos64_1.0.200.202406191456/tools/bin/../lib/gcc/arm-none-eabi/12.3.1/thumb/v7e-m+fp/hard/crtbegin.o

.rodata         0x08008240      0xe50
                0x08008240                        . = ALIGN (0x4)
 *(.rodata)
 .rodata        0x08008240       0x8e ./Core/Src/keyboard.o
 *fill*         0x080082ce        0x2 
 .rodata        0x080082d0        0xf ./Core/Src/time.o
 *(.rodata*)
 *fill*         0x080082df        0x1 
 .rodata.Font11x18
                0x080082e0      0xd5c ./Core/Src/fonts.o
 .rodata.AHBPrescTable
                0x0800903c       0x10 ./Core/Src/system_stm32f4xx.o
                0x0800903c                AHBPrescTable
 .rodata.APBPrescTable
                0x0800904c        0x8 ./Core/Src/system_stm32f4xx.o
                0x0800904c                APBPrescTable
 .rodata.flagBitshiftOffset.0
                0x08009054        0x8 ./Drivers/STM32F4xx_HAL_Driver/Src/stm32f4xx_hal_dma.o
 .rodata._svfprintf_r.str1.1
                0x0800905c       0x11 /Applications/STM32CubeIDE.app/Contents/Eclipse/plugins/com.st.stm32cube.ide.mcu.externaltools.gnu-tools-for-stm32.12.3.rel1.macos64_1.0.200.202406191456/tools/bin/../lib/gcc/arm-none-eabi/12.3.1/../../../../arm-none-eabi/lib/thumb/v7e-m+fp/hard/libc_nano.a(libc_a-nano-svfprintf.o)
 .rodata._printf_i.str1.1
                0x0800906d       0x22 /Applications/STM32CubeIDE.app/Contents/Eclipse/plugins/com.st.stm32cube.ide.mcu.externaltools.gnu-tools-for-stm32.12.3.rel1.macos64_1.0.200.202406191456/tools/bin/../lib/gcc/arm-none-eabi/12.3.1/../../../../arm-none-eabi/lib/thumb/v7e-m+fp/hard/libc_nano.a(libc_a-nano-vfprintf_i.o)
                0x08009090                        . = ALIGN (0x4)
 *fill*         0x0800908f        0x1 

.ARM.extab      0x08009090        0x0
                0x08009090                        . = ALIGN (0x4)
 *(.ARM.extab* .gnu.linkonce.armextab.*)
                0x08009090                        . = ALIGN (0x4)

.ARM            0x08009090        0x8
                0x08009090                        . = ALIGN (0x4)
                0x08009090                        __exidx_start = .
 *(.ARM.exidx*)
 .ARM.exidx     0x08009090        0x8 /Applications/STM32CubeIDE.app/Contents/Eclipse/plugins/com.st.stm32cube.ide.mcu.externaltools.gnu-tools-for-stm32.12.3.rel1.macos64_1.0.200.202406191456/tools/bin/../lib/gcc/arm-none-eabi/12.3.1/../../../../arm-none-eabi/lib/thumb/v7e-m+fp/hard/libc_nano.a(libc_a-strlen.o)
 .ARM.exidx     0x08009098        0x0 /Applications/STM32CubeIDE.app/Contents/Eclipse/plugins/com.st.stm32cube.ide.mcu.externaltools.gnu-tools-for-stm32.12.3.rel1.macos64_1.0.200.202406191456/tools/bin/../lib/gcc/arm-none-eabi/12.3.1/../../../../arm-none-eabi/lib/thumb/v7e-m+fp/hard/libc_nano.a(libc_a-memchr.o)
                                  0x8 (size before relaxing)
 .ARM.exidx     0x08009098        0x0 /Applications/STM32CubeIDE.app/Contents/Eclipse/plugins/com.st.stm32cube.ide.mcu.externaltools.gnu-tools-for-stm32.12.3.rel1.macos64_1.0.200.202406191456/tools/bin/../lib/gcc/arm-none-eabi/12.3.1/thumb/v7e-m+fp/hard/libgcc.a(_udivmoddi4.o)
                                  0x8 (size before relaxing)
                0x08009098                        __exidx_end = .
                0x08009098                        . = ALIGN (0x4)

.preinit_array  0x08009098        0x0
                0x08009098                        . = ALIGN (0x4)
                0x08009098                        PROVIDE (__preinit_array_start = .)
 *(.preinit_array*)
                0x08009098                        PROVIDE (__preinit_array_end = .)
                0x08009098                        . = ALIGN (0x4)

.init_array     0x08009098        0x4
                0x08009098                        . = ALIGN (0x4)
                0x08009098                        PROVIDE (__init_array_start = .)
 *(SORT_BY_NAME(.init_array.*))
 *(.init_array*)
 .init_array    0x08009098        0x4 /Applications/STM32CubeIDE.app/Contents/Eclipse/plugins/com.st.stm32cube.ide.mcu.externaltools.gnu-tools-for-stm32.12.3.rel1.macos64_1.0.200.202406191456/tools/bin/../lib/gcc/arm-none-eabi/12.3.1/thumb/v7e-m+fp/hard/crtbegin.o
                0x0800909c                        PROVIDE (__init_array_end = .)
                0x0800909c                        . = ALIGN (0x4)

.fini_array     0x0800909c        0x4
                0x0800909c                        . = ALIGN (0x4)
                [!provide]                        PROVIDE (__fini_array_start = .)
 *(SORT_BY_NAME(.fini_array.*))
 *(.fini_array*)
 .fini_array    0x0800909c        0x4 /Applications/STM32CubeIDE.app/Contents/Eclipse/plugins/com.st.stm32cube.ide.mcu.externaltools.gnu-tools-for-stm32.12.3.rel1.macos64_1.0.200.202406191456/tools/bin/../lib/gcc/arm-none-eabi/12.3.1/thumb/v7e-m+fp/hard/crtbegin.o
                [!provide]                        PROVIDE (__fini_array_end = .)
                0x080090a0                        . = ALIGN (0x4)
                0x080090a0                        _sidata = LOADADDR (.data)

.rel.dyn        0x080090a0        0x0
 .rel.iplt      0x080090a0        0x0 /Applications/STM32CubeIDE.app/Contents/Eclipse/plugins/com.st.stm32cube.ide.mcu.externaltools.gnu-tools-for-stm32.12.3.rel1.macos64_1.0.200.202406191456/tools/bin/../lib/gcc/arm-none-eabi/12.3.1/thumb/v7e-m+fp/hard/crtbegin.o

.data           0x20000000       0x68 load address 0x080090a0
                0x20000000                        . = ALIGN (0x4)
                0x20000000                        _sdata = .
 *(.data)
 *(.data*)
 .data.Font_11x18
                0x20000000        0x8 ./Core/Src/fonts.o
                0x20000000                Font_11x18
 .data.SystemCoreClock
                0x20000008        0x4 ./Core/Src/system_stm32f4xx.o
                0x20000008                SystemCoreClock
 .data.last_key
                0x2000000c        0x1 ./Core/Src/timer.o
 *fill*         0x2000000d        0x3 
 .data.uwTickPrio
                0x20000010        0x4 ./Drivers/STM32F4xx_HAL_Driver/Src/stm32f4xx_hal.o
                0x20000010                uwTickPrio
 .data.uwTickFreq
                0x20000014        0x1 ./Drivers/STM32F4xx_HAL_Driver/Src/stm32f4xx_hal.o
                0x20000014                uwTickFreq
 *fill*         0x20000015        0x3 
 .data._impure_ptr
                0x20000018        0x4 /Applications/STM32CubeIDE.app/Contents/Eclipse/plugins/com.st.stm32cube.ide.mcu.externaltools.gnu-tools-for-stm32.12.3.rel1.macos64_1.0.200.202406191456/tools/bin/../lib/gcc/arm-none-eabi/12.3.1/../../../../arm-none-eabi/lib/thumb/v7e-m+fp/hard/libc_nano.a(libc_a-impure.o)
                0x20000018                _impure_ptr
 .data._impure_data
                0x2000001c       0x4c /Applications/STM32CubeIDE.app/Contents/Eclipse/plugins/com.st.stm32cube.ide.mcu.externaltools.gnu-tools-for-stm32.12.3.rel1.macos64_1.0.200.202406191456/tools/bin/../lib/gcc/arm-none-eabi/12.3.1/../../../../arm-none-eabi/lib/thumb/v7e-m+fp/hard/libc_nano.a(libc_a-impure.o)
                0x2000001c                _impure_data
 *(.RamFunc)
 *(.RamFunc*)
                0x20000068                        . = ALIGN (0x4)
                0x20000068                        _edata = .
                0x08009108                        _siccmram = LOADADDR (.ccmram)

.igot.plt       0x20000068        0x0 load address 0x08009108
 .igot.plt      0x20000068        0x0 /Applications/STM32CubeIDE.app/Contents/Eclipse/plugins/com.st.stm32cube.ide.mcu.externaltools.gnu-tools-for-stm32.12.3.rel1.macos64_1.0.200.202406191456/tools/bin/../lib/gcc/arm-none-eabi/12.3.1/thumb/v7e-m+fp/hard/crtbegin.o

.ccmram         0x10000000        0x0 load address 0x08009108
                0x10000000                        . = ALIGN (0x4)
                0x10000000                        _sccmram = .
 *(.ccmram)
 *(.ccmram*)
                0x10000000                        . = ALIGN (0x4)
                0x10000000                        _eccmram = .
                0x10000000                        . = ALIGN (0x4)

.bss            0x20000068      0x750
                0x20000068                        _sbss = .
                0x20000068                        __bss_start__ = _sbss
 *(.bss)
 .bss           0x20000068       0x1c /Applications/STM32CubeIDE.app/Contents/Eclipse/plugins/com.st.stm32cube.ide.mcu.externaltools.gnu-tools-for-stm32.12.3.rel1.macos64_1.0.200.202406191456/tools/bin/../lib/gcc/arm-none-eabi/12.3.1/thumb/v7e-m+fp/hard/crtbegin.o
 *(.bss*)
 .bss.hi2c1     0x20000084       0x54 ./Core/Src/i2c.o
                0x20000084                hi2c1
 .bss.hdma_i2c1_tx
                0x200000d8       0x60 ./Core/Src/i2c.o
                0x200000d8                hdma_i2c1_tx
 .bss.hdma_i2c1_rx
                0x20000138       0x60 ./Core/Src/i2c.o
                0x20000138                hdma_i2c1_rx
 .bss.last_time
                0x20000198        0x4 ./Core/Src/main.o
                0x20000198                last_time
 .bss.OLED_Buffer
                0x2000019c      0x400 ./Core/Src/oled.o
 .bss.OLED      0x2000059c        0x6 ./Core/Src/oled.o
 *fill*         0x200005a2        0x2 
 .bss.hrtc      0x200005a4       0x20 ./Core/Src/rtc.o
                0x200005a4                hrtc
 .bss.__sbrk_heap_end
                0x200005c4        0x4 ./Core/Src/sysmem.o
 .bss.htim2     0x200005c8       0x48 ./Core/Src/tim.o
                0x200005c8                htim2
 .bss.time      0x20000610        0x4 ./Core/Src/timer.o
 .bss.time_hour
                0x20000614        0x4 ./Core/Src/timer.o
 .bss.time_min  0x20000618        0x4 ./Core/Src/timer.o
 .bss.time_sec  0x2000061c        0x4 ./Core/Src/timer.o
 .bss.mojno     0x20000620        0x4 ./Core/Src/timer.o
 .bss.huart6    0x20000624       0x48 ./Core/Src/usart.o
                0x20000624                huart6
 .bss.uwTick    0x2000066c        0x4 ./Drivers/STM32F4xx_HAL_Driver/Src/stm32f4xx_hal.o
                0x2000066c                uwTick
 .bss.__sf      0x20000670      0x138 /Applications/STM32CubeIDE.app/Contents/Eclipse/plugins/com.st.stm32cube.ide.mcu.externaltools.gnu-tools-for-stm32.12.3.rel1.macos64_1.0.200.202406191456/tools/bin/../lib/gcc/arm-none-eabi/12.3.1/../../../../arm-none-eabi/lib/thumb/v7e-m+fp/hard/libc_nano.a(libc_a-findfp.o)
                0x20000670                __sf
 .bss.__lock___malloc_recursive_mutex
                0x200007a8        0x1 /Applications/STM32CubeIDE.app/Contents/Eclipse/plugins/com.st.stm32cube.ide.mcu.externaltools.gnu-tools-for-stm32.12.3.rel1.macos64_1.0.200.202406191456/tools/bin/../lib/gcc/arm-none-eabi/12.3.1/../../../../arm-none-eabi/lib/thumb/v7e-m+fp/hard/libc_nano.a(libc_a-lock.o)
                0x200007a8                __lock___malloc_recursive_mutex
 *fill*         0x200007a9        0x3 
 .bss.__malloc_sbrk_start
                0x200007ac        0x4 /Applications/STM32CubeIDE.app/Contents/Eclipse/plugins/com.st.stm32cube.ide.mcu.externaltools.gnu-tools-for-stm32.12.3.rel1.macos64_1.0.200.202406191456/tools/bin/../lib/gcc/arm-none-eabi/12.3.1/../../../../arm-none-eabi/lib/thumb/v7e-m+fp/hard/libc_nano.a(libc_a-mallocr.o)
                0x200007ac                __malloc_sbrk_start
 .bss.__malloc_free_list
                0x200007b0        0x4 /Applications/STM32CubeIDE.app/Contents/Eclipse/plugins/com.st.stm32cube.ide.mcu.externaltools.gnu-tools-for-stm32.12.3.rel1.macos64_1.0.200.202406191456/tools/bin/../lib/gcc/arm-none-eabi/12.3.1/../../../../arm-none-eabi/lib/thumb/v7e-m+fp/hard/libc_nano.a(libc_a-mallocr.o)
                0x200007b0                __malloc_free_list
 .bss.errno     0x200007b4        0x4 /Applications/STM32CubeIDE.app/Contents/Eclipse/plugins/com.st.stm32cube.ide.mcu.externaltools.gnu-tools-for-stm32.12.3.rel1.macos64_1.0.200.202406191456/tools/bin/../lib/gcc/arm-none-eabi/12.3.1/../../../../arm-none-eabi/lib/thumb/v7e-m+fp/hard/libc_nano.a(libc_a-reent.o)
                0x200007b4                errno
 *(COMMON)
                0x200007b8                        . = ALIGN (0x4)
                0x200007b8                        _ebss = .
                0x200007b8                        __bss_end__ = _ebss

._user_heap_stack
                0x200007b8      0x600
                0x200007b8                        . = ALIGN (0x8)
                [!provide]                        PROVIDE (end = .)
                0x200007b8                        PROVIDE (_end = .)
                0x200009b8                        . = (. + _Min_Heap_Size)
 *fill*         0x200007b8      0x200 
                0x20000db8                        . = (. + _Min_Stack_Size)
 *fill*         0x200009b8      0x400 
                0x20000db8                        . = ALIGN (0x8)

/DISCARD/
 libc.a(*)
 libm.a(*)
 libgcc.a(*)

.ARM.attributes
                0x00000000       0x30
 *(.ARM.attributes)
 .ARM.attributes
                0x00000000       0x22 /Applications/STM32CubeIDE.app/Contents/Eclipse/plugins/com.st.stm32cube.ide.mcu.externaltools.gnu-tools-for-stm32.12.3.rel1.macos64_1.0.200.202406191456/tools/bin/../lib/gcc/arm-none-eabi/12.3.1/thumb/v7e-m+fp/hard/crti.o
 .ARM.attributes
                0x00000022       0x34 /Applications/STM32CubeIDE.app/Contents/Eclipse/plugins/com.st.stm32cube.ide.mcu.externaltools.gnu-tools-for-stm32.12.3.rel1.macos64_1.0.200.202406191456/tools/bin/../lib/gcc/arm-none-eabi/12.3.1/thumb/v7e-m+fp/hard/crtbegin.o
 .ARM.attributes
                0x00000056       0x34 ./Core/Src/buzzer.o
 .ARM.attributes
                0x0000008a       0x34 ./Core/Src/dma.o
 .ARM.attributes
                0x000000be       0x34 ./Core/Src/fonts.o
 .ARM.attributes
                0x000000f2       0x34 ./Core/Src/gpio.o
 .ARM.attributes
                0x00000126       0x34 ./Core/Src/i2c.o
 .ARM.attributes
                0x0000015a       0x34 ./Core/Src/keyboard.o
 .ARM.attributes
                0x0000018e       0x34 ./Core/Src/main.o
 .ARM.attributes
                0x000001c2       0x34 ./Core/Src/oled.o
 .ARM.attributes
                0x000001f6       0x34 ./Core/Src/rtc.o
 .ARM.attributes
                0x0000022a       0x34 ./Core/Src/sdk_uart.o
 .ARM.attributes
                0x0000025e       0x34 ./Core/Src/stm32f4xx_hal_msp.o
 .ARM.attributes
                0x00000292       0x34 ./Core/Src/stm32f4xx_it.o
 .ARM.attributes
                0x000002c6       0x34 ./Core/Src/sysmem.o
 .ARM.attributes
                0x000002fa       0x34 ./Core/Src/system_stm32f4xx.o
 .ARM.attributes
                0x0000032e       0x34 ./Core/Src/tim.o
 .ARM.attributes
                0x00000362       0x34 ./Core/Src/time.o
 .ARM.attributes
                0x00000396       0x34 ./Core/Src/timer.o
 .ARM.attributes
                0x000003ca       0x34 ./Core/Src/usart.o
 .ARM.attributes
                0x000003fe       0x21 ./Core/Startup/startup_stm32f427vitx.o
 .ARM.attributes
                0x0000041f       0x34 ./Drivers/STM32F4xx_HAL_Driver/Src/stm32f4xx_hal.o
 .ARM.attributes
                0x00000453       0x34 ./Drivers/STM32F4xx_HAL_Driver/Src/stm32f4xx_hal_cortex.o
 .ARM.attributes
                0x00000487       0x34 ./Drivers/STM32F4xx_HAL_Driver/Src/stm32f4xx_hal_dma.o
 .ARM.attributes
                0x000004bb       0x34 ./Drivers/STM32F4xx_HAL_Driver/Src/stm32f4xx_hal_gpio.o
 .ARM.attributes
                0x000004ef       0x34 ./Drivers/STM32F4xx_HAL_Driver/Src/stm32f4xx_hal_i2c.o
 .ARM.attributes
                0x00000523       0x34 ./Drivers/STM32F4xx_HAL_Driver/Src/stm32f4xx_hal_i2c_ex.o
 .ARM.attributes
                0x00000557       0x34 ./Drivers/STM32F4xx_HAL_Driver/Src/stm32f4xx_hal_pwr_ex.o
 .ARM.attributes
                0x0000058b       0x34 ./Drivers/STM32F4xx_HAL_Driver/Src/stm32f4xx_hal_rcc.o
 .ARM.attributes
                0x000005bf       0x34 ./Drivers/STM32F4xx_HAL_Driver/Src/stm32f4xx_hal_rcc_ex.o
 .ARM.attributes
                0x000005f3       0x34 ./Drivers/STM32F4xx_HAL_Driver/Src/stm32f4xx_hal_rtc.o
 .ARM.attributes
                0x00000627       0x34 ./Drivers/STM32F4xx_HAL_Driver/Src/stm32f4xx_hal_tim.o
 .ARM.attributes
                0x0000065b       0x34 ./Drivers/STM32F4xx_HAL_Driver/Src/stm32f4xx_hal_tim_ex.o
 .ARM.attributes
                0x0000068f       0x34 ./Drivers/STM32F4xx_HAL_Driver/Src/stm32f4xx_hal_uart.o
 .ARM.attributes
                0x000006c3       0x34 /Applications/STM32CubeIDE.app/Contents/Eclipse/plugins/com.st.stm32cube.ide.mcu.externaltools.gnu-tools-for-stm32.12.3.rel1.macos64_1.0.200.202406191456/tools/bin/../lib/gcc/arm-none-eabi/12.3.1/../../../../arm-none-eabi/lib/thumb/v7e-m+fp/hard/libc_nano.a(libc_a-snprintf.o)
 .ARM.attributes
                0x000006f7       0x34 /Applications/STM32CubeIDE.app/Contents/Eclipse/plugins/com.st.stm32cube.ide.mcu.externaltools.gnu-tools-for-stm32.12.3.rel1.macos64_1.0.200.202406191456/tools/bin/../lib/gcc/arm-none-eabi/12.3.1/../../../../arm-none-eabi/lib/thumb/v7e-m+fp/hard/libc_nano.a(libc_a-findfp.o)
 .ARM.attributes
                0x0000072b       0x34 /Applications/STM32CubeIDE.app/Contents/Eclipse/plugins/com.st.stm32cube.ide.mcu.externaltools.gnu-tools-for-stm32.12.3.rel1.macos64_1.0.200.202406191456/tools/bin/../lib/gcc/arm-none-eabi/12.3.1/../../../../arm-none-eabi/lib/thumb/v7e-m+fp/hard/libc_nano.a(libc_a-memset.o)
 .ARM.attributes
                0x0000075f       0x34 /Applications/STM32CubeIDE.app/Contents/Eclipse/plugins/com.st.stm32cube.ide.mcu.externaltools.gnu-tools-for-stm32.12.3.rel1.macos64_1.0.200.202406191456/tools/bin/../lib/gcc/arm-none-eabi/12.3.1/../../../../arm-none-eabi/lib/thumb/v7e-m+fp/hard/libc_nano.a(libc_a-impure.o)
 .ARM.attributes
                0x00000793       0x34 /Applications/STM32CubeIDE.app/Contents/Eclipse/plugins/com.st.stm32cube.ide.mcu.externaltools.gnu-tools-for-stm32.12.3.rel1.macos64_1.0.200.202406191456/tools/bin/../lib/gcc/arm-none-eabi/12.3.1/../../../../arm-none-eabi/lib/thumb/v7e-m+fp/hard/libc_nano.a(libc_a-errno.o)
 .ARM.attributes
                0x000007c7       0x34 /Applications/STM32CubeIDE.app/Contents/Eclipse/plugins/com.st.stm32cube.ide.mcu.externaltools.gnu-tools-for-stm32.12.3.rel1.macos64_1.0.200.202406191456/tools/bin/../lib/gcc/arm-none-eabi/12.3.1/../../../../arm-none-eabi/lib/thumb/v7e-m+fp/hard/libc_nano.a(libc_a-init.o)
 .ARM.attributes
                0x000007fb       0x34 /Applications/STM32CubeIDE.app/Contents/Eclipse/plugins/com.st.stm32cube.ide.mcu.externaltools.gnu-tools-for-stm32.12.3.rel1.macos64_1.0.200.202406191456/tools/bin/../lib/gcc/arm-none-eabi/12.3.1/../../../../arm-none-eabi/lib/thumb/v7e-m+fp/hard/libc_nano.a(libc_a-lock.o)
 .ARM.attributes
                0x0000082f       0x17 /Applications/STM32CubeIDE.app/Contents/Eclipse/plugins/com.st.stm32cube.ide.mcu.externaltools.gnu-tools-for-stm32.12.3.rel1.macos64_1.0.200.202406191456/tools/bin/../lib/gcc/arm-none-eabi/12.3.1/../../../../arm-none-eabi/lib/thumb/v7e-m+fp/hard/libc_nano.a(libc_a-strlen.o)
 .ARM.attributes
                0x00000846       0x34 /Applications/STM32CubeIDE.app/Contents/Eclipse/plugins/com.st.stm32cube.ide.mcu.externaltools.gnu-tools-for-stm32.12.3.rel1.macos64_1.0.200.202406191456/tools/bin/../lib/gcc/arm-none-eabi/12.3.1/../../../../arm-none-eabi/lib/thumb/v7e-m+fp/hard/libc_nano.a(libc_a-nano-svfprintf.o)
 .ARM.attributes
                0x0000087a       0x34 /Applications/STM32CubeIDE.app/Contents/Eclipse/plugins/com.st.stm32cube.ide.mcu.externaltools.gnu-tools-for-stm32.12.3.rel1.macos64_1.0.200.202406191456/tools/bin/../lib/gcc/arm-none-eabi/12.3.1/../../../../arm-none-eabi/lib/thumb/v7e-m+fp/hard/libc_nano.a(libc_a-mallocr.o)
 .ARM.attributes
                0x000008ae       0x34 /Applications/STM32CubeIDE.app/Contents/Eclipse/plugins/com.st.stm32cube.ide.mcu.externaltools.gnu-tools-for-stm32.12.3.rel1.macos64_1.0.200.202406191456/tools/bin/../lib/gcc/arm-none-eabi/12.3.1/../../../../arm-none-eabi/lib/thumb/v7e-m+fp/hard/libc_nano.a(libc_a-nano-vfprintf_i.o)
 .ARM.attributes
                0x000008e2       0x34 /Applications/STM32CubeIDE.app/Contents/Eclipse/plugins/com.st.stm32cube.ide.mcu.externaltools.gnu-tools-for-stm32.12.3.rel1.macos64_1.0.200.202406191456/tools/bin/../lib/gcc/arm-none-eabi/12.3.1/../../../../arm-none-eabi/lib/thumb/v7e-m+fp/hard/libc_nano.a(libc_a-mlock.o)
 .ARM.attributes
                0x00000916       0x34 /Applications/STM32CubeIDE.app/Contents/Eclipse/plugins/com.st.stm32cube.ide.mcu.externaltools.gnu-tools-for-stm32.12.3.rel1.macos64_1.0.200.202406191456/tools/bin/../lib/gcc/arm-none-eabi/12.3.1/../../../../arm-none-eabi/lib/thumb/v7e-m+fp/hard/libc_nano.a(libc_a-reallocr.o)
 .ARM.attributes
                0x0000094a       0x34 /Applications/STM32CubeIDE.app/Contents/Eclipse/plugins/com.st.stm32cube.ide.mcu.externaltools.gnu-tools-for-stm32.12.3.rel1.macos64_1.0.200.202406191456/tools/bin/../lib/gcc/arm-none-eabi/12.3.1/../../../../arm-none-eabi/lib/thumb/v7e-m+fp/hard/libc_nano.a(libc_a-memmove.o)
 .ARM.attributes
                0x0000097e       0x34 /Applications/STM32CubeIDE.app/Contents/Eclipse/plugins/com.st.stm32cube.ide.mcu.externaltools.gnu-tools-for-stm32.12.3.rel1.macos64_1.0.200.202406191456/tools/bin/../lib/gcc/arm-none-eabi/12.3.1/../../../../arm-none-eabi/lib/thumb/v7e-m+fp/hard/libc_nano.a(libc_a-reent.o)
 .ARM.attributes
                0x000009b2       0x34 /Applications/STM32CubeIDE.app/Contents/Eclipse/plugins/com.st.stm32cube.ide.mcu.externaltools.gnu-tools-for-stm32.12.3.rel1.macos64_1.0.200.202406191456/tools/bin/../lib/gcc/arm-none-eabi/12.3.1/../../../../arm-none-eabi/lib/thumb/v7e-m+fp/hard/libc_nano.a(libc_a-sbrkr.o)
 .ARM.attributes
                0x000009e6       0x1c /Applications/STM32CubeIDE.app/Contents/Eclipse/plugins/com.st.stm32cube.ide.mcu.externaltools.gnu-tools-for-stm32.12.3.rel1.macos64_1.0.200.202406191456/tools/bin/../lib/gcc/arm-none-eabi/12.3.1/../../../../arm-none-eabi/lib/thumb/v7e-m+fp/hard/libc_nano.a(libc_a-memchr.o)
 .ARM.attributes
                0x00000a02       0x34 /Applications/STM32CubeIDE.app/Contents/Eclipse/plugins/com.st.stm32cube.ide.mcu.externaltools.gnu-tools-for-stm32.12.3.rel1.macos64_1.0.200.202406191456/tools/bin/../lib/gcc/arm-none-eabi/12.3.1/../../../../arm-none-eabi/lib/thumb/v7e-m+fp/hard/libc_nano.a(libc_a-memcpy-stub.o)
 .ARM.attributes
                0x00000a36       0x34 /Applications/STM32CubeIDE.app/Contents/Eclipse/plugins/com.st.stm32cube.ide.mcu.externaltools.gnu-tools-for-stm32.12.3.rel1.macos64_1.0.200.202406191456/tools/bin/../lib/gcc/arm-none-eabi/12.3.1/../../../../arm-none-eabi/lib/thumb/v7e-m+fp/hard/libc_nano.a(libc_a-freer.o)
 .ARM.attributes
                0x00000a6a       0x34 /Applications/STM32CubeIDE.app/Contents/Eclipse/plugins/com.st.stm32cube.ide.mcu.externaltools.gnu-tools-for-stm32.12.3.rel1.macos64_1.0.200.202406191456/tools/bin/../lib/gcc/arm-none-eabi/12.3.1/../../../../arm-none-eabi/lib/thumb/v7e-m+fp/hard/libc_nano.a(libc_a-msizer.o)
 .ARM.attributes
                0x00000a9e       0x22 /Applications/STM32CubeIDE.app/Contents/Eclipse/plugins/com.st.stm32cube.ide.mcu.externaltools.gnu-tools-for-stm32.12.3.rel1.macos64_1.0.200.202406191456/tools/bin/../lib/gcc/arm-none-eabi/12.3.1/thumb/v7e-m+fp/hard/libgcc.a(_aeabi_uldivmod.o)
 .ARM.attributes
                0x00000ac0       0x34 /Applications/STM32CubeIDE.app/Contents/Eclipse/plugins/com.st.stm32cube.ide.mcu.externaltools.gnu-tools-for-stm32.12.3.rel1.macos64_1.0.200.202406191456/tools/bin/../lib/gcc/arm-none-eabi/12.3.1/thumb/v7e-m+fp/hard/libgcc.a(_udivmoddi4.o)
 .ARM.attributes
                0x00000af4       0x22 /Applications/STM32CubeIDE.app/Contents/Eclipse/plugins/com.st.stm32cube.ide.mcu.externaltools.gnu-tools-for-stm32.12.3.rel1.macos64_1.0.200.202406191456/tools/bin/../lib/gcc/arm-none-eabi/12.3.1/thumb/v7e-m+fp/hard/libgcc.a(_dvmd_tls.o)
 .ARM.attributes
                0x00000b16       0x22 /Applications/STM32CubeIDE.app/Contents/Eclipse/plugins/com.st.stm32cube.ide.mcu.externaltools.gnu-tools-for-stm32.12.3.rel1.macos64_1.0.200.202406191456/tools/bin/../lib/gcc/arm-none-eabi/12.3.1/thumb/v7e-m+fp/hard/crtn.o
OUTPUT(embedded-systems-lab2.elf elf32-littlearm)
LOAD linker stubs
LOAD /Applications/STM32CubeIDE.app/Contents/Eclipse/plugins/com.st.stm32cube.ide.mcu.externaltools.gnu-tools-for-stm32.12.3.rel1.macos64_1.0.200.202406191456/tools/bin/../lib/gcc/arm-none-eabi/12.3.1/../../../../arm-none-eabi/lib/thumb/v7e-m+fp/hard/libc.a
LOAD /Applications/STM32CubeIDE.app/Contents/Eclipse/plugins/com.st.stm32cube.ide.mcu.externaltools.gnu-tools-for-stm32.12.3.rel1.macos64_1.0.200.202406191456/tools/bin/../lib/gcc/arm-none-eabi/12.3.1/../../../../arm-none-eabi/lib/thumb/v7e-m+fp/hard/libm.a
LOAD /Applications/STM32CubeIDE.app/Contents/Eclipse/plugins/com.st.stm32cube.ide.mcu.externaltools.gnu-tools-for-stm32.12.3.rel1.macos64_1.0.200.202406191456/tools/bin/../lib/gcc/arm-none-eabi/12.3.1/thumb/v7e-m+fp/hard/libgcc.a

.debug_info     0x00000000    0x15a7e
 .debug_info    0x00000000      0x772 ./Core/Src/buzzer.o
 .debug_info    0x00000772      0x4ef ./Core/Src/dma.o
 .debug_info    0x00000c61      0x1a1 ./Core/Src/fonts.o
 .debug_info    0x00000e02      0x43d ./Core/Src/gpio.o
 .debug_info    0x0000123f      0xca4 ./Core/Src/i2c.o
 .debug_info    0x00001ee3      0xa9e ./Core/Src/keyboard.o
 .debug_info    0x00002981      0x947 ./Core/Src/main.o
 .debug_info    0x000032c8      0xb31 ./Core/Src/oled.o
 .debug_info    0x00003df9      0x7a7 ./Core/Src/rtc.o
 .debug_info    0x000045a0      0x690 ./Core/Src/sdk_uart.o
 .debug_info    0x00004c30      0x281 ./Core/Src/stm32f4xx_hal_msp.o
 .debug_info    0x00004eb1      0x6f8 ./Core/Src/stm32f4xx_it.o
 .debug_info    0x000055a9      0x168 ./Core/Src/sysmem.o
 .debug_info    0x00005711      0x52e ./Core/Src/system_stm32f4xx.o
 .debug_info    0x00005c3f      0xfb3 ./Core/Src/tim.o
 .debug_info    0x00006bf2      0x17c ./Core/Src/time.o
 .debug_info    0x00006d6e      0x23a ./Core/Src/timer.o
 .debug_info    0x00006fa8      0x935 ./Core/Src/usart.o
 .debug_info    0x000078dd       0x30 ./Core/Startup/startup_stm32f427vitx.o
 .debug_info    0x0000790d      0x9ae ./Drivers/STM32F4xx_HAL_Driver/Src/stm32f4xx_hal.o
 .debug_info    0x000082bb      0xdb6 ./Drivers/STM32F4xx_HAL_Driver/Src/stm32f4xx_hal_cortex.o
 .debug_info    0x00009071      0x8e7 ./Drivers/STM32F4xx_HAL_Driver/Src/stm32f4xx_hal_dma.o
 .debug_info    0x00009958      0x6db ./Drivers/STM32F4xx_HAL_Driver/Src/stm32f4xx_hal_gpio.o
 .debug_info    0x0000a033     0x2421 ./Drivers/STM32F4xx_HAL_Driver/Src/stm32f4xx_hal_i2c.o
 .debug_info    0x0000c454      0x672 ./Drivers/STM32F4xx_HAL_Driver/Src/stm32f4xx_hal_i2c_ex.o
 .debug_info    0x0000cac6      0x6be ./Drivers/STM32F4xx_HAL_Driver/Src/stm32f4xx_hal_pwr_ex.o
 .debug_info    0x0000d184      0x8c7 ./Drivers/STM32F4xx_HAL_Driver/Src/stm32f4xx_hal_rcc.o
 .debug_info    0x0000da4b      0x64c ./Drivers/STM32F4xx_HAL_Driver/Src/stm32f4xx_hal_rcc_ex.o
 .debug_info    0x0000e097      0xc20 ./Drivers/STM32F4xx_HAL_Driver/Src/stm32f4xx_hal_rtc.o
 .debug_info    0x0000ecb7     0x299d ./Drivers/STM32F4xx_HAL_Driver/Src/stm32f4xx_hal_tim.o
 .debug_info    0x00011654     0x14db ./Drivers/STM32F4xx_HAL_Driver/Src/stm32f4xx_hal_tim_ex.o
 .debug_info    0x00012b2f     0x2f4f ./Drivers/STM32F4xx_HAL_Driver/Src/stm32f4xx_hal_uart.o

.debug_abbrev   0x00000000     0x3a04
 .debug_abbrev  0x00000000      0x205 ./Core/Src/buzzer.o
 .debug_abbrev  0x00000205      0x10e ./Core/Src/dma.o
 .debug_abbrev  0x00000313       0xb3 ./Core/Src/fonts.o
 .debug_abbrev  0x000003c6      0x152 ./Core/Src/gpio.o
 .debug_abbrev  0x00000518      0x23f ./Core/Src/i2c.o
 .debug_abbrev  0x00000757      0x237 ./Core/Src/keyboard.o
 .debug_abbrev  0x0000098e      0x2a2 ./Core/Src/main.o
 .debug_abbrev  0x00000c30      0x239 ./Core/Src/oled.o
 .debug_abbrev  0x00000e69      0x199 ./Core/Src/rtc.o
 .debug_abbrev  0x00001002      0x1b1 ./Core/Src/sdk_uart.o
 .debug_abbrev  0x000011b3       0xd8 ./Core/Src/stm32f4xx_hal_msp.o
 .debug_abbrev  0x0000128b      0x16f ./Core/Src/stm32f4xx_it.o
 .debug_abbrev  0x000013fa       0xbc ./Core/Src/sysmem.o
 .debug_abbrev  0x000014b6      0x11a ./Core/Src/system_stm32f4xx.o
 .debug_abbrev  0x000015d0      0x273 ./Core/Src/tim.o
 .debug_abbrev  0x00001843       0xea ./Core/Src/time.o
 .debug_abbrev  0x0000192d      0x120 ./Core/Src/timer.o
 .debug_abbrev  0x00001a4d      0x1f9 ./Core/Src/usart.o
 .debug_abbrev  0x00001c46       0x24 ./Core/Startup/startup_stm32f427vitx.o
 .debug_abbrev  0x00001c6a      0x214 ./Drivers/STM32F4xx_HAL_Driver/Src/stm32f4xx_hal.o
 .debug_abbrev  0x00001e7e      0x31d ./Drivers/STM32F4xx_HAL_Driver/Src/stm32f4xx_hal_cortex.o
 .debug_abbrev  0x0000219b      0x264 ./Drivers/STM32F4xx_HAL_Driver/Src/stm32f4xx_hal_dma.o
 .debug_abbrev  0x000023ff      0x1d4 ./Drivers/STM32F4xx_HAL_Driver/Src/stm32f4xx_hal_gpio.o
 .debug_abbrev  0x000025d3      0x2ad ./Drivers/STM32F4xx_HAL_Driver/Src/stm32f4xx_hal_i2c.o
 .debug_abbrev  0x00002880      0x157 ./Drivers/STM32F4xx_HAL_Driver/Src/stm32f4xx_hal_i2c_ex.o
 .debug_abbrev  0x000029d7      0x1cf ./Drivers/STM32F4xx_HAL_Driver/Src/stm32f4xx_hal_pwr_ex.o
 .debug_abbrev  0x00002ba6      0x2b7 ./Drivers/STM32F4xx_HAL_Driver/Src/stm32f4xx_hal_rcc.o
 .debug_abbrev  0x00002e5d      0x1b0 ./Drivers/STM32F4xx_HAL_Driver/Src/stm32f4xx_hal_rcc_ex.o
 .debug_abbrev  0x0000300d      0x1ee ./Drivers/STM32F4xx_HAL_Driver/Src/stm32f4xx_hal_rtc.o
 .debug_abbrev  0x000031fb      0x278 ./Drivers/STM32F4xx_HAL_Driver/Src/stm32f4xx_hal_tim.o
 .debug_abbrev  0x00003473      0x283 ./Drivers/STM32F4xx_HAL_Driver/Src/stm32f4xx_hal_tim_ex.o
 .debug_abbrev  0x000036f6      0x30e ./Drivers/STM32F4xx_HAL_Driver/Src/stm32f4xx_hal_uart.o

.debug_aranges  0x00000000     0x13a0
 .debug_aranges
                0x00000000       0x38 ./Core/Src/buzzer.o
 .debug_aranges
                0x00000038       0x20 ./Core/Src/dma.o
 .debug_aranges
                0x00000058       0x18 ./Core/Src/fonts.o
 .debug_aranges
                0x00000070       0x20 ./Core/Src/gpio.o
 .debug_aranges
                0x00000090       0x30 ./Core/Src/i2c.o
 .debug_aranges
                0x000000c0       0x68 ./Core/Src/keyboard.o
 .debug_aranges
                0x00000128       0x50 ./Core/Src/main.o
 .debug_aranges
                0x00000178       0x80 ./Core/Src/oled.o
 .debug_aranges
                0x000001f8       0x30 ./Core/Src/rtc.o
 .debug_aranges
                0x00000228       0x28 ./Core/Src/sdk_uart.o
 .debug_aranges
                0x00000250       0x20 ./Core/Src/stm32f4xx_hal_msp.o
 .debug_aranges
                0x00000270       0x80 ./Core/Src/stm32f4xx_it.o
 .debug_aranges
                0x000002f0       0x20 ./Core/Src/sysmem.o
 .debug_aranges
                0x00000310       0x28 ./Core/Src/system_stm32f4xx.o
 .debug_aranges
                0x00000338       0x58 ./Core/Src/tim.o
 .debug_aranges
                0x00000390       0x28 ./Core/Src/time.o
 .debug_aranges
                0x000003b8       0x40 ./Core/Src/timer.o
 .debug_aranges
                0x000003f8       0x30 ./Core/Src/usart.o
 .debug_aranges
                0x00000428       0x28 ./Core/Startup/startup_stm32f427vitx.o
 .debug_aranges
                0x00000450      0x100 ./Drivers/STM32F4xx_HAL_Driver/Src/stm32f4xx_hal.o
 .debug_aranges
                0x00000550      0x130 ./Drivers/STM32F4xx_HAL_Driver/Src/stm32f4xx_hal_cortex.o
 .debug_aranges
                0x00000680       0x90 ./Drivers/STM32F4xx_HAL_Driver/Src/stm32f4xx_hal_dma.o
 .debug_aranges
                0x00000710       0x58 ./Drivers/STM32F4xx_HAL_Driver/Src/stm32f4xx_hal_gpio.o
 .debug_aranges
                0x00000768      0x2a8 ./Drivers/STM32F4xx_HAL_Driver/Src/stm32f4xx_hal_i2c.o
 .debug_aranges
                0x00000a10       0x28 ./Drivers/STM32F4xx_HAL_Driver/Src/stm32f4xx_hal_i2c_ex.o
 .debug_aranges
                0x00000a38       0x60 ./Drivers/STM32F4xx_HAL_Driver/Src/stm32f4xx_hal_pwr_ex.o
 .debug_aranges
                0x00000a98       0x88 ./Drivers/STM32F4xx_HAL_Driver/Src/stm32f4xx_hal_rcc.o
 .debug_aranges
                0x00000b20       0x58 ./Drivers/STM32F4xx_HAL_Driver/Src/stm32f4xx_hal_rcc_ex.o
 .debug_aranges
                0x00000b78       0xe8 ./Drivers/STM32F4xx_HAL_Driver/Src/stm32f4xx_hal_rtc.o
 .debug_aranges
                0x00000c60      0x3d0 ./Drivers/STM32F4xx_HAL_Driver/Src/stm32f4xx_hal_tim.o
 .debug_aranges
                0x00001030      0x168 ./Drivers/STM32F4xx_HAL_Driver/Src/stm32f4xx_hal_tim_ex.o
 .debug_aranges
                0x00001198      0x208 ./Drivers/STM32F4xx_HAL_Driver/Src/stm32f4xx_hal_uart.o

.debug_rnglists
                0x00000000      0xf22
 .debug_rnglists
                0x00000000       0x26 ./Core/Src/buzzer.o
 .debug_rnglists
                0x00000026       0x13 ./Core/Src/dma.o
 .debug_rnglists
                0x00000039       0x14 ./Core/Src/gpio.o
 .debug_rnglists
                0x0000004d       0x21 ./Core/Src/i2c.o
 .debug_rnglists
                0x0000006e       0x4b ./Core/Src/keyboard.o
 .debug_rnglists
                0x000000b9       0x3a ./Core/Src/main.o
 .debug_rnglists
                0x000000f3       0x5e ./Core/Src/oled.o
 .debug_rnglists
                0x00000151       0x20 ./Core/Src/rtc.o
 .debug_rnglists
                0x00000171       0x19 ./Core/Src/sdk_uart.o
 .debug_rnglists
                0x0000018a       0x13 ./Core/Src/stm32f4xx_hal_msp.o
 .debug_rnglists
                0x0000019d       0x5b ./Core/Src/stm32f4xx_it.o
 .debug_rnglists
                0x000001f8       0x13 ./Core/Src/sysmem.o
 .debug_rnglists
                0x0000020b       0x1a ./Core/Src/system_stm32f4xx.o
 .debug_rnglists
                0x00000225       0x40 ./Core/Src/tim.o
 .debug_rnglists
                0x00000265       0x1a ./Core/Src/time.o
 .debug_rnglists
                0x0000027f       0x2c ./Core/Src/timer.o
 .debug_rnglists
                0x000002ab       0x20 ./Core/Src/usart.o
 .debug_rnglists
                0x000002cb       0x19 ./Core/Startup/startup_stm32f427vitx.o
 .debug_rnglists
                0x000002e4       0xbb ./Drivers/STM32F4xx_HAL_Driver/Src/stm32f4xx_hal.o
 .debug_rnglists
                0x0000039f       0xe0 ./Drivers/STM32F4xx_HAL_Driver/Src/stm32f4xx_hal_cortex.o
 .debug_rnglists
                0x0000047f       0x70 ./Drivers/STM32F4xx_HAL_Driver/Src/stm32f4xx_hal_dma.o
 .debug_rnglists
                0x000004ef       0x3f ./Drivers/STM32F4xx_HAL_Driver/Src/stm32f4xx_hal_gpio.o
 .debug_rnglists
                0x0000052e      0x23c ./Drivers/STM32F4xx_HAL_Driver/Src/stm32f4xx_hal_i2c.o
 .debug_rnglists
                0x0000076a       0x19 ./Drivers/STM32F4xx_HAL_Driver/Src/stm32f4xx_hal_i2c_ex.o
 .debug_rnglists
                0x00000783       0x47 ./Drivers/STM32F4xx_HAL_Driver/Src/stm32f4xx_hal_pwr_ex.o
 .debug_rnglists
                0x000007ca       0x66 ./Drivers/STM32F4xx_HAL_Driver/Src/stm32f4xx_hal_rcc.o
 .debug_rnglists
                0x00000830       0x43 ./Drivers/STM32F4xx_HAL_Driver/Src/stm32f4xx_hal_rcc_ex.o
 .debug_rnglists
                0x00000873       0xb4 ./Drivers/STM32F4xx_HAL_Driver/Src/stm32f4xx_hal_rtc.o
 .debug_rnglists
                0x00000927      0x31a ./Drivers/STM32F4xx_HAL_Driver/Src/stm32f4xx_hal_tim.o
 .debug_rnglists
                0x00000c41      0x125 ./Drivers/STM32F4xx_HAL_Driver/Src/stm32f4xx_hal_tim_ex.o
 .debug_rnglists
                0x00000d66      0x1bc ./Drivers/STM32F4xx_HAL_Driver/Src/stm32f4xx_hal_uart.o

.debug_macro    0x00000000    0x26232
 .debug_macro   0x00000000      0x223 ./Core/Src/buzzer.o
 .debug_macro   0x00000223      0xab4 ./Core/Src/buzzer.o
 .debug_macro   0x00000cd7       0x22 ./Core/Src/buzzer.o
 .debug_macro   0x00000cf9       0x8e ./Core/Src/buzzer.o
 .debug_macro   0x00000d87       0x51 ./Core/Src/buzzer.o
 .debug_macro   0x00000dd8      0x103 ./Core/Src/buzzer.o
 .debug_macro   0x00000edb       0x6a ./Core/Src/buzzer.o
 .debug_macro   0x00000f45      0x1df ./Core/Src/buzzer.o
 .debug_macro   0x00001124       0x10 ./Core/Src/buzzer.o
 .debug_macro   0x00001134      0x2a7 ./Core/Src/buzzer.o
 .debug_macro   0x000013db       0x2e ./Core/Src/buzzer.o
 .debug_macro   0x00001409       0x28 ./Core/Src/buzzer.o
 .debug_macro   0x00001431       0x1c ./Core/Src/buzzer.o
 .debug_macro   0x0000144d       0x22 ./Core/Src/buzzer.o
 .debug_macro   0x0000146f       0xfb ./Core/Src/buzzer.o
 .debug_macro   0x0000156a     0x1011 ./Core/Src/buzzer.o
 .debug_macro   0x0000257b      0x11f ./Core/Src/buzzer.o
 .debug_macro   0x0000269a    0x178b5 ./Core/Src/buzzer.o
 .debug_macro   0x00019f4f       0x6d ./Core/Src/buzzer.o
 .debug_macro   0x00019fbc     0x3711 ./Core/Src/buzzer.o
 .debug_macro   0x0001d6cd      0x189 ./Core/Src/buzzer.o
 .debug_macro   0x0001d856       0x5c ./Core/Src/buzzer.o
 .debug_macro   0x0001d8b2      0xc82 ./Core/Src/buzzer.o
 .debug_macro   0x0001e534      0x9e9 ./Core/Src/buzzer.o
 .debug_macro   0x0001ef1d      0x115 ./Core/Src/buzzer.o
 .debug_macro   0x0001f032      0x16f ./Core/Src/buzzer.o
 .debug_macro   0x0001f1a1       0xa5 ./Core/Src/buzzer.o
 .debug_macro   0x0001f246      0x182 ./Core/Src/buzzer.o
 .debug_macro   0x0001f3c8      0x287 ./Core/Src/buzzer.o
 .debug_macro   0x0001f64f       0x5f ./Core/Src/buzzer.o
 .debug_macro   0x0001f6ae      0x236 ./Core/Src/buzzer.o
 .debug_macro   0x0001f8e4      0x132 ./Core/Src/buzzer.o
 .debug_macro   0x0001fa16      0x41d ./Core/Src/buzzer.o
 .debug_macro   0x0001fe33       0x2e ./Core/Src/buzzer.o
 .debug_macro   0x0001fe61      0x1b5 ./Core/Src/buzzer.o
 .debug_macro   0x00020016       0x22 ./Core/Src/buzzer.o
 .debug_macro   0x00020038       0xd6 ./Core/Src/buzzer.o
 .debug_macro   0x0002010e      0x127 ./Core/Src/buzzer.o
 .debug_macro   0x00020235       0xe2 ./Core/Src/buzzer.o
 .debug_macro   0x00020317       0x89 ./Core/Src/buzzer.o
 .debug_macro   0x000203a0      0x30c ./Core/Src/buzzer.o
 .debug_macro   0x000206ac      0x44b ./Core/Src/buzzer.o
 .debug_macro   0x00020af7       0xeb ./Core/Src/buzzer.o
 .debug_macro   0x00020be2      0x8ed ./Core/Src/buzzer.o
 .debug_macro   0x000214cf       0x4d ./Core/Src/buzzer.o
 .debug_macro   0x0002151c      0x2aa ./Core/Src/buzzer.o
 .debug_macro   0x000217c6      0x134 ./Core/Src/buzzer.o
 .debug_macro   0x000218fa      0x214 ./Core/Src/dma.o
 .debug_macro   0x00021b0e      0x20a ./Core/Src/fonts.o
 .debug_macro   0x00021d18      0x214 ./Core/Src/gpio.o
 .debug_macro   0x00021f2c      0x214 ./Core/Src/i2c.o
 .debug_macro   0x00022140      0x248 ./Core/Src/keyboard.o
 .debug_macro   0x00022388       0x22 ./Core/Src/keyboard.o
 .debug_macro   0x000223aa       0x2e ./Core/Src/keyboard.o
 .debug_macro   0x000223d8      0x2aa ./Core/Src/main.o
 .debug_macro   0x00022682       0x22 ./Core/Src/main.o
 .debug_macro   0x000226a4       0x16 ./Core/Src/main.o
 .debug_macro   0x000226ba      0x23f ./Core/Src/oled.o
 .debug_macro   0x000228f9      0x214 ./Core/Src/rtc.o
 .debug_macro   0x00022b0d      0x2ec ./Core/Src/sdk_uart.o
 .debug_macro   0x00022df9       0x61 ./Core/Src/sdk_uart.o
 .debug_macro   0x00022e5a       0x2a ./Core/Src/sdk_uart.o
 .debug_macro   0x00022e84       0x43 ./Core/Src/sdk_uart.o
 .debug_macro   0x00022ec7       0x34 ./Core/Src/sdk_uart.o
 .debug_macro   0x00022efb       0x16 ./Core/Src/sdk_uart.o
 .debug_macro   0x00022f11       0x43 ./Core/Src/sdk_uart.o
 .debug_macro   0x00022f54       0x34 ./Core/Src/sdk_uart.o
 .debug_macro   0x00022f88       0x10 ./Core/Src/sdk_uart.o
 .debug_macro   0x00022f98       0x58 ./Core/Src/sdk_uart.o
 .debug_macro   0x00022ff0       0x8e ./Core/Src/sdk_uart.o
 .debug_macro   0x0002307e       0x1c ./Core/Src/sdk_uart.o
 .debug_macro   0x0002309a      0x177 ./Core/Src/sdk_uart.o
 .debug_macro   0x00023211      0x369 ./Core/Src/sdk_uart.o
 .debug_macro   0x0002357a       0x10 ./Core/Src/sdk_uart.o
 .debug_macro   0x0002358a       0x35 ./Core/Src/sdk_uart.o
 .debug_macro   0x000235bf       0x20 ./Core/Src/sdk_uart.o
 .debug_macro   0x000235df      0x20a ./Core/Src/stm32f4xx_hal_msp.o
 .debug_macro   0x000237e9      0x214 ./Core/Src/stm32f4xx_it.o
 .debug_macro   0x000239fd       0xff ./Core/Src/sysmem.o
 .debug_macro   0x00023afc      0x23c ./Core/Src/sysmem.o
 .debug_macro   0x00023d38      0x200 ./Core/Src/system_stm32f4xx.o
 .debug_macro   0x00023f38      0x214 ./Core/Src/tim.o
 .debug_macro   0x0002414c      0x160 ./Core/Src/time.o
 .debug_macro   0x000242ac       0x16 ./Core/Src/time.o
 .debug_macro   0x000242c2       0x16 ./Core/Src/time.o
 .debug_macro   0x000242d8      0x24d ./Core/Src/timer.o
 .debug_macro   0x00024525      0x214 ./Core/Src/usart.o
 .debug_macro   0x00024739      0x260 ./Drivers/STM32F4xx_HAL_Driver/Src/stm32f4xx_hal.o
 .debug_macro   0x00024999      0x200 ./Drivers/STM32F4xx_HAL_Driver/Src/stm32f4xx_hal_cortex.o
 .debug_macro   0x00024b99      0x206 ./Drivers/STM32F4xx_HAL_Driver/Src/stm32f4xx_hal_dma.o
 .debug_macro   0x00024d9f      0x206 ./Drivers/STM32F4xx_HAL_Driver/Src/stm32f4xx_hal_gpio.o
 .debug_macro   0x00024fa5      0x24e ./Drivers/STM32F4xx_HAL_Driver/Src/stm32f4xx_hal_i2c.o
 .debug_macro   0x000251f3      0x200 ./Drivers/STM32F4xx_HAL_Driver/Src/stm32f4xx_hal_i2c_ex.o
 .debug_macro   0x000253f3      0x218 ./Drivers/STM32F4xx_HAL_Driver/Src/stm32f4xx_hal_pwr_ex.o
 .debug_macro   0x0002560b      0x224 ./Drivers/STM32F4xx_HAL_Driver/Src/stm32f4xx_hal_rcc.o
 .debug_macro   0x0002582f      0x200 ./Drivers/STM32F4xx_HAL_Driver/Src/stm32f4xx_hal_rcc_ex.o
 .debug_macro   0x00025a2f      0x201 ./Drivers/STM32F4xx_HAL_Driver/Src/stm32f4xx_hal_rtc.o
 .debug_macro   0x00025c30      0x201 ./Drivers/STM32F4xx_HAL_Driver/Src/stm32f4xx_hal_tim.o
 .debug_macro   0x00025e31      0x200 ./Drivers/STM32F4xx_HAL_Driver/Src/stm32f4xx_hal_tim_ex.o
 .debug_macro   0x00026031      0x201 ./Drivers/STM32F4xx_HAL_Driver/Src/stm32f4xx_hal_uart.o

.debug_line     0x00000000    0x1b6b9
 .debug_line    0x00000000      0x7e5 ./Core/Src/buzzer.o
 .debug_line    0x000007e5      0x743 ./Core/Src/dma.o
 .debug_line    0x00000f28      0x722 ./Core/Src/fonts.o
 .debug_line    0x0000164a      0x756 ./Core/Src/gpio.o
 .debug_line    0x00001da0      0x816 ./Core/Src/i2c.o
 .debug_line    0x000025b6      0xa45 ./Core/Src/keyboard.o
 .debug_line    0x00002ffb      0xa0b ./Core/Src/main.o
 .debug_line    0x00003a06      0xa71 ./Core/Src/oled.o
 .debug_line    0x00004477      0x7fc ./Core/Src/rtc.o
 .debug_line    0x00004c73      0x8d9 ./Core/Src/sdk_uart.o
 .debug_line    0x0000554c      0x746 ./Core/Src/stm32f4xx_hal_msp.o
 .debug_line    0x00005c92      0x868 ./Core/Src/stm32f4xx_it.o
 .debug_line    0x000064fa      0x51c ./Core/Src/sysmem.o
 .debug_line    0x00006a16      0x7ca ./Core/Src/system_stm32f4xx.o
 .debug_line    0x000071e0      0x918 ./Core/Src/tim.o
 .debug_line    0x00007af8      0x55e ./Core/Src/time.o
 .debug_line    0x00008056      0x8ad ./Core/Src/timer.o
 .debug_line    0x00008903      0x7af ./Core/Src/usart.o
 .debug_line    0x000090b2       0x7a ./Core/Startup/startup_stm32f427vitx.o
 .debug_line    0x0000912c      0xa69 ./Drivers/STM32F4xx_HAL_Driver/Src/stm32f4xx_hal.o
 .debug_line    0x00009b95      0xd25 ./Drivers/STM32F4xx_HAL_Driver/Src/stm32f4xx_hal_cortex.o
 .debug_line    0x0000a8ba      0xfa3 ./Drivers/STM32F4xx_HAL_Driver/Src/stm32f4xx_hal_dma.o
 .debug_line    0x0000b85d      0xbe7 ./Drivers/STM32F4xx_HAL_Driver/Src/stm32f4xx_hal_gpio.o
 .debug_line    0x0000c444     0x3b79 ./Drivers/STM32F4xx_HAL_Driver/Src/stm32f4xx_hal_i2c.o
 .debug_line    0x0000ffbd      0x7c0 ./Drivers/STM32F4xx_HAL_Driver/Src/stm32f4xx_hal_i2c_ex.o
 .debug_line    0x0001077d      0x95c ./Drivers/STM32F4xx_HAL_Driver/Src/stm32f4xx_hal_pwr_ex.o
 .debug_line    0x000110d9      0xdbc ./Drivers/STM32F4xx_HAL_Driver/Src/stm32f4xx_hal_rcc.o
 .debug_line    0x00011e95      0xc08 ./Drivers/STM32F4xx_HAL_Driver/Src/stm32f4xx_hal_rcc_ex.o
 .debug_line    0x00012a9d     0x1117 ./Drivers/STM32F4xx_HAL_Driver/Src/stm32f4xx_hal_rtc.o
 .debug_line    0x00013bb4     0x37d7 ./Drivers/STM32F4xx_HAL_Driver/Src/stm32f4xx_hal_tim.o
 .debug_line    0x0001738b     0x1a29 ./Drivers/STM32F4xx_HAL_Driver/Src/stm32f4xx_hal_tim_ex.o
 .debug_line    0x00018db4     0x2905 ./Drivers/STM32F4xx_HAL_Driver/Src/stm32f4xx_hal_uart.o

.debug_str      0x00000000    0xe0f50
 .debug_str     0x00000000    0xd7ded ./Core/Src/buzzer.o
                              0xd811a (size before relaxing)
 .debug_str     0x000d7ded      0x68d ./Core/Src/dma.o
                              0xd8167 (size before relaxing)
 .debug_str     0x000d847a       0x86 ./Core/Src/fonts.o
                              0xd7b44 (size before relaxing)
 .debug_str     0x000d8500       0xd8 ./Core/Src/gpio.o
                              0xd7cc8 (size before relaxing)
 .debug_str     0x000d85d8      0x330 ./Core/Src/i2c.o
                              0xd87ee (size before relaxing)
 .debug_str     0x000d8908      0x2bf ./Core/Src/keyboard.o
                              0xd82fc (size before relaxing)
 .debug_str     0x000d8bc7      0x350 ./Core/Src/main.o
                              0xd8207 (size before relaxing)
 .debug_str     0x000d8f17       0xfb ./Core/Src/oled.o
                              0xd8242 (size before relaxing)
 .debug_str     0x000d9012      0x41d ./Core/Src/rtc.o
                              0xd7fd7 (size before relaxing)
 .debug_str     0x000d942f     0x3367 ./Core/Src/sdk_uart.o
                              0xdb145 (size before relaxing)
 .debug_str     0x000dc796       0x2c ./Core/Src/stm32f4xx_hal_msp.o
                              0xd7bfd (size before relaxing)
 .debug_str     0x000dc7c2      0x15e ./Core/Src/stm32f4xx_it.o
                              0xd812f (size before relaxing)
 .debug_str     0x000dc920      0x4dc ./Core/Src/sysmem.o
                               0x60d7 (size before relaxing)
 .debug_str     0x000dcdfc       0xdb ./Core/Src/system_stm32f4xx.o
                              0xd7cad (size before relaxing)
 .debug_str     0x000dced7      0x237 ./Core/Src/tim.o
                              0xd89c5 (size before relaxing)
 .debug_str     0x000dd10e      0x654 ./Core/Src/time.o
                               0x7831 (size before relaxing)
 .debug_str     0x000dd762       0x67 ./Core/Src/timer.o
                              0xd7d01 (size before relaxing)
 .debug_str     0x000dd7c9       0x51 ./Core/Src/usart.o
                              0xd8185 (size before relaxing)
 .debug_str     0x000dd81a       0x44 ./Core/Startup/startup_stm32f427vitx.o
                                 0x8a (size before relaxing)
 .debug_str     0x000dd85e      0x63c ./Drivers/STM32F4xx_HAL_Driver/Src/stm32f4xx_hal.o
                              0xd88b9 (size before relaxing)
 .debug_str     0x000dde9a      0x366 ./Drivers/STM32F4xx_HAL_Driver/Src/stm32f4xx_hal_cortex.o
                              0xd85e7 (size before relaxing)
 .debug_str     0x000de200      0x2f4 ./Drivers/STM32F4xx_HAL_Driver/Src/stm32f4xx_hal_dma.o
                              0xd80b4 (size before relaxing)
 .debug_str     0x000de4f4      0x121 ./Drivers/STM32F4xx_HAL_Driver/Src/stm32f4xx_hal_gpio.o
                              0xd7e28 (size before relaxing)
 .debug_str     0x000de615      0xaba ./Drivers/STM32F4xx_HAL_Driver/Src/stm32f4xx_hal_i2c.o