../Core/Src/oled.c:18:13:oled_WriteCommand	32	static
../Core/Src/oled.c:23:9:oled_Init	8	static
../Core/Src/oled.c:67:6:oled_Fill	24	static
../Core/Src/oled.c:76:6:oled_UpdateScreen	32	static
../Core/Src/oled.c:88:6:oled_DrawPixel	16	static
../Core/Src/oled.c:104:6:oled_DrawHLine	32	static
../Core/Src/oled.c:109:6:oled_DrawVLine	32	static
../Core/Src/oled.c:114:6:oled_DrawSquare	24	static
../Core/Src/oled.c:120:6:oled_WriteChar	48	static
../Core/Src/oled.c:144:6:oled_WriteString	24	static
../Core/Src/oled.c:154:6:oled_SetCursor	16	static
../Core/Src/oled.c:159:6:oled_DrawBitmap	24	static
../Core/Src/oled.c:168:6:oled_WriteTime	40	static
