../Core/Src/screen.c:22:6:screen_clear	16	static
../Core/Src/screen.c:28:6:screen_fill	16	static
../Core/Src/screen.c:34:22:x_to_page_coord	16	static
../Core/Src/screen.c:38:22:y_to_page_bit_number	16	static
../Core/Src/screen.c:40:13:command_to_oled	32	static
../Core/Src/screen.c:44:13:move_cursor_x	16	static
../Core/Src/screen.c:48:13:move_cursor_start	4	static
../Core/Src/screen.c:53:6:screen_init	8	static
../Core/Src/screen.c:92:13:screen_draw_pixel	32	static
../Core/Src/screen.c:103:13:screen_write_char	32	static
../Core/Src/screen.c:114:13:screen_write_string	16	static
../Core/Src/screen.c:123:6:screen_write_time	32	static
../Core/Src/screen.c:130:6:screen_update	24	static
